Archive member included to satisfy reference by file (symbol)

c:/progra~2/gnuarm~1/102021~1.10/bin/../lib/gcc/arm-none-eabi/10.3.1/thumb/v6-m/nofp\libgcc.a(_dvmd_tls.o)
                              hw3/CMakeFiles/hw3.dir/C_/Program_Files/Raspberry_Pi/Pico_SDK_v1.5.1/pico-sdk/src/rp2_common/pico_divider/divider.S.obj (__aeabi_idiv0)
c:/progra~2/gnuarm~1/102021~1.10/bin/../lib/gcc/arm-none-eabi/10.3.1/../../../../arm-none-eabi/lib/thumb/v6-m/nofp\libg.a(lib_a-calloc.o)
                              hw3/CMakeFiles/hw3.dir/C_/Program_Files/Raspberry_Pi/Pico_SDK_v1.5.1/pico-sdk/src/rp2_common/pico_malloc/pico_malloc.c.obj (calloc)
c:/progra~2/gnuarm~1/102021~1.10/bin/../lib/gcc/arm-none-eabi/10.3.1/../../../../arm-none-eabi/lib/thumb/v6-m/nofp\libg.a(lib_a-callocr.o)
                              c:/progra~2/gnuarm~1/102021~1.10/bin/../lib/gcc/arm-none-eabi/10.3.1/../../../../arm-none-eabi/lib/thumb/v6-m/nofp\libg.a(lib_a-calloc.o) (_calloc_r)
c:/progra~2/gnuarm~1/102021~1.10/bin/../lib/gcc/arm-none-eabi/10.3.1/../../../../arm-none-eabi/lib/thumb/v6-m/nofp\libg.a(lib_a-errno.o)
                              c:/progra~2/gnuarm~1/102021~1.10/bin/../lib/gcc/arm-none-eabi/10.3.1/../../../../arm-none-eabi/lib/thumb/v6-m/nofp\libg.a(lib_a-callocr.o) (__errno)
c:/progra~2/gnuarm~1/102021~1.10/bin/../lib/gcc/arm-none-eabi/10.3.1/../../../../arm-none-eabi/lib/thumb/v6-m/nofp\libg.a(lib_a-impure.o)
                              c:/progra~2/gnuarm~1/102021~1.10/bin/../lib/gcc/arm-none-eabi/10.3.1/../../../../arm-none-eabi/lib/thumb/v6-m/nofp\libg.a(lib_a-calloc.o) (_impure_ptr)
c:/progra~2/gnuarm~1/102021~1.10/bin/../lib/gcc/arm-none-eabi/10.3.1/../../../../arm-none-eabi/lib/thumb/v6-m/nofp\libg.a(lib_a-init.o)
                              c:/progra~2/gnuarm~1/102021~1.10/bin/../lib/gcc/arm-none-eabi/10.3.1/../../../../arm-none-eabi/lib/thumb/v6-m/nofp/crt0.o (__libc_init_array)
c:/progra~2/gnuarm~1/102021~1.10/bin/../lib/gcc/arm-none-eabi/10.3.1/../../../../arm-none-eabi/lib/thumb/v6-m/nofp\libg.a(lib_a-malloc.o)
                              hw3/CMakeFiles/hw3.dir/C_/Program_Files/Raspberry_Pi/Pico_SDK_v1.5.1/pico-sdk/src/rp2_common/pico_malloc/pico_malloc.c.obj (malloc)
c:/progra~2/gnuarm~1/102021~1.10/bin/../lib/gcc/arm-none-eabi/10.3.1/../../../../arm-none-eabi/lib/thumb/v6-m/nofp\libg.a(lib_a-mallocr.o)
                              c:/progra~2/gnuarm~1/102021~1.10/bin/../lib/gcc/arm-none-eabi/10.3.1/../../../../arm-none-eabi/lib/thumb/v6-m/nofp\libg.a(lib_a-callocr.o) (_malloc_r)
c:/progra~2/gnuarm~1/102021~1.10/bin/../lib/gcc/arm-none-eabi/10.3.1/../../../../arm-none-eabi/lib/thumb/v6-m/nofp\libg.a(lib_a-mlock.o)
                              c:/progra~2/gnuarm~1/102021~1.10/bin/../lib/gcc/arm-none-eabi/10.3.1/../../../../arm-none-eabi/lib/thumb/v6-m/nofp\libg.a(lib_a-mallocr.o) (__malloc_lock)
c:/progra~2/gnuarm~1/102021~1.10/bin/../lib/gcc/arm-none-eabi/10.3.1/../../../../arm-none-eabi/lib/thumb/v6-m/nofp\libg.a(lib_a-realloc.o)
                              hw3/CMakeFiles/hw3.dir/C_/Program_Files/Raspberry_Pi/Pico_SDK_v1.5.1/pico-sdk/src/rp2_common/pico_malloc/pico_malloc.c.obj (realloc)
c:/progra~2/gnuarm~1/102021~1.10/bin/../lib/gcc/arm-none-eabi/10.3.1/../../../../arm-none-eabi/lib/thumb/v6-m/nofp\libg.a(lib_a-reallocr.o)
                              c:/progra~2/gnuarm~1/102021~1.10/bin/../lib/gcc/arm-none-eabi/10.3.1/../../../../arm-none-eabi/lib/thumb/v6-m/nofp\libg.a(lib_a-realloc.o) (_realloc_r)
c:/progra~2/gnuarm~1/102021~1.10/bin/../lib/gcc/arm-none-eabi/10.3.1/../../../../arm-none-eabi/lib/thumb/v6-m/nofp\libg.a(lib_a-sbrkr.o)
                              c:/progra~2/gnuarm~1/102021~1.10/bin/../lib/gcc/arm-none-eabi/10.3.1/../../../../arm-none-eabi/lib/thumb/v6-m/nofp\libg.a(lib_a-mallocr.o) (_sbrk_r)
c:/progra~2/gnuarm~1/102021~1.10/bin/../lib/gcc/arm-none-eabi/10.3.1/../../../../arm-none-eabi/lib/thumb/v6-m/nofp\libg.a(lib_a-scanf.o)
                              hw3/CMakeFiles/hw3.dir/hw3.c.obj (scanf)
c:/progra~2/gnuarm~1/102021~1.10/bin/../lib/gcc/arm-none-eabi/10.3.1/../../../../arm-none-eabi/lib/thumb/v6-m/nofp\libg.a(lib_a-strlen-stub.o)
                              hw3/CMakeFiles/hw3.dir/C_/Program_Files/Raspberry_Pi/Pico_SDK_v1.5.1/pico-sdk/src/rp2_common/pico_stdio/stdio.c.obj (strlen)
c:/progra~2/gnuarm~1/102021~1.10/bin/../lib/gcc/arm-none-eabi/10.3.1/../../../../arm-none-eabi/lib/thumb/v6-m/nofp\libg.a(lib_a-vfscanf.o)
                              c:/progra~2/gnuarm~1/102021~1.10/bin/../lib/gcc/arm-none-eabi/10.3.1/../../../../arm-none-eabi/lib/thumb/v6-m/nofp\libg.a(lib_a-scanf.o) (_vfscanf_r)
c:/progra~2/gnuarm~1/102021~1.10/bin/../lib/gcc/arm-none-eabi/10.3.1/../../../../arm-none-eabi/lib/thumb/v6-m/nofp\libg.a(lib_a-ctype_.o)
                              c:/progra~2/gnuarm~1/102021~1.10/bin/../lib/gcc/arm-none-eabi/10.3.1/../../../../arm-none-eabi/lib/thumb/v6-m/nofp\libg.a(lib_a-vfscanf.o) (_ctype_)
[...]
Memory Configuration

Name             Origin             Length             Attributes
FLASH            0x10000000         0x00200000         xr
RAM              0x20000000         0x00040000         xrw
SCRATCH_X        0x20040000         0x00001000         xrw
SCRATCH_Y        0x20041000         0x00001000         xrw
*default*        0x00000000         0xffffffff

Linker script and memory map

LOAD c:/progra~2/gnuarm~1/102021~1.10/bin/../lib/gcc/arm-none-eabi/10.3.1/thumb/v6-m/nofp/crti.o
LOAD c:/progra~2/gnuarm~1/102021~1.10/bin/../lib/gcc/arm-none-eabi/10.3.1/thumb/v6-m/nofp/crtbegin.o
LOAD c:/progra~2/gnuarm~1/102021~1.10/bin/../lib/gcc/arm-none-eabi/10.3.1/../../../../arm-none-eabi/lib/thumb/v6-m/nofp/crt0.o

.flash_begin    0x10000000        0x0
                0x10000000                __flash_binary_start = .

.boot2          0x10000000      0x100
                0x10000000                __boot2_start__ = .
 *(.boot2)
 .boot2         0x10000000      0x100 C:\Users\Charlie\AppData\Local\Temp\ccCuAf0f.o
                0x10000100                __boot2_end__ = .
                0x00000001                ASSERT (((__boot2_end__ - __boot2_start__) == 0x100), ERROR: Pico second stage bootloader must be 256 bytes in size)

.text           0x10000100     0xce08
                0x10000100                __logical_binary_start = .
 *(.vectors)
 .vectors       0x10000100       0xd4 hw3/CMakeFiles/hw3.dir/C_/Program_Files/Raspberry_Pi/Pico_SDK_v1.5.1/pico-sdk/src/rp2_common/pico_standard_link/crt0.S.obj
                0x10000100                __VECTOR_TABLE
                0x10000100                __vectors
                0x100001c0                isr_invalid
                0x100001c0                __default_isrs_start
                0x100001c2                isr_nmi
                0x100001c4                isr_hardfault
                0x100001c6                isr_svcall
                0x100001c8                isr_pendsv
                0x100001ca                isr_systick
                0x100001cc                isr_irq23
                0x100001cc                isr_irq18
                0x100001cc                isr_irq11
                0x100001cc                isr_irq28
                0x100001cc                isr_irq19
                0x100001cc                isr_irq0
                0x100001cc                isr_irq6
                0x100001cc                isr_irq5
                0x100001cc                isr_irq12
                0x100001cc                isr_irq22
                0x100001cc                isr_irq31
                0x100001cc                isr_irq17
                0x100001cc                isr_irq27
                0x100001cc                isr_irq30
                0x100001cc                isr_irq2
                0x100001cc                isr_irq10
                0x100001cc                isr_irq8
                0x100001cc                isr_irq24
                0x100001cc                isr_irq1
                0x100001cc                isr_irq7
                0x100001cc                isr_irq21
                0x100001cc                isr_irq20
                0x100001cc                isr_irq15
                0x100001cc                isr_irq25
                0x100001cc                isr_irq13
                0x100001cc                __unhandled_user_irq
                0x100001cc                isr_irq4
                0x100001cc                isr_irq16
                0x100001cc                isr_irq29
                0x100001cc                isr_irq26
                0x100001cc                __default_isrs_end
                0x100001cc                isr_irq3
                0x100001cc                isr_irq14
                0x100001cc                isr_irq9
                0x100001d2                unhandled_user_irq_num_in_r0
 *(.binary_info_header)
 .binary_info_header
                0x100001d4       0x14 hw3/CMakeFiles/hw3.dir/C_/Program_Files/Raspberry_Pi/Pico_SDK_v1.5.1/pico-sdk/src/rp2_common/pico_standard_link/crt0.S.obj
                0x100001e8                __binary_info_header_end = .
 *(.reset)
 .reset         0x100001e8       0xa0 hw3/CMakeFiles/hw3.dir/C_/Program_Files/Raspberry_Pi/Pico_SDK_v1.5.1/pico-sdk/src/rp2_common/pico_standard_link/crt0.S.obj
                0x100001e8                _entry_point
 .reset         0x10000288       0x30 hw3/CMakeFiles/hw3.dir/C_/Program_Files/Raspberry_Pi/Pico_SDK_v1.5.1/pico-sdk/src/rp2_common/pico_standard_link/binary_info.c.obj
 *(.init)
 .init          0x100002b8        0x4 c:/progra~2/gnuarm~1/102021~1.10/bin/../lib/gcc/arm-none-eabi/10.3.1/thumb/v6-m/nofp/crti.o
                0x100002b8                _init
 *(EXCLUDE_FILE(*libm.a: *libc.a:*lib_a-mem*.o *libgcc.a:) .text*)
 .text          0x100002bc       0x48 c:/progra~2/gnuarm~1/102021~1.10/bin/../lib/gcc/arm-none-eabi/10.3.1/thumb/v6-m/nofp/crtbegin.o
 .text.main     0x10000304      0x110 hw3/CMakeFiles/hw3.dir/hw3.c.obj
                0x10000304                main
 .text.gpio_set_function
                0x10000414       0x30 hw3/CMakeFiles/hw3.dir/C_/Program_Files/Raspberry_Pi/Pico_SDK_v1.5.1/pico-sdk/src/rp2_common/hardware_gpio/gpio.c.obj
                0x10000414                gpio_set_function
 .text.gpio_set_pulls
                0x10000444       0x34 hw3/CMakeFiles/hw3.dir/C_/Program_Files/Raspberry_Pi/Pico_SDK_v1.5.1/pico-sdk/src/rp2_common/hardware_gpio/gpio.c.obj
                0x10000444                gpio_set_pulls
 .text.gpio_set_input_enabled
                0x10000478       0x30 hw3/CMakeFiles/hw3.dir/C_/Program_Files/Raspberry_Pi/Pico_SDK_v1.5.1/pico-sdk/src/rp2_common/hardware_gpio/gpio.c.obj
                0x10000478                gpio_set_input_enabled
 .text.gpio_init
                0x100004a8       0x16 hw3/CMakeFiles/hw3.dir/C_/Program_Files/Raspberry_Pi/Pico_SDK_v1.5.1/pico-sdk/src/rp2_common/hardware_gpio/gpio.c.obj
                0x100004a8                gpio_init
 *fill*         0x100004be        0x2 
 .text.running_on_fpga
                0x100004c0       0x14 hw3/CMakeFiles/hw3.dir/C_/Program_Files/Raspberry_Pi/Pico_SDK_v1.5.1/pico-sdk/src/rp2_common/pico_platform/platform.c.obj
                0x100004c0                running_on_fpga
 .text.hw_claim_lock
                0x100004d4       0x18 hw3/CMakeFiles/hw3.dir/C_/Program_Files/Raspberry_Pi/Pico_SDK_v1.5.1/pico-sdk/src/rp2_common/hardware_claim/claim.c.obj
                0x100004d4                hw_claim_lock
 .text.hw_claim_unlock
                0x100004ec       0x14 hw3/CMakeFiles/hw3.dir/C_/Program_Files/Raspberry_Pi/Pico_SDK_v1.5.1/pico-sdk/src/rp2_common/hardware_claim/claim.c.obj
                0x100004ec                hw_claim_unlock
 .text.hw_claim_or_assert
                0x10000500       0x32 hw3/CMakeFiles/hw3.dir/C_/Program_Files/Raspberry_Pi/Pico_SDK_v1.5.1/pico-sdk/src/rp2_common/hardware_claim/claim.c.obj
                0x10000500                hw_claim_or_assert
 .text.hw_claim_unused_from_range
                0x10000532       0x50 hw3/CMakeFiles/hw3.dir/C_/Program_Files/Raspberry_Pi/Pico_SDK_v1.5.1/pico-sdk/src/rp2_common/hardware_claim/claim.c.obj
                0x10000532                hw_claim_unused_from_range
 *fill*         0x10000582        0x2 
 .text.spin_locks_reset
                0x10000584       0x20 hw3/CMakeFiles/hw3.dir/C_/Program_Files/Raspberry_Pi/Pico_SDK_v1.5.1/pico-sdk/src/rp2_common/hardware_sync/sync.c.obj
                0x10000584                spin_locks_reset
 .text.next_striped_spin_lock_num
                0x100005a4       0x1c hw3/CMakeFiles/hw3.dir/C_/Program_Files/Raspberry_Pi/Pico_SDK_v1.5.1/pico-sdk/src/rp2_common/hardware_sync/sync.c.obj
                0x100005a4                next_striped_spin_lock_num
 .text.spin_lock_claim_unused
                0x100005c0       0x20 hw3/CMakeFiles/hw3.dir/C_/Program_Files/Raspberry_Pi/Pico_SDK_v1.5.1/pico-sdk/src/rp2_common/hardware_sync/sync.c.obj
                0x100005c0                spin_lock_claim_unused
 .text.set_raw_irq_handler_and_unlock
                0x100005e0       0x28 hw3/CMakeFiles/hw3.dir/C_/Program_Files/Raspberry_Pi/Pico_SDK_v1.5.1/pico-sdk/src/rp2_common/hardware_irq/irq.c.obj
 .text.make_branch
                0x10000608       0x48 hw3/CMakeFiles/hw3.dir/C_/Program_Files/Raspberry_Pi/Pico_SDK_v1.5.1/pico-sdk/src/rp2_common/hardware_irq/irq.c.obj
 .text.insert_branch_and_link
                0x10000650       0x40 hw3/CMakeFiles/hw3.dir/C_/Program_Files/Raspberry_Pi/Pico_SDK_v1.5.1/pico-sdk/src/rp2_common/hardware_irq/irq.c.obj
 .text.irq_is_enabled
                0x10000690       0x18 hw3/CMakeFiles/hw3.dir/C_/Program_Files/Raspberry_Pi/Pico_SDK_v1.5.1/pico-sdk/src/rp2_common/hardware_irq/irq.c.obj
                0x10000690                irq_is_enabled
 .text.irq_set_mask_enabled
                0x100006a8       0x20 hw3/CMakeFiles/hw3.dir/C_/Program_Files/Raspberry_Pi/Pico_SDK_v1.5.1/pico-sdk/src/rp2_common/hardware_irq/irq.c.obj
                0x100006a8                irq_set_mask_enabled
 .text.irq_set_enabled
                0x100006c8        0xe hw3/CMakeFiles/hw3.dir/C_/Program_Files/Raspberry_Pi/Pico_SDK_v1.5.1/pico-sdk/src/rp2_common/hardware_irq/irq.c.obj
                0x100006c8                irq_set_enabled
 *fill*         0x100006d6        0x2 
 .text.irq_set_pending
                0x100006d8       0x10 hw3/CMakeFiles/hw3.dir/C_/Program_Files/Raspberry_Pi/Pico_SDK_v1.5.1/pico-sdk/src/rp2_common/hardware_irq/irq.c.obj
                0x100006d8                irq_set_pending
 .text.irq_get_vtable_handler
                0x100006e8       0x10 hw3/CMakeFiles/hw3.dir/C_/Program_Files/Raspberry_Pi/Pico_SDK_v1.5.1/pico-sdk/src/rp2_common/hardware_irq/irq.c.obj
                0x100006e8                irq_get_vtable_handler
 .text.irq_has_shared_handler
                0x100006f8       0x24 hw3/CMakeFiles/hw3.dir/C_/Program_Files/Raspberry_Pi/Pico_SDK_v1.5.1/pico-sdk/src/rp2_common/hardware_irq/irq.c.obj
                0x100006f8                irq_has_shared_handler
 .text.irq_set_exclusive_handler
                0x1000071c       0x54 hw3/CMakeFiles/hw3.dir/C_/Program_Files/Raspberry_Pi/Pico_SDK_v1.5.1/pico-sdk/src/rp2_common/hardware_irq/irq.c.obj
                0x1000071c                irq_set_exclusive_handler
 .text.irq_add_shared_handler
                0x10000770      0x234 hw3/CMakeFiles/hw3.dir/C_/Program_Files/Raspberry_Pi/Pico_SDK_v1.5.1/pico-sdk/src/rp2_common/hardware_irq/irq.c.obj
                0x10000770                irq_add_shared_handler
 .text.irq_remove_handler
                0x100009a4      0x1ac hw3/CMakeFiles/hw3.dir/C_/Program_Files/Raspberry_Pi/Pico_SDK_v1.5.1/pico-sdk/src/rp2_common/hardware_irq/irq.c.obj
                0x100009a4                irq_remove_handler
 .text.irq_add_tail_to_free_list
                0x10000b50       0xf0 hw3/CMakeFiles/hw3.dir/C_/Program_Files/Raspberry_Pi/Pico_SDK_v1.5.1/pico-sdk/src/rp2_common/hardware_irq/irq.c.obj
                0x10000b50                irq_add_tail_to_free_list
 .text.irq_init_priorities
                0x10000c40       0x1c hw3/CMakeFiles/hw3.dir/C_/Program_Files/Raspberry_Pi/Pico_SDK_v1.5.1/pico-sdk/src/rp2_common/hardware_irq/irq.c.obj
                0x10000c40                irq_init_priorities
 .text.user_irq_claim_unused
                0x10000c5c       0x28 hw3/CMakeFiles/hw3.dir/C_/Program_Files/Raspberry_Pi/Pico_SDK_v1.5.1/pico-sdk/src/rp2_common/hardware_irq/irq.c.obj
                0x10000c5c                user_irq_claim_unused
 .text.lock_init
                0x10000c84       0x10 hw3/CMakeFiles/hw3.dir/C_/Program_Files/Raspberry_Pi/Pico_SDK_v1.5.1/pico-sdk/src/common/pico_sync/lock_core.c.obj
                0x10000c84                lock_init
 .text.mutex_init
                0x10000c94       0x1a hw3/CMakeFiles/hw3.dir/C_/Program_Files/Raspberry_Pi/Pico_SDK_v1.5.1/pico-sdk/src/common/pico_sync/mutex.c.obj
                0x10000c94                mutex_init
 .text.recursive_mutex_init
                0x10000cae       0x1e hw3/CMakeFiles/hw3.dir/C_/Program_Files/Raspberry_Pi/Pico_SDK_v1.5.1/pico-sdk/src/common/pico_sync/mutex.c.obj
                0x10000cae                recursive_mutex_init
 .text.critical_section_init_with_lock_num
                0x10000ccc       0x14 hw3/CMakeFiles/hw3.dir/C_/Program_Files/Raspberry_Pi/Pico_SDK_v1.5.1/pico-sdk/src/common/pico_sync/critical_section.c.obj
                0x10000ccc                critical_section_init_with_lock_num
 .text.critical_section_init
                0x10000ce0       0x14 hw3/CMakeFiles/hw3.dir/C_/Program_Files/Raspberry_Pi/Pico_SDK_v1.5.1/pico-sdk/src/common/pico_sync/critical_section.c.obj
                0x10000ce0                critical_section_init
 .text.alarm_pool_post_alloc_init
                0x10000cf4       0x40 hw3/CMakeFiles/hw3.dir/C_/Program_Files/Raspberry_Pi/Pico_SDK_v1.5.1/pico-sdk/src/common/pico_time/time.c.obj
 .text.sleep_until_callback
                0x10000d34       0x30 hw3/CMakeFiles/hw3.dir/C_/Program_Files/Raspberry_Pi/Pico_SDK_v1.5.1/pico-sdk/src/common/pico_time/time.c.obj
 .text.timer_pool_entry_comparator
                0x10000d64       0x7c hw3/CMakeFiles/hw3.dir/C_/Program_Files/Raspberry_Pi/Pico_SDK_v1.5.1/pico-sdk/src/common/pico_time/time.c.obj
                0x10000d64                timer_pool_entry_comparator
 .text.ph_add_child_node
                0x10000de0       0xa4 hw3/CMakeFiles/hw3.dir/C_/Program_Files/Raspberry_Pi/Pico_SDK_v1.5.1/pico-sdk/src/common/pico_time/time.c.obj
 .text.ph_merge_nodes
                0x10000e84       0x3e hw3/CMakeFiles/hw3.dir/C_/Program_Files/Raspberry_Pi/Pico_SDK_v1.5.1/pico-sdk/src/common/pico_time/time.c.obj
 *fill*         0x10000ec2        0x2 
 .text.add_alarm_under_lock
                0x10000ec4      0x174 hw3/CMakeFiles/hw3.dir/C_/Program_Files/Raspberry_Pi/Pico_SDK_v1.5.1/pico-sdk/src/common/pico_time/time.c.obj
 .text.alarm_pool_alarm_callback
                0x10001038      0x33c hw3/CMakeFiles/hw3.dir/C_/Program_Files/Raspberry_Pi/Pico_SDK_v1.5.1/pico-sdk/src/common/pico_time/time.c.obj
 .text.alarm_pool_init_default
                0x10001374       0x40 hw3/CMakeFiles/hw3.dir/C_/Program_Files/Raspberry_Pi/Pico_SDK_v1.5.1/pico-sdk/src/common/pico_time/time.c.obj
                0x10001374                alarm_pool_init_default
 .text.alarm_pool_get_default
                0x100013b4       0x2c hw3/CMakeFiles/hw3.dir/C_/Program_Files/Raspberry_Pi/Pico_SDK_v1.5.1/pico-sdk/src/common/pico_time/time.c.obj
                0x100013b4                alarm_pool_get_default
 .text.alarm_pool_add_alarm_at
                0x100013e0      0x168 hw3/CMakeFiles/hw3.dir/C_/Program_Files/Raspberry_Pi/Pico_SDK_v1.5.1/pico-sdk/src/common/pico_time/time.c.obj
                0x100013e0                alarm_pool_add_alarm_at
 .text.alarm_pool_cancel_alarm
                0x10001548       0xf8 hw3/CMakeFiles/hw3.dir/C_/Program_Files/Raspberry_Pi/Pico_SDK_v1.5.1/pico-sdk/src/common/pico_time/time.c.obj
                0x10001548                alarm_pool_cancel_alarm
 .text.alarm_pool_core_num
                0x10001640        0x4 hw3/CMakeFiles/hw3.dir/C_/Program_Files/Raspberry_Pi/Pico_SDK_v1.5.1/pico-sdk/src/common/pico_time/time.c.obj
                0x10001640                alarm_pool_core_num
 .text.sleep_until
                0x10001644       0xfc hw3/CMakeFiles/hw3.dir/C_/Program_Files/Raspberry_Pi/Pico_SDK_v1.5.1/pico-sdk/src/common/pico_time/time.c.obj
                0x10001644                sleep_until
 .text.sleep_us
                0x10001740       0x58 hw3/CMakeFiles/hw3.dir/C_/Program_Files/Raspberry_Pi/Pico_SDK_v1.5.1/pico-sdk/src/common/pico_time/time.c.obj
                0x10001740                sleep_us
 .text.sleep_ms
                0x10001798       0x14 hw3/CMakeFiles/hw3.dir/C_/Program_Files/Raspberry_Pi/Pico_SDK_v1.5.1/pico-sdk/src/common/pico_time/time.c.obj
                0x10001798                sleep_ms
 .text.best_effort_wfe_or_timeout
                0x100017ac       0xac hw3/CMakeFiles/hw3.dir/C_/Program_Files/Raspberry_Pi/Pico_SDK_v1.5.1/pico-sdk/src/common/pico_time/time.c.obj
                0x100017ac                best_effort_wfe_or_timeout
 .text.hardware_alarm_irq_handler
                0x10001858       0x90 hw3/CMakeFiles/hw3.dir/C_/Program_Files/Raspberry_Pi/Pico_SDK_v1.5.1/pico-sdk/src/rp2_common/hardware_timer/timer.c.obj
 .text.hardware_alarm_claim
                0x100018e8       0x18 hw3/CMakeFiles/hw3.dir/C_/Program_Files/Raspberry_Pi/Pico_SDK_v1.5.1/pico-sdk/src/rp2_common/hardware_timer/timer.c.obj
                0x100018e8                hardware_alarm_claim
 .text.time_us_64
                0x10001900       0x18 hw3/CMakeFiles/hw3.dir/C_/Program_Files/Raspberry_Pi/Pico_SDK_v1.5.1/pico-sdk/src/rp2_common/hardware_timer/timer.c.obj
                0x10001900                time_us_64
 .text.busy_wait_until
                0x10001918       0x28 hw3/CMakeFiles/hw3.dir/C_/Program_Files/Raspberry_Pi/Pico_SDK_v1.5.1/pico-sdk/src/rp2_common/hardware_timer/timer.c.obj
                0x10001918                busy_wait_until
 .text.busy_wait_us
                0x10001940       0x48 hw3/CMakeFiles/hw3.dir/C_/Program_Files/Raspberry_Pi/Pico_SDK_v1.5.1/pico-sdk/src/rp2_common/hardware_timer/timer.c.obj
                0x10001940                busy_wait_us
 .text.hardware_alarm_set_callback
                0x10001988       0x90 hw3/CMakeFiles/hw3.dir/C_/Program_Files/Raspberry_Pi/Pico_SDK_v1.5.1/pico-sdk/src/rp2_common/hardware_timer/timer.c.obj
                0x10001988                hardware_alarm_set_callback
 .text.hardware_alarm_set_target
                0x10001a18       0xe8 hw3/CMakeFiles/hw3.dir/C_/Program_Files/Raspberry_Pi/Pico_SDK_v1.5.1/pico-sdk/src/rp2_common/hardware_timer/timer.c.obj
                0x10001a18                hardware_alarm_set_target
 .text.hardware_alarm_cancel
                0x10001b00       0x40 hw3/CMakeFiles/hw3.dir/C_/Program_Files/Raspberry_Pi/Pico_SDK_v1.5.1/pico-sdk/src/rp2_common/hardware_timer/timer.c.obj
                0x10001b00                hardware_alarm_cancel
 .text.ph_add_child_node
                0x10001b40       0xa4 hw3/CMakeFiles/hw3.dir/C_/Program_Files/Raspberry_Pi/Pico_SDK_v1.5.1/pico-sdk/src/common/pico_util/pheap.c.obj
 .text.ph_merge_nodes
                0x10001be4       0x3e hw3/CMakeFiles/hw3.dir/C_/Program_Files/Raspberry_Pi/Pico_SDK_v1.5.1/pico-sdk/src/common/pico_util/pheap.c.obj
 *fill*         0x10001c22        0x2 
 .text.ph_clear
                0x10001c24       0x70 hw3/CMakeFiles/hw3.dir/C_/Program_Files/Raspberry_Pi/Pico_SDK_v1.5.1/pico-sdk/src/common/pico_util/pheap.c.obj
                0x10001c24                ph_clear
 .text.ph_post_alloc_init
                0x10001c94        0xe hw3/CMakeFiles/hw3.dir/C_/Program_Files/Raspberry_Pi/Pico_SDK_v1.5.1/pico-sdk/src/common/pico_util/pheap.c.obj
                0x10001c94                ph_post_alloc_init
 *fill*         0x10001ca2        0x2 
 .text.ph_merge_two_pass
                0x10001ca4       0xa8 hw3/CMakeFiles/hw3.dir/C_/Program_Files/Raspberry_Pi/Pico_SDK_v1.5.1/pico-sdk/src/common/pico_util/pheap.c.obj
                0x10001ca4                ph_merge_two_pass
 .text.ph_remove_any_head
                0x10001d4c      0x128 hw3/CMakeFiles/hw3.dir/C_/Program_Files/Raspberry_Pi/Pico_SDK_v1.5.1/pico-sdk/src/common/pico_util/pheap.c.obj
 .text.ph_remove_head
                0x10001e74       0x14 hw3/CMakeFiles/hw3.dir/C_/Program_Files/Raspberry_Pi/Pico_SDK_v1.5.1/pico-sdk/src/common/pico_util/pheap.c.obj
                0x10001e74                ph_remove_head
 .text.ph_remove_and_free_node
                0x10001e88       0xf8 hw3/CMakeFiles/hw3.dir/C_/Program_Files/Raspberry_Pi/Pico_SDK_v1.5.1/pico-sdk/src/common/pico_util/pheap.c.obj
                0x10001e88                ph_remove_and_free_node
 .text.clock_configure
                0x10001f80      0x108 hw3/CMakeFiles/hw3.dir/C_/Program_Files/Raspberry_Pi/Pico_SDK_v1.5.1/pico-sdk/src/rp2_common/hardware_clocks/clocks.c.obj
                0x10001f80                clock_configure
 .text.clocks_init
                0x10002088      0x100 hw3/CMakeFiles/hw3.dir/C_/Program_Files/Raspberry_Pi/Pico_SDK_v1.5.1/pico-sdk/src/rp2_common/hardware_clocks/clocks.c.obj
                0x10002088                clocks_init
 .text.pll_init
                0x10002188      0x120 hw3/CMakeFiles/hw3.dir/C_/Program_Files/Raspberry_Pi/Pico_SDK_v1.5.1/pico-sdk/src/rp2_common/hardware_pll/pll.c.obj
                0x10002188                pll_init
 .text.watchdog_start_tick
                0x100022a8       0x10 hw3/CMakeFiles/hw3.dir/C_/Program_Files/Raspberry_Pi/Pico_SDK_v1.5.1/pico-sdk/src/rp2_common/hardware_watchdog/watchdog.c.obj
                0x100022a8                watchdog_start_tick
 .text.watchdog_update
                0x100022b8       0x14 hw3/CMakeFiles/hw3.dir/C_/Program_Files/Raspberry_Pi/Pico_SDK_v1.5.1/pico-sdk/src/rp2_common/hardware_watchdog/watchdog.c.obj
                0x100022b8                watchdog_update
 .text._watchdog_enable
                0x100022cc       0x78 hw3/CMakeFiles/hw3.dir/C_/Program_Files/Raspberry_Pi/Pico_SDK_v1.5.1/pico-sdk/src/rp2_common/hardware_watchdog/watchdog.c.obj
                0x100022cc                _watchdog_enable
 .text.watchdog_reboot
                0x10002344       0x48 hw3/CMakeFiles/hw3.dir/C_/Program_Files/Raspberry_Pi/Pico_SDK_v1.5.1/pico-sdk/src/rp2_common/hardware_watchdog/watchdog.c.obj
                0x10002344                watchdog_reboot
 .text.xosc_init
                0x1000238c       0x28 hw3/CMakeFiles/hw3.dir/C_/Program_Files/Raspberry_Pi/Pico_SDK_v1.5.1/pico-sdk/src/rp2_common/hardware_xosc/xosc.c.obj
                0x1000238c                xosc_init
 .text._exit    0x100023b4        0x4 hw3/CMakeFiles/hw3.dir/C_/Program_Files/Raspberry_Pi/Pico_SDK_v1.5.1/pico-sdk/src/rp2_common/pico_runtime/runtime.c.obj
                0x100023b4                _exit
 .text._sbrk    0x100023b8       0x38 hw3/CMakeFiles/hw3.dir/C_/Program_Files/Raspberry_Pi/Pico_SDK_v1.5.1/pico-sdk/src/rp2_common/pico_runtime/runtime.c.obj
                0x100023b8                _sbrk
 .text.exit     0x100023f0        0x6 hw3/CMakeFiles/hw3.dir/C_/Program_Files/Raspberry_Pi/Pico_SDK_v1.5.1/pico-sdk/src/rp2_common/pico_runtime/runtime.c.obj
                0x100023f0                exit
 *fill*         0x100023f6        0x2 
 .text.__assert_func
                0x100023f8       0x3c hw3/CMakeFiles/hw3.dir/C_/Program_Files/Raspberry_Pi/Pico_SDK_v1.5.1/pico-sdk/src/rp2_common/pico_runtime/runtime.c.obj
                0x100023f8                __assert_func
 .text.runtime_init
                0x10002434       0xf8 hw3/CMakeFiles/hw3.dir/C_/Program_Files/Raspberry_Pi/Pico_SDK_v1.5.1/pico-sdk/src/rp2_common/pico_runtime/runtime.c.obj
                0x10002434                runtime_init
 .text.panic    0x1000252c       0x30 hw3/CMakeFiles/hw3.dir/C_/Program_Files/Raspberry_Pi/Pico_SDK_v1.5.1/pico-sdk/src/rp2_common/pico_runtime/runtime.c.obj
                0x1000252c                panic
 .text._out_buffer
                0x1000255c        0x8 hw3/CMakeFiles/hw3.dir/C_/Program_Files/Raspberry_Pi/Pico_SDK_v1.5.1/pico-sdk/src/rp2_common/pico_printf/printf.c.obj
 .text._out_null
                0x10002564        0x2 hw3/CMakeFiles/hw3.dir/C_/Program_Files/Raspberry_Pi/Pico_SDK_v1.5.1/pico-sdk/src/rp2_common/pico_printf/printf.c.obj
 .text._out_fct
                0x10002566        0xe hw3/CMakeFiles/hw3.dir/C_/Program_Files/Raspberry_Pi/Pico_SDK_v1.5.1/pico-sdk/src/rp2_common/pico_printf/printf.c.obj
 .text._atoi    0x10002574       0x24 hw3/CMakeFiles/hw3.dir/C_/Program_Files/Raspberry_Pi/Pico_SDK_v1.5.1/pico-sdk/src/rp2_common/pico_printf/printf.c.obj
 .text._out_rev
                0x10002598       0xae hw3/CMakeFiles/hw3.dir/C_/Program_Files/Raspberry_Pi/Pico_SDK_v1.5.1/pico-sdk/src/rp2_common/pico_printf/printf.c.obj
 .text._ntoa_format
                0x10002646      0x112 hw3/CMakeFiles/hw3.dir/C_/Program_Files/Raspberry_Pi/Pico_SDK_v1.5.1/pico-sdk/src/rp2_common/pico_printf/printf.c.obj
 .text._ntoa_long
                0x10002758       0xbc hw3/CMakeFiles/hw3.dir/C_/Program_Files/Raspberry_Pi/Pico_SDK_v1.5.1/pico-sdk/src/rp2_common/pico_printf/printf.c.obj
 .text._ntoa_long_long
                0x10002814       0xe2 hw3/CMakeFiles/hw3.dir/C_/Program_Files/Raspberry_Pi/Pico_SDK_v1.5.1/pico-sdk/src/rp2_common/pico_printf/printf.c.obj
 *fill*         0x100028f6        0x2 
 .text._etoa    0x100028f8      0x414 hw3/CMakeFiles/hw3.dir/C_/Program_Files/Raspberry_Pi/Pico_SDK_v1.5.1/pico-sdk/src/rp2_common/pico_printf/printf.c.obj
 .text._ftoa    0x10002d0c      0x354 hw3/CMakeFiles/hw3.dir/C_/Program_Files/Raspberry_Pi/Pico_SDK_v1.5.1/pico-sdk/src/rp2_common/pico_printf/printf.c.obj
 .text._vsnprintf
                0x10003060      0x624 hw3/CMakeFiles/hw3.dir/C_/Program_Files/Raspberry_Pi/Pico_SDK_v1.5.1/pico-sdk/src/rp2_common/pico_printf/printf.c.obj
 .text.__wrap_sprintf
                0x10003684       0x28 hw3/CMakeFiles/hw3.dir/C_/Program_Files/Raspberry_Pi/Pico_SDK_v1.5.1/pico-sdk/src/rp2_common/pico_printf/printf.c.obj
                0x10003684                __wrap_sprintf
 .text.vfctprintf
                0x100036ac       0x20 hw3/CMakeFiles/hw3.dir/C_/Program_Files/Raspberry_Pi/Pico_SDK_v1.5.1/pico-sdk/src/rp2_common/pico_printf/printf.c.obj
                0x100036ac                vfctprintf
 .text          0x100036cc       0x10 hw3/CMakeFiles/hw3.dir/C_/Program_Files/Raspberry_Pi/Pico_SDK_v1.5.1/pico-sdk/src/rp2_common/pico_bit_ops/bit_ops_aeabi.S.obj
 .text.rom_func_lookup
                0x100036dc       0x10 hw3/CMakeFiles/hw3.dir/C_/Program_Files/Raspberry_Pi/Pico_SDK_v1.5.1/pico-sdk/src/rp2_common/pico_bootrom/bootrom.c.obj
                0x100036dc                rom_func_lookup
 .text.rom_data_lookup
                0x100036ec       0x10 hw3/CMakeFiles/hw3.dir/C_/Program_Files/Raspberry_Pi/Pico_SDK_v1.5.1/pico-sdk/src/rp2_common/pico_bootrom/bootrom.c.obj
                0x100036ec                rom_data_lookup
 .text.rom_funcs_lookup
                0x100036fc       0x36 hw3/CMakeFiles/hw3.dir/C_/Program_Files/Raspberry_Pi/Pico_SDK_v1.5.1/pico-sdk/src/rp2_common/pico_bootrom/bootrom.c.obj
                0x100036fc                rom_funcs_lookup
 *fill*         0x10003732        0x2 
 .text.__wrap___aeabi_idiv
                0x10003734       0x50 hw3/CMakeFiles/hw3.dir/C_/Program_Files/Raspberry_Pi/Pico_SDK_v1.5.1/pico-sdk/src/rp2_common/pico_divider/divider.S.obj
                0x10003734                __wrap___aeabi_idivmod
                0x10003734                divmod_s32s32
                0x10003734                div_s32s32
                0x10003734                __wrap___aeabi_idiv
                0x1000373c                divmod_s32s32_unsafe
                0x10003768                divmod_s32s32_savestate
 .text.__wrap___aeabi_uidiv
                0x10003784       0x4c hw3/CMakeFiles/hw3.dir/C_/Program_Files/Raspberry_Pi/Pico_SDK_v1.5.1/pico-sdk/src/rp2_common/pico_divider/divider.S.obj
                0x10003784                __wrap___aeabi_uidiv
                0x10003784                __wrap___aeabi_uidivmod
                0x10003784                div_u32u32
                0x10003784                divmod_u32u32
                0x1000378c                divmod_u32u32_unsafe
                0x100037b4                divmod_u32u32_savestate
 .text.__wrap___aeabi_ldiv
                0x100037d0      0x424 hw3/CMakeFiles/hw3.dir/C_/Program_Files/Raspberry_Pi/Pico_SDK_v1.5.1/pico-sdk/src/rp2_common/pico_divider/divider.S.obj
                0x100037d0                div_s64s64
                0x100037d0                divmod_s64s64
                0x100037d0                __wrap___aeabi_ldivmod
                0x10003800                divmod_u64u64
                0x10003800                div_u64u64
                0x10003800                __wrap___aeabi_uldivmod
                0x10003810                divmod_u64u64_savestate
                0x10003830                divmod_s64s64_unsafe
                0x100038b8                divmod_u64u64_unsafe
 .text.__wrap___aeabi_darithmetic
                0x10003bf4       0x80 hw3/CMakeFiles/hw3.dir/C_/Program_Files/Raspberry_Pi/Pico_SDK_v1.5.1/pico-sdk/src/rp2_common/pico_double/double_aeabi.S.obj
                0x10003bf4                __wrap___aeabi_drsub
                0x10003bfa                __wrap___aeabi_dsub
                0x10003c0c                __wrap___aeabi_dadd
                0x10003c1e                __wrap___aeabi_ddiv
                0x10003c5a                __wrap___aeabi_dmul
 .text.__wrap___aeabi_cdcmple
                0x10003c74       0x6c hw3/CMakeFiles/hw3.dir/C_/Program_Files/Raspberry_Pi/Pico_SDK_v1.5.1/pico-sdk/src/rp2_common/pico_double/double_aeabi.S.obj
                0x10003c74                __wrap___aeabi_cdrcmple
                0x10003c84                __wrap___aeabi_cdcmpeq
                0x10003c84                __wrap___aeabi_cdcmple
 .text.__wrap___aeabi_dcmpeq
                0x10003ce0       0x10 hw3/CMakeFiles/hw3.dir/C_/Program_Files/Raspberry_Pi/Pico_SDK_v1.5.1/pico-sdk/src/rp2_common/pico_double/double_aeabi.S.obj
                0x10003ce0                __wrap___aeabi_dcmpeq
 .text.__wrap___aeabi_dcmplt
                0x10003cf0        0xc hw3/CMakeFiles/hw3.dir/C_/Program_Files/Raspberry_Pi/Pico_SDK_v1.5.1/pico-sdk/src/rp2_common/pico_double/double_aeabi.S.obj
                0x10003cf0                __wrap___aeabi_dcmplt
 .text.__wrap___aeabi_dcmple
                0x10003cfc       0x10 hw3/CMakeFiles/hw3.dir/C_/Program_Files/Raspberry_Pi/Pico_SDK_v1.5.1/pico-sdk/src/rp2_common/pico_double/double_aeabi.S.obj
                0x10003cfc                __wrap___aeabi_dcmple
 .text.__wrap___aeabi_dcmpge
                0x10003d0c       0x10 hw3/CMakeFiles/hw3.dir/C_/Program_Files/Raspberry_Pi/Pico_SDK_v1.5.1/pico-sdk/src/rp2_common/pico_double/double_aeabi.S.obj
                0x10003d0c                __wrap___aeabi_dcmpge
 .text.__wrap___aeabi_dcmpgt
                0x10003d1c        0xa hw3/CMakeFiles/hw3.dir/C_/Program_Files/Raspberry_Pi/Pico_SDK_v1.5.1/pico-sdk/src/rp2_common/pico_double/double_aeabi.S.obj
                0x10003d1c                __wrap___aeabi_dcmpgt
 .text.__wrap___aeabi_dcmpun
                0x10003d26       0x1c hw3/CMakeFiles/hw3.dir/C_/Program_Files/Raspberry_Pi/Pico_SDK_v1.5.1/pico-sdk/src/rp2_common/pico_double/double_aeabi.S.obj
                0x10003d26                __wrap___aeabi_dcmpun
 *fill*         0x10003d42        0x2 
 .text.__wrap___aeabi_i2d
                0x10003d44       0x38 hw3/CMakeFiles/hw3.dir/C_/Program_Files/Raspberry_Pi/Pico_SDK_v1.5.1/pico-sdk/src/rp2_common/pico_double/double_aeabi.S.obj
                0x10003d44                __wrap___aeabi_ui2d
                0x10003d4c                __wrap___aeabi_i2d
 .text.__wrap___aeabi_d2iz
                0x10003d7c       0x48 hw3/CMakeFiles/hw3.dir/C_/Program_Files/Raspberry_Pi/Pico_SDK_v1.5.1/pico-sdk/src/rp2_common/pico_double/double_aeabi.S.obj
                0x10003d7c                double2int_z
                0x10003d7c                __wrap___aeabi_d2iz
 .text.__wrap___aeabi_d2uiz
                0x10003dc4       0x18 hw3/CMakeFiles/hw3.dir/C_/Program_Files/Raspberry_Pi/Pico_SDK_v1.5.1/pico-sdk/src/rp2_common/pico_double/double_aeabi.S.obj
                0x10003dc4                __wrap___aeabi_d2uiz
                0x10003dc4                double2uint
 .text.__wrap___aeabi_l2d
                0x10003ddc       0x18 hw3/CMakeFiles/hw3.dir/C_/Program_Files/Raspberry_Pi/Pico_SDK_v1.5.1/pico-sdk/src/rp2_common/pico_double/double_aeabi.S.obj
                0x10003ddc                __wrap___aeabi_l2d
 .text.__wrap___aeabi_d2lz
                0x10003df4       0x26 hw3/CMakeFiles/hw3.dir/C_/Program_Files/Raspberry_Pi/Pico_SDK_v1.5.1/pico-sdk/src/rp2_common/pico_double/double_aeabi.S.obj
                0x10003df4                double2int64_z
                0x10003df4                __wrap___aeabi_d2lz
 *fill*         0x10003e1a        0x2 
 .text.double2int64
                0x10003e1c       0x18 hw3/CMakeFiles/hw3.dir/C_/Program_Files/Raspberry_Pi/Pico_SDK_v1.5.1/pico-sdk/src/rp2_common/pico_double/double_aeabi.S.obj
                0x10003e1c                double2int64
 .text.double2ufix64
                0x10003e34       0x18 hw3/CMakeFiles/hw3.dir/C_/Program_Files/Raspberry_Pi/Pico_SDK_v1.5.1/pico-sdk/src/rp2_common/pico_double/double_aeabi.S.obj
                0x10003e34                double2ufix64
 .text.__wrap___aeabi_d2f
                0x10003e4c       0x18 hw3/CMakeFiles/hw3.dir/C_/Program_Files/Raspberry_Pi/Pico_SDK_v1.5.1/pico-sdk/src/rp2_common/pico_double/double_aeabi.S.obj
                0x10003e4c                __wrap___aeabi_d2f
 .text.__aeabi_double_init
                0x10003e64       0xc8 hw3/CMakeFiles/hw3.dir/C_/Program_Files/Raspberry_Pi/Pico_SDK_v1.5.1/pico-sdk/src/rp2_common/pico_double/double_init_rom.c.obj
                0x10003e64                __aeabi_double_init
 .text.double_table_shim_on_use_helper
                0x10003f2c       0x34 hw3/CMakeFiles/hw3.dir/C_/Program_Files/Raspberry_Pi/Pico_SDK_v1.5.1/pico-sdk/src/rp2_common/pico_double/double_v1_rom_shim.S.obj
                0x10003f2c                double_table_shim_on_use_helper
 .text.__wrap___aeabi_dsub
                0x10003f60       0x10 hw3/CMakeFiles/hw3.dir/C_/Program_Files/Raspberry_Pi/Pico_SDK_v1.5.1/pico-sdk/src/rp2_common/pico_double/double_v1_rom_shim.S.obj
                0x10003f60                drsub_shim
                0x10003f66                dsub_shim
 .text.dadd_shim
                0x10003f70      0x15c hw3/CMakeFiles/hw3.dir/C_/Program_Files/Raspberry_Pi/Pico_SDK_v1.5.1/pico-sdk/src/rp2_common/pico_double/double_v1_rom_shim.S.obj
                0x10003f70                dadd_shim
 .text.dmul_shim
                0x100040cc      0x15c hw3/CMakeFiles/hw3.dir/C_/Program_Files/Raspberry_Pi/Pico_SDK_v1.5.1/pico-sdk/src/rp2_common/pico_double/double_v1_rom_shim.S.obj
                0x100040cc                dmul_shim
 .text.ddiv_shim
                0x10004228      0x1b0 hw3/CMakeFiles/hw3.dir/C_/Program_Files/Raspberry_Pi/Pico_SDK_v1.5.1/pico-sdk/src/rp2_common/pico_double/double_v1_rom_shim.S.obj
                0x10004228                ddiv_shim
 .text.double2uint_shim
                0x100043d8        0xe hw3/CMakeFiles/hw3.dir/C_/Program_Files/Raspberry_Pi/Pico_SDK_v1.5.1/pico-sdk/src/rp2_common/pico_double/double_v1_rom_shim.S.obj
                0x100043d8                double2uint_shim
                0x100043da                double2ufix_shim
 .text.double2int64_shim
                0x100043e6       0x1a hw3/CMakeFiles/hw3.dir/C_/Program_Files/Raspberry_Pi/Pico_SDK_v1.5.1/pico-sdk/src/rp2_common/pico_double/double_v1_rom_shim.S.obj
                0x100043e6                double2int64_shim
                0x100043e8                double2fix64_shim
 .text.double2uint64_shim
                0x10004400       0x70 hw3/CMakeFiles/hw3.dir/C_/Program_Files/Raspberry_Pi/Pico_SDK_v1.5.1/pico-sdk/src/rp2_common/pico_double/double_v1_rom_shim.S.obj
                0x10004400                double2uint64_shim
                0x10004402                double2ufix64_shim
                0x10004422                d2fix_a
 .text.double2float_shim
                0x10004470       0x5c hw3/CMakeFiles/hw3.dir/C_/Program_Files/Raspberry_Pi/Pico_SDK_v1.5.1/pico-sdk/src/rp2_common/pico_double/double_v1_rom_shim.S.obj
                0x10004470                double2float_shim
 .text.x2double_shims
                0x100044cc       0x90 hw3/CMakeFiles/hw3.dir/C_/Program_Files/Raspberry_Pi/Pico_SDK_v1.5.1/pico-sdk/src/rp2_common/pico_double/double_v1_rom_shim.S.obj
                0x100044cc                uint2double_shim
                0x100044ce                ufix2double_shim
                0x100044d4                int2double_shim
                0x100044d6                fix2double_shim
                0x100044dc                uint642double_shim
                0x100044de                ufix642double_shim
                0x100044e4                int642double_shim
                0x100044e6                fix642double_shim
 .text.dunpacks
                0x1000455c       0x3c hw3/CMakeFiles/hw3.dir/C_/Program_Files/Raspberry_Pi/Pico_SDK_v1.5.1/pico-sdk/src/rp2_common/pico_double/double_v1_rom_shim.S.obj
                0x1000455c                dunpacks
 .text.__aeabi_lmul
                0x10004598       0x32 hw3/CMakeFiles/hw3.dir/C_/Program_Files/Raspberry_Pi/Pico_SDK_v1.5.1/pico-sdk/src/rp2_common/pico_int64_ops/pico_int64_ops_aeabi.S.obj
                0x10004598                __wrap___aeabi_lmul
 .text.__wrap___aeabi_ui2f
                0x100045ca        0xa hw3/CMakeFiles/hw3.dir/C_/Program_Files/Raspberry_Pi/Pico_SDK_v1.5.1/pico-sdk/src/rp2_common/pico_float/float_aeabi.S.obj
                0x100045ca                __wrap___aeabi_ui2f
 .text.__wrap___aeabi_i2f
                0x100045d4       0x44 hw3/CMakeFiles/hw3.dir/C_/Program_Files/Raspberry_Pi/Pico_SDK_v1.5.1/pico-sdk/src/rp2_common/pico_float/float_aeabi.S.obj
                0x100045d4                __wrap___aeabi_i2f
 .text.__wrap___aeabi_f2d
                0x10004618       0x14 hw3/CMakeFiles/hw3.dir/C_/Program_Files/Raspberry_Pi/Pico_SDK_v1.5.1/pico-sdk/src/rp2_common/pico_float/float_aeabi.S.obj
                0x10004618                __wrap___aeabi_f2d
 .text.__aeabi_float_init
                0x1000462c       0xfc hw3/CMakeFiles/hw3.dir/C_/Program_Files/Raspberry_Pi/Pico_SDK_v1.5.1/pico-sdk/src/rp2_common/pico_float/float_init_rom.c.obj
                0x1000462c                __aeabi_float_init
 .text.float_table_shim_on_use_helper
                0x10004728       0x34 hw3/CMakeFiles/hw3.dir/C_/Program_Files/Raspberry_Pi/Pico_SDK_v1.5.1/pico-sdk/src/rp2_common/pico_float/float_v1_rom_shim.S.obj
                0x10004728                float_table_shim_on_use_helper
 .text.float2double_shim
                0x1000475c       0x30 hw3/CMakeFiles/hw3.dir/C_/Program_Files/Raspberry_Pi/Pico_SDK_v1.5.1/pico-sdk/src/rp2_common/pico_float/float_v1_rom_shim.S.obj
                0x1000475c                float2double_shim
 .text.__wrap_malloc
                0x1000478c       0x24 hw3/CMakeFiles/hw3.dir/C_/Program_Files/Raspberry_Pi/Pico_SDK_v1.5.1/pico-sdk/src/rp2_common/pico_malloc/pico_malloc.c.obj
                0x1000478c                __wrap_malloc
 .text.__wrap_realloc
                0x100047b0       0x24 hw3/CMakeFiles/hw3.dir/C_/Program_Files/Raspberry_Pi/Pico_SDK_v1.5.1/pico-sdk/src/rp2_common/pico_malloc/pico_malloc.c.obj
                0x100047b0                __wrap_realloc
 .text.__wrap_free
                0x100047d4        0x8 hw3/CMakeFiles/hw3.dir/C_/Program_Files/Raspberry_Pi/Pico_SDK_v1.5.1/pico-sdk/src/rp2_common/pico_malloc/pico_malloc.c.obj
                0x100047d4                __wrap_free
 .text          0x100047dc       0x10 hw3/CMakeFiles/hw3.dir/C_/Program_Files/Raspberry_Pi/Pico_SDK_v1.5.1/pico-sdk/src/rp2_common/pico_mem_ops/mem_ops_aeabi.S.obj
                0x100047dc                __aeabi_mem_init
 .text.memset   0x100047ec        0xc hw3/CMakeFiles/hw3.dir/C_/Program_Files/Raspberry_Pi/Pico_SDK_v1.5.1/pico-sdk/src/rp2_common/pico_mem_ops/mem_ops_aeabi.S.obj
                0x100047ec                __wrap_memset
 .text.memcpy   0x100047f8        0xc hw3/CMakeFiles/hw3.dir/C_/Program_Files/Raspberry_Pi/Pico_SDK_v1.5.1/pico-sdk/src/rp2_common/pico_mem_ops/mem_ops_aeabi.S.obj
                0x100047f8                __wrap_memcpy
                0x100047f8                __wrap___aeabi_memcpy
 .text.stdio_out_chars_no_crlf
                0x10004804        0xe hw3/CMakeFiles/hw3.dir/C_/Program_Files/Raspberry_Pi/Pico_SDK_v1.5.1/pico-sdk/src/rp2_common/pico_stdio/stdio.c.obj
 *fill*         0x10004812        0x2 
 .text.stdio_out_chars_crlf
                0x10004814       0x80 hw3/CMakeFiles/hw3.dir/C_/Program_Files/Raspberry_Pi/Pico_SDK_v1.5.1/pico-sdk/src/rp2_common/pico_stdio/stdio.c.obj
 .text.stdio_stack_buffer_flush
                0x10004894       0x44 hw3/CMakeFiles/hw3.dir/C_/Program_Files/Raspberry_Pi/Pico_SDK_v1.5.1/pico-sdk/src/rp2_common/pico_stdio/stdio.c.obj
 .text.stdio_buffered_printer
                0x100048d8       0x20 hw3/CMakeFiles/hw3.dir/C_/Program_Files/Raspberry_Pi/Pico_SDK_v1.5.1/pico-sdk/src/rp2_common/pico_stdio/stdio.c.obj
 .text.stdio_get_until
                0x100048f8       0x80 hw3/CMakeFiles/hw3.dir/C_/Program_Files/Raspberry_Pi/Pico_SDK_v1.5.1/pico-sdk/src/rp2_common/pico_stdio/stdio.c.obj
 .text.stdout_serialize_begin
                0x10004978       0x5c hw3/CMakeFiles/hw3.dir/C_/Program_Files/Raspberry_Pi/Pico_SDK_v1.5.1/pico-sdk/src/rp2_common/pico_stdio/stdio.c.obj
                0x10004978                stdout_serialize_begin
 .text.stdout_serialize_end
                0x100049d4       0x10 hw3/CMakeFiles/hw3.dir/C_/Program_Files/Raspberry_Pi/Pico_SDK_v1.5.1/pico-sdk/src/rp2_common/pico_stdio/stdio.c.obj
                0x100049d4                stdout_serialize_end
 .text.stdio_put_string
                0x100049e4       0x98 hw3/CMakeFiles/hw3.dir/C_/Program_Files/Raspberry_Pi/Pico_SDK_v1.5.1/pico-sdk/src/rp2_common/pico_stdio/stdio.c.obj
 .text._read    0x10004a7c       0x24 hw3/CMakeFiles/hw3.dir/C_/Program_Files/Raspberry_Pi/Pico_SDK_v1.5.1/pico-sdk/src/rp2_common/pico_stdio/stdio.c.obj
                0x10004a7c                _read
 .text._write   0x10004aa0       0x22 hw3/CMakeFiles/hw3.dir/C_/Program_Files/Raspberry_Pi/Pico_SDK_v1.5.1/pico-sdk/src/rp2_common/pico_stdio/stdio.c.obj
                0x10004aa0                _write
 .text._close   0x10004ac2        0x6 hw3/CMakeFiles/hw3.dir/C_/Program_Files/Raspberry_Pi/Pico_SDK_v1.5.1/pico-sdk/src/rp2_common/pico_stdio/stdio.c.obj
                0x10004ac2                _close
 .text._lseek   0x10004ac8        0x6 hw3/CMakeFiles/hw3.dir/C_/Program_Files/Raspberry_Pi/Pico_SDK_v1.5.1/pico-sdk/src/rp2_common/pico_stdio/stdio.c.obj
                0x10004ac8                _lseek
 .text._fstat   0x10004ace        0x6 hw3/CMakeFiles/hw3.dir/C_/Program_Files/Raspberry_Pi/Pico_SDK_v1.5.1/pico-sdk/src/rp2_common/pico_stdio/stdio.c.obj
                0x10004ace                _fstat
 .text._isatty  0x10004ad4        0xc hw3/CMakeFiles/hw3.dir/C_/Program_Files/Raspberry_Pi/Pico_SDK_v1.5.1/pico-sdk/src/rp2_common/pico_stdio/stdio.c.obj
                0x10004ad4                _isatty
 .text.stdio_set_driver_enabled
                0x10004ae0       0x2c hw3/CMakeFiles/hw3.dir/C_/Program_Files/Raspberry_Pi/Pico_SDK_v1.5.1/pico-sdk/src/rp2_common/pico_stdio/stdio.c.obj
                0x10004ae0                stdio_set_driver_enabled
 .text.stdio_flush
                0x10004b0c       0x20 hw3/CMakeFiles/hw3.dir/C_/Program_Files/Raspberry_Pi/Pico_SDK_v1.5.1/pico-sdk/src/rp2_common/pico_stdio/stdio.c.obj
                0x10004b0c                stdio_flush
 .text.__wrap_puts
                0x10004b2c       0x1e hw3/CMakeFiles/hw3.dir/C_/Program_Files/Raspberry_Pi/Pico_SDK_v1.5.1/pico-sdk/src/rp2_common/pico_stdio/stdio.c.obj
                0x10004b2c                __wrap_puts
 *fill*         0x10004b4a        0x2 
 .text.__wrap_vprintf
                0x10004b4c       0x40 hw3/CMakeFiles/hw3.dir/C_/Program_Files/Raspberry_Pi/Pico_SDK_v1.5.1/pico-sdk/src/rp2_common/pico_stdio/stdio.c.obj
                0x10004b4c                __wrap_vprintf
 .text.__wrap_printf
                0x10004b8c       0x18 hw3/CMakeFiles/hw3.dir/C_/Program_Files/Raspberry_Pi/Pico_SDK_v1.5.1/pico-sdk/src/rp2_common/pico_stdio/stdio.c.obj
                0x10004b8c                __wrap_printf
 .text.stdio_init_all
                0x10004ba4        0x8 hw3/CMakeFiles/hw3.dir/C_/Program_Files/Raspberry_Pi/Pico_SDK_v1.5.1/pico-sdk/src/rp2_common/pico_stdio/stdio.c.obj
                0x10004ba4                stdio_init_all
 .text.resetd_init
                0x10004bac        0x2 hw3/CMakeFiles/hw3.dir/C_/Program_Files/Raspberry_Pi/Pico_SDK_v1.5.1/pico-sdk/src/rp2_common/pico_stdio_usb/reset_interface.c.obj
 *fill*         0x10004bae        0x2 
 .text.resetd_reset
                0x10004bb0        0xc hw3/CMakeFiles/hw3.dir/C_/Program_Files/Raspberry_Pi/Pico_SDK_v1.5.1/pico-sdk/src/rp2_common/pico_stdio_usb/reset_interface.c.obj
 .text.resetd_open
                0x10004bbc       0x34 hw3/CMakeFiles/hw3.dir/C_/Program_Files/Raspberry_Pi/Pico_SDK_v1.5.1/pico-sdk/src/rp2_common/pico_stdio_usb/reset_interface.c.obj
 .text.resetd_xfer_cb
                0x10004bf0        0x4 hw3/CMakeFiles/hw3.dir/C_/Program_Files/Raspberry_Pi/Pico_SDK_v1.5.1/pico-sdk/src/rp2_common/pico_stdio_usb/reset_interface.c.obj
 .text.reset_usb_boot
                0x10004bf4       0x18 hw3/CMakeFiles/hw3.dir/C_/Program_Files/Raspberry_Pi/Pico_SDK_v1.5.1/pico-sdk/src/rp2_common/pico_stdio_usb/reset_interface.c.obj
 .text.resetd_control_xfer_cb
                0x10004c0c       0x5c hw3/CMakeFiles/hw3.dir/C_/Program_Files/Raspberry_Pi/Pico_SDK_v1.5.1/pico-sdk/src/rp2_common/pico_stdio_usb/reset_interface.c.obj
 .text.usbd_app_driver_get_cb
                0x10004c68        0xc hw3/CMakeFiles/hw3.dir/C_/Program_Files/Raspberry_Pi/Pico_SDK_v1.5.1/pico-sdk/src/rp2_common/pico_stdio_usb/reset_interface.c.obj
                0x10004c68                usbd_app_driver_get_cb
 .text.tud_cdc_line_coding_cb
                0x10004c74       0x28 hw3/CMakeFiles/hw3.dir/C_/Program_Files/Raspberry_Pi/Pico_SDK_v1.5.1/pico-sdk/src/rp2_common/pico_stdio_usb/reset_interface.c.obj
                0x10004c74                tud_cdc_line_coding_cb
 .text.stdio_usb_set_chars_available_callback
                0x10004c9c       0x14 hw3/CMakeFiles/hw3.dir/C_/Program_Files/Raspberry_Pi/Pico_SDK_v1.5.1/pico-sdk/src/rp2_common/pico_stdio_usb/stdio_usb.c.obj
                0x10004c9c                stdio_usb_set_chars_available_callback
 .text.usb_irq  0x10004cb0       0x10 hw3/CMakeFiles/hw3.dir/C_/Program_Files/Raspberry_Pi/Pico_SDK_v1.5.1/pico-sdk/src/rp2_common/pico_stdio_usb/stdio_usb.c.obj
 .text.timer_task
                0x10004cc0       0x5c hw3/CMakeFiles/hw3.dir/C_/Program_Files/Raspberry_Pi/Pico_SDK_v1.5.1/pico-sdk/src/rp2_common/pico_stdio_usb/stdio_usb.c.obj
 .text.low_priority_worker_irq
                0x10004d1c       0xdc hw3/CMakeFiles/hw3.dir/C_/Program_Files/Raspberry_Pi/Pico_SDK_v1.5.1/pico-sdk/src/rp2_common/pico_stdio_usb/stdio_usb.c.obj
 .text.tud_cdc_rx_cb
                0x10004df8       0x20 hw3/CMakeFiles/hw3.dir/C_/Program_Files/Raspberry_Pi/Pico_SDK_v1.5.1/pico-sdk/src/rp2_common/pico_stdio_usb/stdio_usb.c.obj
                0x10004df8                tud_cdc_rx_cb
 .text.stdio_usb_init
                0x10004e18      0x11c hw3/CMakeFiles/hw3.dir/C_/Program_Files/Raspberry_Pi/Pico_SDK_v1.5.1/pico-sdk/src/rp2_common/pico_stdio_usb/stdio_usb.c.obj
                0x10004e18                stdio_usb_init
 .text.stdio_usb_connected
                0x10004f34        0xa hw3/CMakeFiles/hw3.dir/C_/Program_Files/Raspberry_Pi/Pico_SDK_v1.5.1/pico-sdk/src/rp2_common/pico_stdio_usb/stdio_usb.c.obj
                0x10004f34                stdio_usb_connected
 *fill*         0x10004f3e        0x2 
 .text.stdio_usb_in_chars
                0x10004f40       0xc4 hw3/CMakeFiles/hw3.dir/C_/Program_Files/Raspberry_Pi/Pico_SDK_v1.5.1/pico-sdk/src/rp2_common/pico_stdio_usb/stdio_usb.c.obj
                0x10004f40                stdio_usb_in_chars
 .text.stdio_usb_out_chars
                0x10005004      0x114 hw3/CMakeFiles/hw3.dir/C_/Program_Files/Raspberry_Pi/Pico_SDK_v1.5.1/pico-sdk/src/rp2_common/pico_stdio_usb/stdio_usb.c.obj
 .text.tud_descriptor_device_cb
                0x10005118        0x8 hw3/CMakeFiles/hw3.dir/C_/Program_Files/Raspberry_Pi/Pico_SDK_v1.5.1/pico-sdk/src/rp2_common/pico_stdio_usb/stdio_usb_descriptors.c.obj
                0x10005118                tud_descriptor_device_cb
 .text.tud_descriptor_configuration_cb
                0x10005120        0x8 hw3/CMakeFiles/hw3.dir/C_/Program_Files/Raspberry_Pi/Pico_SDK_v1.5.1/pico-sdk/src/rp2_common/pico_stdio_usb/stdio_usb_descriptors.c.obj
                0x10005120                tud_descriptor_configuration_cb
 .text.tud_descriptor_string_cb
                0x10005128       0x6c hw3/CMakeFiles/hw3.dir/C_/Program_Files/Raspberry_Pi/Pico_SDK_v1.5.1/pico-sdk/src/rp2_common/pico_stdio_usb/stdio_usb_descriptors.c.obj
                0x10005128                tud_descriptor_string_cb
 .text._retrieve_unique_id_on_boot
                0x10005194       0x10 hw3/CMakeFiles/hw3.dir/C_/Program_Files/Raspberry_Pi/Pico_SDK_v1.5.1/pico-sdk/src/rp2_common/pico_unique_id/unique_id.c.obj
 .text.pico_get_unique_board_id_string
                0x100051a4       0x60 hw3/CMakeFiles/hw3.dir/C_/Program_Files/Raspberry_Pi/Pico_SDK_v1.5.1/pico-sdk/src/rp2_common/pico_unique_id/unique_id.c.obj
                0x100051a4                pico_get_unique_board_id_string
 .text.flash_get_unique_id
                0x10005204       0x46 hw3/CMakeFiles/hw3.dir/C_/Program_Files/Raspberry_Pi/Pico_SDK_v1.5.1/pico-sdk/src/rp2_common/hardware_flash/flash.c.obj
                0x10005204                flash_get_unique_id
 *fill*         0x1000524a        0x2 
 .text.hw_endpoint_get_by_addr
                0x1000524c       0x18 hw3/CMakeFiles/hw3.dir/C_/Program_Files/Raspberry_Pi/Pico_SDK_v1.5.1/pico-sdk/lib/tinyusb/src/portable/raspberrypi/rp2040/dcd_rp2040.c.obj
 .text._hw_endpoint_alloc
                0x10005264       0x70 hw3/CMakeFiles/hw3.dir/C_/Program_Files/Raspberry_Pi/Pico_SDK_v1.5.1/pico-sdk/lib/tinyusb/src/portable/raspberrypi/rp2040/dcd_rp2040.c.obj
 .text.hw_endpoint_init
                0x100052d4       0x88 hw3/CMakeFiles/hw3.dir/C_/Program_Files/Raspberry_Pi/Pico_SDK_v1.5.1/pico-sdk/lib/tinyusb/src/portable/raspberrypi/rp2040/dcd_rp2040.c.obj
 .text.hw_endpoint_xfer
                0x1000535c       0x14 hw3/CMakeFiles/hw3.dir/C_/Program_Files/Raspberry_Pi/Pico_SDK_v1.5.1/pico-sdk/lib/tinyusb/src/portable/raspberrypi/rp2040/dcd_rp2040.c.obj
 .text.dcd_int_enable
                0x10005370       0x2c hw3/CMakeFiles/hw3.dir/C_/Program_Files/Raspberry_Pi/Pico_SDK_v1.5.1/pico-sdk/lib/tinyusb/src/portable/raspberrypi/rp2040/dcd_rp2040.c.obj
                0x10005370                dcd_int_enable
 .text.dcd_set_address
                0x1000539c       0x2c hw3/CMakeFiles/hw3.dir/C_/Program_Files/Raspberry_Pi/Pico_SDK_v1.5.1/pico-sdk/lib/tinyusb/src/portable/raspberrypi/rp2040/dcd_rp2040.c.obj
                0x1000539c                dcd_set_address
 .text.dcd_connect
                0x100053c8       0x10 hw3/CMakeFiles/hw3.dir/C_/Program_Files/Raspberry_Pi/Pico_SDK_v1.5.1/pico-sdk/lib/tinyusb/src/portable/raspberrypi/rp2040/dcd_rp2040.c.obj
                0x100053c8                dcd_connect
 .text.dcd_init
                0x100053d8       0x80 hw3/CMakeFiles/hw3.dir/C_/Program_Files/Raspberry_Pi/Pico_SDK_v1.5.1/pico-sdk/lib/tinyusb/src/portable/raspberrypi/rp2040/dcd_rp2040.c.obj
                0x100053d8                dcd_init
 .text.dcd_edpt0_status_complete
                0x10005458       0x1c hw3/CMakeFiles/hw3.dir/C_/Program_Files/Raspberry_Pi/Pico_SDK_v1.5.1/pico-sdk/lib/tinyusb/src/portable/raspberrypi/rp2040/dcd_rp2040.c.obj
                0x10005458                dcd_edpt0_status_complete
 .text.dcd_edpt_open
                0x10005474       0x40 hw3/CMakeFiles/hw3.dir/C_/Program_Files/Raspberry_Pi/Pico_SDK_v1.5.1/pico-sdk/lib/tinyusb/src/portable/raspberrypi/rp2040/dcd_rp2040.c.obj
                0x10005474                dcd_edpt_open
 .text.dcd_edpt_close_all
                0x100054b4        0x8 hw3/CMakeFiles/hw3.dir/C_/Program_Files/Raspberry_Pi/Pico_SDK_v1.5.1/pico-sdk/lib/tinyusb/src/portable/raspberrypi/rp2040/dcd_rp2040.c.obj
                0x100054b4                dcd_edpt_close_all
 .text.dcd_edpt_xfer
                0x100054bc       0x34 hw3/CMakeFiles/hw3.dir/C_/Program_Files/Raspberry_Pi/Pico_SDK_v1.5.1/pico-sdk/lib/tinyusb/src/portable/raspberrypi/rp2040/dcd_rp2040.c.obj
                0x100054bc                dcd_edpt_xfer
 .text.dcd_edpt_stall
                0x100054f0       0x2c hw3/CMakeFiles/hw3.dir/C_/Program_Files/Raspberry_Pi/Pico_SDK_v1.5.1/pico-sdk/lib/tinyusb/src/portable/raspberrypi/rp2040/dcd_rp2040.c.obj
                0x100054f0                dcd_edpt_stall
 .text.dcd_edpt_clear_stall
                0x1000551c       0x20 hw3/CMakeFiles/hw3.dir/C_/Program_Files/Raspberry_Pi/Pico_SDK_v1.5.1/pico-sdk/lib/tinyusb/src/portable/raspberrypi/rp2040/dcd_rp2040.c.obj
                0x1000551c                dcd_edpt_clear_stall
 .text.rp2040_usb_init
                0x1000553c       0x4c hw3/CMakeFiles/hw3.dir/C_/Program_Files/Raspberry_Pi/Pico_SDK_v1.5.1/pico-sdk/lib/tinyusb/src/portable/raspberrypi/rp2040/rp2040_usb.c.obj
                0x1000553c                rp2040_usb_init
 .text.hw_endpoint_xfer_start
                0x10005588       0x50 hw3/CMakeFiles/hw3.dir/C_/Program_Files/Raspberry_Pi/Pico_SDK_v1.5.1/pico-sdk/lib/tinyusb/src/portable/raspberrypi/rp2040/rp2040_usb.c.obj
                0x10005588                hw_endpoint_xfer_start
 .text.configuration_reset
                0x100055d8       0x84 hw3/CMakeFiles/hw3.dir/C_/Program_Files/Raspberry_Pi/Pico_SDK_v1.5.1/pico-sdk/lib/tinyusb/src/device/usbd.c.obj
 .text.usbd_reset
                0x1000565c        0xc hw3/CMakeFiles/hw3.dir/C_/Program_Files/Raspberry_Pi/Pico_SDK_v1.5.1/pico-sdk/lib/tinyusb/src/device/usbd.c.obj
 .text.invoke_class_control
                0x10005668       0x1a hw3/CMakeFiles/hw3.dir/C_/Program_Files/Raspberry_Pi/Pico_SDK_v1.5.1/pico-sdk/lib/tinyusb/src/device/usbd.c.obj
 *fill*         0x10005682        0x2 
 .text.process_set_config
                0x10005684      0x178 hw3/CMakeFiles/hw3.dir/C_/Program_Files/Raspberry_Pi/Pico_SDK_v1.5.1/pico-sdk/lib/tinyusb/src/device/usbd.c.obj
 .text.process_get_descriptor
                0x100057fc       0xdc hw3/CMakeFiles/hw3.dir/C_/Program_Files/Raspberry_Pi/Pico_SDK_v1.5.1/pico-sdk/lib/tinyusb/src/device/usbd.c.obj
 .text.tud_mounted
                0x100058d8       0x10 hw3/CMakeFiles/hw3.dir/C_/Program_Files/Raspberry_Pi/Pico_SDK_v1.5.1/pico-sdk/lib/tinyusb/src/device/usbd.c.obj
                0x100058d8                tud_mounted
 .text.tud_suspended
                0x100058e8       0x10 hw3/CMakeFiles/hw3.dir/C_/Program_Files/Raspberry_Pi/Pico_SDK_v1.5.1/pico-sdk/lib/tinyusb/src/device/usbd.c.obj
                0x100058e8                tud_suspended
 .text.tud_inited
                0x100058f8       0x14 hw3/CMakeFiles/hw3.dir/C_/Program_Files/Raspberry_Pi/Pico_SDK_v1.5.1/pico-sdk/lib/tinyusb/src/device/usbd.c.obj
                0x100058f8                tud_inited
 .text.tud_init
                0x1000590c       0xcc hw3/CMakeFiles/hw3.dir/C_/Program_Files/Raspberry_Pi/Pico_SDK_v1.5.1/pico-sdk/lib/tinyusb/src/device/usbd.c.obj
                0x1000590c                tud_init
 .text.usbd_defer_func
                0x100059d8       0x2a hw3/CMakeFiles/hw3.dir/C_/Program_Files/Raspberry_Pi/Pico_SDK_v1.5.1/pico-sdk/lib/tinyusb/src/device/usbd.c.obj
                0x100059d8                usbd_defer_func
 *fill*         0x10005a02        0x2 
 .text.usbd_edpt_open
                0x10005a04       0x34 hw3/CMakeFiles/hw3.dir/C_/Program_Files/Raspberry_Pi/Pico_SDK_v1.5.1/pico-sdk/lib/tinyusb/src/device/usbd.c.obj
                0x10005a04                usbd_edpt_open
 .text.usbd_open_edpt_pair
                0x10005a38       0x62 hw3/CMakeFiles/hw3.dir/C_/Program_Files/Raspberry_Pi/Pico_SDK_v1.5.1/pico-sdk/lib/tinyusb/src/device/usbd.c.obj
                0x10005a38                usbd_open_edpt_pair
 *fill*         0x10005a9a        0x2 
 .text.usbd_edpt_claim
                0x10005a9c       0x28 hw3/CMakeFiles/hw3.dir/C_/Program_Files/Raspberry_Pi/Pico_SDK_v1.5.1/pico-sdk/lib/tinyusb/src/device/usbd.c.obj
                0x10005a9c                usbd_edpt_claim
 .text.usbd_edpt_release
                0x10005ac4       0x28 hw3/CMakeFiles/hw3.dir/C_/Program_Files/Raspberry_Pi/Pico_SDK_v1.5.1/pico-sdk/lib/tinyusb/src/device/usbd.c.obj
                0x10005ac4                usbd_edpt_release
 .text.usbd_edpt_xfer
                0x10005aec       0x78 hw3/CMakeFiles/hw3.dir/C_/Program_Files/Raspberry_Pi/Pico_SDK_v1.5.1/pico-sdk/lib/tinyusb/src/device/usbd.c.obj
                0x10005aec                usbd_edpt_xfer
 .text.usbd_edpt_stall
                0x10005b64       0x48 hw3/CMakeFiles/hw3.dir/C_/Program_Files/Raspberry_Pi/Pico_SDK_v1.5.1/pico-sdk/lib/tinyusb/src/device/usbd.c.obj
                0x10005b64                usbd_edpt_stall
 .text.usbd_edpt_clear_stall
                0x10005bac       0x48 hw3/CMakeFiles/hw3.dir/C_/Program_Files/Raspberry_Pi/Pico_SDK_v1.5.1/pico-sdk/lib/tinyusb/src/device/usbd.c.obj
                0x10005bac                usbd_edpt_clear_stall
 .text.usbd_edpt_stalled
                0x10005bf4       0x1c hw3/CMakeFiles/hw3.dir/C_/Program_Files/Raspberry_Pi/Pico_SDK_v1.5.1/pico-sdk/lib/tinyusb/src/device/usbd.c.obj
                0x10005bf4                usbd_edpt_stalled
 .text.process_control_request
                0x10005c10      0x37c hw3/CMakeFiles/hw3.dir/C_/Program_Files/Raspberry_Pi/Pico_SDK_v1.5.1/pico-sdk/lib/tinyusb/src/device/usbd.c.obj
 .text.tud_task_ext
                0x10005f8c      0x1b8 hw3/CMakeFiles/hw3.dir/C_/Program_Files/Raspberry_Pi/Pico_SDK_v1.5.1/pico-sdk/lib/tinyusb/src/device/usbd.c.obj
                0x10005f8c                tud_task_ext
 .text._data_stage_xact
                0x10006144       0x58 hw3/CMakeFiles/hw3.dir/C_/Program_Files/Raspberry_Pi/Pico_SDK_v1.5.1/pico-sdk/lib/tinyusb/src/device/usbd_control.c.obj
 .text.tud_control_status
                0x1000619c       0x38 hw3/CMakeFiles/hw3.dir/C_/Program_Files/Raspberry_Pi/Pico_SDK_v1.5.1/pico-sdk/lib/tinyusb/src/device/usbd_control.c.obj
                0x1000619c                tud_control_status
 .text.tud_control_xfer
                0x100061d4       0x74 hw3/CMakeFiles/hw3.dir/C_/Program_Files/Raspberry_Pi/Pico_SDK_v1.5.1/pico-sdk/lib/tinyusb/src/device/usbd_control.c.obj
                0x100061d4                tud_control_xfer
 .text.usbd_control_reset
                0x10006248       0x14 hw3/CMakeFiles/hw3.dir/C_/Program_Files/Raspberry_Pi/Pico_SDK_v1.5.1/pico-sdk/lib/tinyusb/src/device/usbd_control.c.obj
                0x10006248                usbd_control_reset
 .text.usbd_control_set_complete_callback
                0x1000625c        0xc hw3/CMakeFiles/hw3.dir/C_/Program_Files/Raspberry_Pi/Pico_SDK_v1.5.1/pico-sdk/lib/tinyusb/src/device/usbd_control.c.obj
                0x1000625c                usbd_control_set_complete_callback
 .text.usbd_control_set_request
                0x10006268       0x1c hw3/CMakeFiles/hw3.dir/C_/Program_Files/Raspberry_Pi/Pico_SDK_v1.5.1/pico-sdk/lib/tinyusb/src/device/usbd_control.c.obj
                0x10006268                usbd_control_set_request
 .text.usbd_control_xfer_cb
                0x10006284       0xcc hw3/CMakeFiles/hw3.dir/C_/Program_Files/Raspberry_Pi/Pico_SDK_v1.5.1/pico-sdk/lib/tinyusb/src/device/usbd_control.c.obj
                0x10006284                usbd_control_xfer_cb
 .text._prep_out_transaction
                0x10006350       0x4a hw3/CMakeFiles/hw3.dir/C_/Program_Files/Raspberry_Pi/Pico_SDK_v1.5.1/pico-sdk/lib/tinyusb/src/class/cdc/cdc_device.c.obj
 *fill*         0x1000639a        0x2 
 .text.tud_cdc_n_connected
                0x1000639c       0x44 hw3/CMakeFiles/hw3.dir/C_/Program_Files/Raspberry_Pi/Pico_SDK_v1.5.1/pico-sdk/lib/tinyusb/src/class/cdc/cdc_device.c.obj
                0x1000639c                tud_cdc_n_connected
 .text.tud_cdc_n_available
                0x100063e0       0x18 hw3/CMakeFiles/hw3.dir/C_/Program_Files/Raspberry_Pi/Pico_SDK_v1.5.1/pico-sdk/lib/tinyusb/src/class/cdc/cdc_device.c.obj
                0x100063e0                tud_cdc_n_available
 .text.tud_cdc_n_read
                0x100063f8       0x28 hw3/CMakeFiles/hw3.dir/C_/Program_Files/Raspberry_Pi/Pico_SDK_v1.5.1/pico-sdk/lib/tinyusb/src/class/cdc/cdc_device.c.obj
                0x100063f8                tud_cdc_n_read
 .text.tud_cdc_n_write_flush
                0x10006420       0xb8 hw3/CMakeFiles/hw3.dir/C_/Program_Files/Raspberry_Pi/Pico_SDK_v1.5.1/pico-sdk/lib/tinyusb/src/class/cdc/cdc_device.c.obj
                0x10006420                tud_cdc_n_write_flush
 .text.tud_cdc_n_write
                0x100064d8       0x38 hw3/CMakeFiles/hw3.dir/C_/Program_Files/Raspberry_Pi/Pico_SDK_v1.5.1/pico-sdk/lib/tinyusb/src/class/cdc/cdc_device.c.obj
                0x100064d8                tud_cdc_n_write
 .text.tud_cdc_n_write_available
                0x10006510       0x1c hw3/CMakeFiles/hw3.dir/C_/Program_Files/Raspberry_Pi/Pico_SDK_v1.5.1/pico-sdk/lib/tinyusb/src/class/cdc/cdc_device.c.obj
                0x10006510                tud_cdc_n_write_available
 .text.cdcd_init
                0x1000652c       0xbc hw3/CMakeFiles/hw3.dir/C_/Program_Files/Raspberry_Pi/Pico_SDK_v1.5.1/pico-sdk/lib/tinyusb/src/class/cdc/cdc_device.c.obj
                0x1000652c                cdcd_init
 .text.cdcd_reset
                0x100065e8       0x44 hw3/CMakeFiles/hw3.dir/C_/Program_Files/Raspberry_Pi/Pico_SDK_v1.5.1/pico-sdk/lib/tinyusb/src/class/cdc/cdc_device.c.obj
                0x100065e8                cdcd_reset
 .text.cdcd_open
                0x1000662c       0xcc hw3/CMakeFiles/hw3.dir/C_/Program_Files/Raspberry_Pi/Pico_SDK_v1.5.1/pico-sdk/lib/tinyusb/src/class/cdc/cdc_device.c.obj
                0x1000662c                cdcd_open
 .text.cdcd_control_xfer_cb
                0x100066f8      0x134 hw3/CMakeFiles/hw3.dir/C_/Program_Files/Raspberry_Pi/Pico_SDK_v1.5.1/pico-sdk/lib/tinyusb/src/class/cdc/cdc_device.c.obj
                0x100066f8                cdcd_control_xfer_cb
 .text.cdcd_xfer_cb
                0x1000682c      0x130 hw3/CMakeFiles/hw3.dir/C_/Program_Files/Raspberry_Pi/Pico_SDK_v1.5.1/pico-sdk/lib/tinyusb/src/class/cdc/cdc_device.c.obj
                0x1000682c                cdcd_xfer_cb
 .text.tusb_init
                0x1000695c        0xa hw3/CMakeFiles/hw3.dir/C_/Program_Files/Raspberry_Pi/Pico_SDK_v1.5.1/pico-sdk/lib/tinyusb/src/tusb.c.obj
                0x1000695c                tusb_init
 .text.tusb_inited
                0x10006966        0xe hw3/CMakeFiles/hw3.dir/C_/Program_Files/Raspberry_Pi/Pico_SDK_v1.5.1/pico-sdk/lib/tinyusb/src/tusb.c.obj
                0x10006966                tusb_inited
 .text.tu_edpt_claim
                0x10006974       0x50 hw3/CMakeFiles/hw3.dir/C_/Program_Files/Raspberry_Pi/Pico_SDK_v1.5.1/pico-sdk/lib/tinyusb/src/tusb.c.obj
                0x10006974                tu_edpt_claim
 .text.tu_edpt_release
                0x100069c4       0x3c hw3/CMakeFiles/hw3.dir/C_/Program_Files/Raspberry_Pi/Pico_SDK_v1.5.1/pico-sdk/lib/tinyusb/src/tusb.c.obj
                0x100069c4                tu_edpt_release
 .text.tu_edpt_validate
                0x10006a00       0x78 hw3/CMakeFiles/hw3.dir/C_/Program_Files/Raspberry_Pi/Pico_SDK_v1.5.1/pico-sdk/lib/tinyusb/src/tusb.c.obj
                0x10006a00                tu_edpt_validate
 .text.tu_edpt_bind_driver
                0x10006a78       0x26 hw3/CMakeFiles/hw3.dir/C_/Program_Files/Raspberry_Pi/Pico_SDK_v1.5.1/pico-sdk/lib/tinyusb/src/tusb.c.obj
                0x10006a78                tu_edpt_bind_driver
 .text.advance_index
                0x10006a9e       0x1a hw3/CMakeFiles/hw3.dir/C_/Program_Files/Raspberry_Pi/Pico_SDK_v1.5.1/pico-sdk/lib/tinyusb/src/common/tusb_fifo.c.obj
 .text._tu_fifo_peek
                0x10006ab8       0x56 hw3/CMakeFiles/hw3.dir/C_/Program_Files/Raspberry_Pi/Pico_SDK_v1.5.1/pico-sdk/lib/tinyusb/src/common/tusb_fifo.c.obj
 .text._ff_pull_const_addr
                0x10006b0e       0x4c hw3/CMakeFiles/hw3.dir/C_/Program_Files/Raspberry_Pi/Pico_SDK_v1.5.1/pico-sdk/lib/tinyusb/src/common/tusb_fifo.c.obj
 .text._ff_pull_n
                0x10006b5a      0x110 hw3/CMakeFiles/hw3.dir/C_/Program_Files/Raspberry_Pi/Pico_SDK_v1.5.1/pico-sdk/lib/tinyusb/src/common/tusb_fifo.c.obj
 .text._tu_fifo_peek_n
                0x10006c6a       0x6a hw3/CMakeFiles/hw3.dir/C_/Program_Files/Raspberry_Pi/Pico_SDK_v1.5.1/pico-sdk/lib/tinyusb/src/common/tusb_fifo.c.obj
 .text._tu_fifo_read_n
                0x10006cd4       0x4e hw3/CMakeFiles/hw3.dir/C_/Program_Files/Raspberry_Pi/Pico_SDK_v1.5.1/pico-sdk/lib/tinyusb/src/common/tusb_fifo.c.obj
 .text._ff_push_const_addr
                0x10006d22       0x40 hw3/CMakeFiles/hw3.dir/C_/Program_Files/Raspberry_Pi/Pico_SDK_v1.5.1/pico-sdk/lib/tinyusb/src/common/tusb_fifo.c.obj
 .text._ff_push_n
                0x10006d62      0x10c hw3/CMakeFiles/hw3.dir/C_/Program_Files/Raspberry_Pi/Pico_SDK_v1.5.1/pico-sdk/lib/tinyusb/src/common/tusb_fifo.c.obj
 .text._tu_fifo_write_n
                0x10006e6e       0xf0 hw3/CMakeFiles/hw3.dir/C_/Program_Files/Raspberry_Pi/Pico_SDK_v1.5.1/pico-sdk/lib/tinyusb/src/common/tusb_fifo.c.obj
 .text.tu_fifo_config
                0x10006f5e       0x7c hw3/CMakeFiles/hw3.dir/C_/Program_Files/Raspberry_Pi/Pico_SDK_v1.5.1/pico-sdk/lib/tinyusb/src/common/tusb_fifo.c.obj
                0x10006f5e                tu_fifo_config
 .text.tu_fifo_count
                0x10006fda       0x2a hw3/CMakeFiles/hw3.dir/C_/Program_Files/Raspberry_Pi/Pico_SDK_v1.5.1/pico-sdk/lib/tinyusb/src/common/tusb_fifo.c.obj
                0x10006fda                tu_fifo_count
 .text.tu_fifo_empty
                0x10007004       0x10 hw3/CMakeFiles/hw3.dir/C_/Program_Files/Raspberry_Pi/Pico_SDK_v1.5.1/pico-sdk/lib/tinyusb/src/common/tusb_fifo.c.obj
                0x10007004                tu_fifo_empty
 .text.tu_fifo_full
                0x10007014       0x28 hw3/CMakeFiles/hw3.dir/C_/Program_Files/Raspberry_Pi/Pico_SDK_v1.5.1/pico-sdk/lib/tinyusb/src/common/tusb_fifo.c.obj
                0x10007014                tu_fifo_full
 .text.tu_fifo_remaining
                0x1000703c       0x2c hw3/CMakeFiles/hw3.dir/C_/Program_Files/Raspberry_Pi/Pico_SDK_v1.5.1/pico-sdk/lib/tinyusb/src/common/tusb_fifo.c.obj
                0x1000703c                tu_fifo_remaining
 .text.tu_fifo_read
                0x10007068       0x42 hw3/CMakeFiles/hw3.dir/C_/Program_Files/Raspberry_Pi/Pico_SDK_v1.5.1/pico-sdk/lib/tinyusb/src/common/tusb_fifo.c.obj
                0x10007068                tu_fifo_read
 .text.tu_fifo_read_n
                0x100070aa        0xa hw3/CMakeFiles/hw3.dir/C_/Program_Files/Raspberry_Pi/Pico_SDK_v1.5.1/pico-sdk/lib/tinyusb/src/common/tusb_fifo.c.obj
                0x100070aa                tu_fifo_read_n
 .text.tu_fifo_write
                0x100070b4       0x64 hw3/CMakeFiles/hw3.dir/C_/Program_Files/Raspberry_Pi/Pico_SDK_v1.5.1/pico-sdk/lib/tinyusb/src/common/tusb_fifo.c.obj
                0x100070b4                tu_fifo_write
 .text.tu_fifo_write_n
                0x10007118        0xa hw3/CMakeFiles/hw3.dir/C_/Program_Files/Raspberry_Pi/Pico_SDK_v1.5.1/pico-sdk/lib/tinyusb/src/common/tusb_fifo.c.obj
                0x10007118                tu_fifo_write_n
 .text.tu_fifo_clear
                0x10007122       0x3e hw3/CMakeFiles/hw3.dir/C_/Program_Files/Raspberry_Pi/Pico_SDK_v1.5.1/pico-sdk/lib/tinyusb/src/common/tusb_fifo.c.obj
                0x10007122                tu_fifo_clear
 .text.tu_fifo_set_overwritable
                0x10007160       0x46 hw3/CMakeFiles/hw3.dir/C_/Program_Files/Raspberry_Pi/Pico_SDK_v1.5.1/pico-sdk/lib/tinyusb/src/common/tusb_fifo.c.obj
                0x10007160                tu_fifo_set_overwritable
 *fill*         0x100071a6        0x2 
 .text.adc_init
                0x100071a8       0x34 hw3/CMakeFiles/hw3.dir/C_/Program_Files/Raspberry_Pi/Pico_SDK_v1.5.1/pico-sdk/src/rp2_common/hardware_adc/adc.c.obj
                0x100071a8                adc_init
 .text._calloc_r
                0x100071dc       0x9c c:/progra~2/gnuarm~1/102021~1.10/bin/../lib/gcc/arm-none-eabi/10.3.1/../../../../arm-none-eabi/lib/thumb/v6-m/nofp\libg.a(lib_a-callocr.o)
                0x100071dc                _calloc_r
 .text.__errno  0x10007278        0xc c:/progra~2/gnuarm~1/102021~1.10/bin/../lib/gcc/arm-none-eabi/10.3.1/../../../../arm-none-eabi/lib/thumb/v6-m/nofp\libg.a(lib_a-errno.o)
                0x10007278                __errno
 .text.malloc   0x10007284       0x14 c:/progra~2/gnuarm~1/102021~1.10/bin/../lib/gcc/arm-none-eabi/10.3.1/../../../../arm-none-eabi/lib/thumb/v6-m/nofp\libg.a(lib_a-malloc.o)
                0x10007284                malloc
 .text.free     0x10007298       0x14 c:/progra~2/gnuarm~1/102021~1.10/bin/../lib/gcc/arm-none-eabi/10.3.1/../../../../arm-none-eabi/lib/thumb/v6-m/nofp\libg.a(lib_a-malloc.o)
                0x10007298                free
 .text._malloc_r
                0x100072ac      0x584 c:/progra~2/gnuarm~1/102021~1.10/bin/../lib/gcc/arm-none-eabi/10.3.1/../../../../arm-none-eabi/lib/thumb/v6-m/nofp\libg.a(lib_a-mallocr.o)
                0x100072ac                _malloc_r
 .text.__malloc_lock
                0x10007830       0x10 c:/progra~2/gnuarm~1/102021~1.10/bin/../lib/gcc/arm-none-eabi/10.3.1/../../../../arm-none-eabi/lib/thumb/v6-m/nofp\libg.a(lib_a-mlock.o)
                0x10007830                __malloc_lock
 .text.__malloc_unlock
                0x10007840       0x10 c:/progra~2/gnuarm~1/102021~1.10/bin/../lib/gcc/arm-none-eabi/10.3.1/../../../../arm-none-eabi/lib/thumb/v6-m/nofp\libg.a(lib_a-mlock.o)
                0x10007840                __malloc_unlock
 .text.realloc  0x10007850       0x18 c:/progra~2/gnuarm~1/102021~1.10/bin/../lib/gcc/arm-none-eabi/10.3.1/../../../../arm-none-eabi/lib/thumb/v6-m/nofp\libg.a(lib_a-realloc.o)
                0x10007850                realloc
 .text._realloc_r
                0x10007868      0x354 c:/progra~2/gnuarm~1/102021~1.10/bin/../lib/gcc/arm-none-eabi/10.3.1/../../../../arm-none-eabi/lib/thumb/v6-m/nofp\libg.a(lib_a-reallocr.o)
                0x10007868                _realloc_r
 .text._sbrk_r  0x10007bbc       0x24 c:/progra~2/gnuarm~1/102021~1.10/bin/../lib/gcc/arm-none-eabi/10.3.1/../../../../arm-none-eabi/lib/thumb/v6-m/nofp\libg.a(lib_a-sbrkr.o)
                0x10007bbc                _sbrk_r
 .text.scanf    0x10007be0       0x24 c:/progra~2/gnuarm~1/102021~1.10/bin/../lib/gcc/arm-none-eabi/10.3.1/../../../../arm-none-eabi/lib/thumb/v6-m/nofp\libg.a(lib_a-scanf.o)
                0x10007be0                scanf
 .text.strlen   0x10007c04       0x5c c:/progra~2/gnuarm~1/102021~1.10/bin/../lib/gcc/arm-none-eabi/10.3.1/../../../../arm-none-eabi/lib/thumb/v6-m/nofp\libg.a(lib_a-strlen-stub.o)
                0x10007c04                strlen
 .text.__svfscanf_r
                0x10007c60     0x17d8 c:/progra~2/gnuarm~1/102021~1.10/bin/../lib/gcc/arm-none-eabi/10.3.1/../../../../arm-none-eabi/lib/thumb/v6-m/nofp\libg.a(lib_a-vfscanf.o)
                0x10007c60                __svfscanf_r
 .text._vfscanf_r
                0x10009438       0x28 c:/progra~2/gnuarm~1/102021~1.10/bin/../lib/gcc/arm-none-eabi/10.3.1/../../../../arm-none-eabi/lib/thumb/v6-m/nofp\libg.a(lib_a-vfscanf.o)
                0x10009438                _vfscanf_r
 .text._cleanup_r
                0x10009460       0x10 c:/progra~2/gnuarm~1/102021~1.10/bin/../lib/gcc/arm-none-eabi/10.3.1/../../../../arm-none-eabi/lib/thumb/v6-m/nofp\libg.a(lib_a-findfp.o)
                0x10009460                _cleanup_r
 .text.__sinit  0x10009470      0x120 c:/progra~2/gnuarm~1/102021~1.10/bin/../lib/gcc/arm-none-eabi/10.3.1/../../../../arm-none-eabi/lib/thumb/v6-m/nofp\libg.a(lib_a-findfp.o)
                0x10009470                __sinit
 .text.__sfp_lock_acquire
                0x10009590       0x10 c:/progra~2/gnuarm~1/102021~1.10/bin/../lib/gcc/arm-none-eabi/10.3.1/../../../../arm-none-eabi/lib/thumb/v6-m/nofp\libg.a(lib_a-findfp.o)
                0x10009590                __sfp_lock_acquire
 .text.__sfp_lock_release
                0x100095a0       0x10 c:/progra~2/gnuarm~1/102021~1.10/bin/../lib/gcc/arm-none-eabi/10.3.1/../../../../arm-none-eabi/lib/thumb/v6-m/nofp\libg.a(lib_a-findfp.o)
                0x100095a0                __sfp_lock_release
 .text._fread_r
                0x100095b0      0x1bc c:/progra~2/gnuarm~1/102021~1.10/bin/../lib/gcc/arm-none-eabi/10.3.1/../../../../arm-none-eabi/lib/thumb/v6-m/nofp\libg.a(lib_a-fread.o)
                0x100095b0                _fread_r
 .text._malloc_trim_r
                0x1000976c       0x9c c:/progra~2/gnuarm~1/102021~1.10/bin/../lib/gcc/arm-none-eabi/10.3.1/../../../../arm-none-eabi/lib/thumb/v6-m/nofp\libg.a(lib_a-freer.o)
                0x1000976c                _malloc_trim_r
 .text._free_r  0x10009808      0x1c4 c:/progra~2/gnuarm~1/102021~1.10/bin/../lib/gcc/arm-none-eabi/10.3.1/../../../../arm-none-eabi/lib/thumb/v6-m/nofp\libg.a(lib_a-freer.o)
                0x10009808                _free_r
 .text._fwalk   0x100099cc       0x40 c:/progra~2/gnuarm~1/102021~1.10/bin/../lib/gcc/arm-none-eabi/10.3.1/../../../../arm-none-eabi/lib/thumb/v6-m/nofp\libg.a(lib_a-fwalk.o)
                0x100099cc                _fwalk
 .text._fwalk_reent
                0x10009a0c       0x48 c:/progra~2/gnuarm~1/102021~1.10/bin/../lib/gcc/arm-none-eabi/10.3.1/../../../../arm-none-eabi/lib/thumb/v6-m/nofp\libg.a(lib_a-fwalk.o)
                0x10009a0c                _fwalk_reent
 .text.iswspace
                0x10009a54        0xc c:/progra~2/gnuarm~1/102021~1.10/bin/../lib/gcc/arm-none-eabi/10.3.1/../../../../arm-none-eabi/lib/thumb/v6-m/nofp\libg.a(lib_a-iswspace.o)
                0x10009a54                iswspace
 .text.iswspace_l
                0x10009a60       0x18 c:/progra~2/gnuarm~1/102021~1.10/bin/../lib/gcc/arm-none-eabi/10.3.1/../../../../arm-none-eabi/lib/thumb/v6-m/nofp\libg.a(lib_a-iswspace_l.o)
                0x10009a60                iswspace_l
 .text.__locale_mb_cur_max
                0x10009a78       0x10 c:/progra~2/gnuarm~1/102021~1.10/bin/../lib/gcc/arm-none-eabi/10.3.1/../../../../arm-none-eabi/lib/thumb/v6-m/nofp\libg.a(lib_a-locale.o)
                0x10009a78                __locale_mb_cur_max
 .text._localeconv_r
                0x10009a88        0x8 c:/progra~2/gnuarm~1/102021~1.10/bin/../lib/gcc/arm-none-eabi/10.3.1/../../../../arm-none-eabi/lib/thumb/v6-m/nofp\libg.a(lib_a-localeconv.o)
                0x10009a88                _localeconv_r
 .text.__retarget_lock_init_recursive
                0x10009a90        0x4 c:/progra~2/gnuarm~1/102021~1.10/bin/../lib/gcc/arm-none-eabi/10.3.1/../../../../arm-none-eabi/lib/thumb/v6-m/nofp\libg.a(lib_a-lock.o)
                0x10009a90                __retarget_lock_init_recursive
 .text.__retarget_lock_close_recursive
                0x10009a94        0x4 c:/progra~2/gnuarm~1/102021~1.10/bin/../lib/gcc/arm-none-eabi/10.3.1/../../../../arm-none-eabi/lib/thumb/v6-m/nofp\libg.a(lib_a-lock.o)
                0x10009a94                __retarget_lock_close_recursive
 .text.__retarget_lock_acquire_recursive
                0x10009a98        0x4 c:/progra~2/gnuarm~1/102021~1.10/bin/../lib/gcc/arm-none-eabi/10.3.1/../../../../arm-none-eabi/lib/thumb/v6-m/nofp\libg.a(lib_a-lock.o)
                0x10009a98                __retarget_lock_acquire_recursive
 .text.__retarget_lock_release_recursive
                0x10009a9c        0x4 c:/progra~2/gnuarm~1/102021~1.10/bin/../lib/gcc/arm-none-eabi/10.3.1/../../../../arm-none-eabi/lib/thumb/v6-m/nofp\libg.a(lib_a-lock.o)
                0x10009a9c                __retarget_lock_release_recursive
 .text._mbrtowc_r
                0x10009aa0       0x4c c:/progra~2/gnuarm~1/102021~1.10/bin/../lib/gcc/arm-none-eabi/10.3.1/../../../../arm-none-eabi/lib/thumb/v6-m/nofp\libg.a(lib_a-mbrtowc.o)
                0x10009aa0                _mbrtowc_r
 .text.__ascii_mbtowc
                0x10009aec       0x2c c:/progra~2/gnuarm~1/102021~1.10/bin/../lib/gcc/arm-none-eabi/10.3.1/../../../../arm-none-eabi/lib/thumb/v6-m/nofp\libg.a(lib_a-mbtowc_r.o)
                0x10009aec                __ascii_mbtowc
 .text.memmove  0x10009b18       0xac c:/progra~2/gnuarm~1/102021~1.10/bin/../lib/gcc/arm-none-eabi/10.3.1/../../../../arm-none-eabi/lib/thumb/v6-m/nofp\libg.a(lib_a-memmove.o)
                0x10009b18                memmove
 .text.lflush   0x10009bc4       0x1c c:/progra~2/gnuarm~1/102021~1.10/bin/../lib/gcc/arm-none-eabi/10.3.1/../../../../arm-none-eabi/lib/thumb/v6-m/nofp\libg.a(lib_a-refill.o)
 .text.__srefill_r
                0x10009be0      0x124 c:/progra~2/gnuarm~1/102021~1.10/bin/../lib/gcc/arm-none-eabi/10.3.1/../../../../arm-none-eabi/lib/thumb/v6-m/nofp\libg.a(lib_a-refill.o)
                0x10009be0                __srefill_r
 .text.__sccl   0x10009d04       0x80 c:/progra~2/gnuarm~1/102021~1.10/bin/../lib/gcc/arm-none-eabi/10.3.1/../../../../arm-none-eabi/lib/thumb/v6-m/nofp\libg.a(lib_a-sccl.o)
                0x10009d04                __sccl
 .text.nanf     0x10009d84        0x8 c:/progra~2/gnuarm~1/102021~1.10/bin/../lib/gcc/arm-none-eabi/10.3.1/../../../../arm-none-eabi/lib/thumb/v6-m/nofp\libg.a(lib_a-sf_nan.o)
                0x10009d84                nanf
 .text.__sread  0x10009d8c       0x28 c:/progra~2/gnuarm~1/102021~1.10/bin/../lib/gcc/arm-none-eabi/10.3.1/../../../../arm-none-eabi/lib/thumb/v6-m/nofp\libg.a(lib_a-stdio.o)
                0x10009d8c                __sread
 .text.__swrite
                0x10009db4       0x40 c:/progra~2/gnuarm~1/102021~1.10/bin/../lib/gcc/arm-none-eabi/10.3.1/../../../../arm-none-eabi/lib/thumb/v6-m/nofp\libg.a(lib_a-stdio.o)
                0x10009db4                __swrite
 .text.__sseek  0x10009df4       0x2c c:/progra~2/gnuarm~1/102021~1.10/bin/../lib/gcc/arm-none-eabi/10.3.1/../../../../arm-none-eabi/lib/thumb/v6-m/nofp\libg.a(lib_a-stdio.o)
                0x10009df4                __sseek
 .text.__sclose
                0x10009e20        0xc c:/progra~2/gnuarm~1/102021~1.10/bin/../lib/gcc/arm-none-eabi/10.3.1/../../../../arm-none-eabi/lib/thumb/v6-m/nofp\libg.a(lib_a-stdio.o)
                0x10009e20                __sclose
 .text._strtod_l
                0x10009e2c      0xf78 c:/progra~2/gnuarm~1/102021~1.10/bin/../lib/gcc/arm-none-eabi/10.3.1/../../../../arm-none-eabi/lib/thumb/v6-m/nofp\libg.a(lib_a-strtod.o)
                0x10009e2c                _strtod_l
 .text._strtod_r
                0x1000ada4       0x10 c:/progra~2/gnuarm~1/102021~1.10/bin/../lib/gcc/arm-none-eabi/10.3.1/../../../../arm-none-eabi/lib/thumb/v6-m/nofp\libg.a(lib_a-strtod.o)
                0x1000ada4                _strtod_r
 .text._strtol_l.part.0
                0x1000adb4      0x144 c:/progra~2/gnuarm~1/102021~1.10/bin/../lib/gcc/arm-none-eabi/10.3.1/../../../../arm-none-eabi/lib/thumb/v6-m/nofp\libg.a(lib_a-strtol.o)
 .text._strtol_r
                0x1000aef8       0x1c c:/progra~2/gnuarm~1/102021~1.10/bin/../lib/gcc/arm-none-eabi/10.3.1/../../../../arm-none-eabi/lib/thumb/v6-m/nofp\libg.a(lib_a-strtol.o)
                0x1000aef8                _strtol_r
 .text._strtoll_l.constprop.0
                0x1000af14      0x198 c:/progra~2/gnuarm~1/102021~1.10/bin/../lib/gcc/arm-none-eabi/10.3.1/../../../../arm-none-eabi/lib/thumb/v6-m/nofp\libg.a(lib_a-strtoll.o)
 .text._strtoll_r
                0x1000b0ac        0x8 c:/progra~2/gnuarm~1/102021~1.10/bin/../lib/gcc/arm-none-eabi/10.3.1/../../../../arm-none-eabi/lib/thumb/v6-m/nofp\libg.a(lib_a-strtoll.o)
                0x1000b0ac                _strtoll_r
 .text._strtoul_l.constprop.0
                0x1000b0b4      0x148 c:/progra~2/gnuarm~1/102021~1.10/bin/../lib/gcc/arm-none-eabi/10.3.1/../../../../arm-none-eabi/lib/thumb/v6-m/nofp\libg.a(lib_a-strtoul.o)
 .text._strtoul_r
                0x1000b1fc        0x8 c:/progra~2/gnuarm~1/102021~1.10/bin/../lib/gcc/arm-none-eabi/10.3.1/../../../../arm-none-eabi/lib/thumb/v6-m/nofp\libg.a(lib_a-strtoul.o)
                0x1000b1fc                _strtoul_r
 .text._strtoull_l.constprop.0
                0x1000b204      0x1bc c:/progra~2/gnuarm~1/102021~1.10/bin/../lib/gcc/arm-none-eabi/10.3.1/../../../../arm-none-eabi/lib/thumb/v6-m/nofp\libg.a(lib_a-strtoull.o)
 .text._strtoull_r
                0x1000b3c0        0x8 c:/progra~2/gnuarm~1/102021~1.10/bin/../lib/gcc/arm-none-eabi/10.3.1/../../../../arm-none-eabi/lib/thumb/v6-m/nofp\libg.a(lib_a-strtoull.o)
                0x1000b3c0                _strtoull_r
 .text.__submore
                0x1000b3c8       0x84 c:/progra~2/gnuarm~1/102021~1.10/bin/../lib/gcc/arm-none-eabi/10.3.1/../../../../arm-none-eabi/lib/thumb/v6-m/nofp\libg.a(lib_a-ungetc.o)
                0x1000b3c8                __submore
 .text._ungetc_r
                0x1000b44c      0x138 c:/progra~2/gnuarm~1/102021~1.10/bin/../lib/gcc/arm-none-eabi/10.3.1/../../../../arm-none-eabi/lib/thumb/v6-m/nofp\libg.a(lib_a-ungetc.o)
                0x1000b44c                _ungetc_r
 .text.__ascii_wctomb
                0x1000b584       0x1c c:/progra~2/gnuarm~1/102021~1.10/bin/../lib/gcc/arm-none-eabi/10.3.1/../../../../arm-none-eabi/lib/thumb/v6-m/nofp\libg.a(lib_a-wctomb_r.o)
                0x1000b584                __ascii_wctomb
 .text._write_r
                0x1000b5a0       0x28 c:/progra~2/gnuarm~1/102021~1.10/bin/../lib/gcc/arm-none-eabi/10.3.1/../../../../arm-none-eabi/lib/thumb/v6-m/nofp\libg.a(lib_a-writer.o)
                0x1000b5a0                _write_r
 .text._close_r
                0x1000b5c8       0x24 c:/progra~2/gnuarm~1/102021~1.10/bin/../lib/gcc/arm-none-eabi/10.3.1/../../../../arm-none-eabi/lib/thumb/v6-m/nofp\libg.a(lib_a-closer.o)
                0x1000b5c8                _close_r
 .text._fclose_r
                0x1000b5ec       0xdc c:/progra~2/gnuarm~1/102021~1.10/bin/../lib/gcc/arm-none-eabi/10.3.1/../../../../arm-none-eabi/lib/thumb/v6-m/nofp\libg.a(lib_a-fclose.o)
                0x1000b5ec                _fclose_r
 .text.__sflush_r
                0x1000b6c8      0x140 c:/progra~2/gnuarm~1/102021~1.10/bin/../lib/gcc/arm-none-eabi/10.3.1/../../../../arm-none-eabi/lib/thumb/v6-m/nofp\libg.a(lib_a-fflush.o)
                0x1000b6c8                __sflush_r
 .text._fflush_r
                0x1000b808       0x6c c:/progra~2/gnuarm~1/102021~1.10/bin/../lib/gcc/arm-none-eabi/10.3.1/../../../../arm-none-eabi/lib/thumb/v6-m/nofp\libg.a(lib_a-fflush.o)
                0x1000b808                _fflush_r
 .text.fflush   0x1000b874       0x78 c:/progra~2/gnuarm~1/102021~1.10/bin/../lib/gcc/arm-none-eabi/10.3.1/../../../../arm-none-eabi/lib/thumb/v6-m/nofp\libg.a(lib_a-fflush.o)
                0x1000b874                fflush
 .text.rshift   0x1000b8ec       0xa4 c:/progra~2/gnuarm~1/102021~1.10/bin/../lib/gcc/arm-none-eabi/10.3.1/../../../../arm-none-eabi/lib/thumb/v6-m/nofp\libg.a(lib_a-gdtoa-gethex.o)
 .text.__gethex
                0x1000b990      0x5cc c:/progra~2/gnuarm~1/102021~1.10/bin/../lib/gcc/arm-none-eabi/10.3.1/../../../../arm-none-eabi/lib/thumb/v6-m/nofp\libg.a(lib_a-gdtoa-gethex.o)
                0x1000b990                __gethex
 .text.__match  0x1000bf5c       0x2c c:/progra~2/gnuarm~1/102021~1.10/bin/../lib/gcc/arm-none-eabi/10.3.1/../../../../arm-none-eabi/lib/thumb/v6-m/nofp\libg.a(lib_a-gdtoa-hexnan.o)
                0x1000bf5c                __match
 .text.__hexnan
                0x1000bf88      0x1d0 c:/progra~2/gnuarm~1/102021~1.10/bin/../lib/gcc/arm-none-eabi/10.3.1/../../../../arm-none-eabi/lib/thumb/v6-m/nofp\libg.a(lib_a-gdtoa-hexnan.o)
                0x1000bf88                __hexnan
 .text._lseek_r
                0x1000c158       0x28 c:/progra~2/gnuarm~1/102021~1.10/bin/../lib/gcc/arm-none-eabi/10.3.1/../../../../arm-none-eabi/lib/thumb/v6-m/nofp\libg.a(lib_a-lseekr.o)
                0x1000c158                _lseek_r
 .text.__smakebuf_r
                0x1000c180       0xe4 c:/progra~2/gnuarm~1/102021~1.10/bin/../lib/gcc/arm-none-eabi/10.3.1/../../../../arm-none-eabi/lib/thumb/v6-m/nofp\libg.a(lib_a-makebuf.o)
                0x1000c180                __smakebuf_r
 .text._Balloc  0x1000c264       0x50 c:/progra~2/gnuarm~1/102021~1.10/bin/../lib/gcc/arm-none-eabi/10.3.1/../../../../arm-none-eabi/lib/thumb/v6-m/nofp\libg.a(lib_a-mprec.o)
                0x1000c264                _Balloc
 .text._Bfree   0x1000c2b4       0x14 c:/progra~2/gnuarm~1/102021~1.10/bin/../lib/gcc/arm-none-eabi/10.3.1/../../../../arm-none-eabi/lib/thumb/v6-m/nofp\libg.a(lib_a-mprec.o)
                0x1000c2b4                _Bfree
 .text.__multadd
                0x1000c2c8       0xa8 c:/progra~2/gnuarm~1/102021~1.10/bin/../lib/gcc/arm-none-eabi/10.3.1/../../../../arm-none-eabi/lib/thumb/v6-m/nofp\libg.a(lib_a-mprec.o)
                0x1000c2c8                __multadd
 .text.__s2b    0x1000c370       0xb0 c:/progra~2/gnuarm~1/102021~1.10/bin/../lib/gcc/arm-none-eabi/10.3.1/../../../../arm-none-eabi/lib/thumb/v6-m/nofp\libg.a(lib_a-mprec.o)
                0x1000c370                __s2b
 .text.__hi0bits
                0x1000c420       0x38 c:/progra~2/gnuarm~1/102021~1.10/bin/../lib/gcc/arm-none-eabi/10.3.1/../../../../arm-none-eabi/lib/thumb/v6-m/nofp\libg.a(lib_a-mprec.o)
                0x1000c420                __hi0bits
 .text.__lo0bits
                0x1000c458       0x5c c:/progra~2/gnuarm~1/102021~1.10/bin/../lib/gcc/arm-none-eabi/10.3.1/../../../../arm-none-eabi/lib/thumb/v6-m/nofp\libg.a(lib_a-mprec.o)
                0x1000c458                __lo0bits
 .text.__i2b    0x1000c4b4       0x60 c:/progra~2/gnuarm~1/102021~1.10/bin/../lib/gcc/arm-none-eabi/10.3.1/../../../../arm-none-eabi/lib/thumb/v6-m/nofp\libg.a(lib_a-mprec.o)
                0x1000c4b4                __i2b
 .text.__multiply
                0x1000c514      0x1a4 c:/progra~2/gnuarm~1/102021~1.10/bin/../lib/gcc/arm-none-eabi/10.3.1/../../../../arm-none-eabi/lib/thumb/v6-m/nofp\libg.a(lib_a-mprec.o)
                0x1000c514                __multiply
 .text.__pow5mult
                0x1000c6b8       0xd8 c:/progra~2/gnuarm~1/102021~1.10/bin/../lib/gcc/arm-none-eabi/10.3.1/../../../../arm-none-eabi/lib/thumb/v6-m/nofp\libg.a(lib_a-mprec.o)
                0x1000c6b8                __pow5mult
 .text.__lshift
                0x1000c790       0xfc c:/progra~2/gnuarm~1/102021~1.10/bin/../lib/gcc/arm-none-eabi/10.3.1/../../../../arm-none-eabi/lib/thumb/v6-m/nofp\libg.a(lib_a-mprec.o)
                0x1000c790                __lshift
 .text.__mcmp   0x1000c88c       0x34 c:/progra~2/gnuarm~1/102021~1.10/bin/../lib/gcc/arm-none-eabi/10.3.1/../../../../arm-none-eabi/lib/thumb/v6-m/nofp\libg.a(lib_a-mprec.o)
                0x1000c88c                __mcmp
 .text.__mdiff  0x1000c8c0      0x18c c:/progra~2/gnuarm~1/102021~1.10/bin/../lib/gcc/arm-none-eabi/10.3.1/../../../../arm-none-eabi/lib/thumb/v6-m/nofp\libg.a(lib_a-mprec.o)
                0x1000c8c0                __mdiff
 .text.__ulp    0x1000ca4c       0x48 c:/progra~2/gnuarm~1/102021~1.10/bin/../lib/gcc/arm-none-eabi/10.3.1/../../../../arm-none-eabi/lib/thumb/v6-m/nofp\libg.a(lib_a-mprec.o)
                0x1000ca4c                __ulp
 .text.__b2d    0x1000ca94       0xc8 c:/progra~2/gnuarm~1/102021~1.10/bin/../lib/gcc/arm-none-eabi/10.3.1/../../../../arm-none-eabi/lib/thumb/v6-m/nofp\libg.a(lib_a-mprec.o)
                0x1000ca94                __b2d
 .text.__d2b    0x1000cb5c       0xd8 c:/progra~2/gnuarm~1/102021~1.10/bin/../lib/gcc/arm-none-eabi/10.3.1/../../../../arm-none-eabi/lib/thumb/v6-m/nofp\libg.a(lib_a-mprec.o)
                0x1000cb5c                __d2b
 .text.__ratio  0x1000cc34       0x68 c:/progra~2/gnuarm~1/102021~1.10/bin/../lib/gcc/arm-none-eabi/10.3.1/../../../../arm-none-eabi/lib/thumb/v6-m/nofp\libg.a(lib_a-mprec.o)
                0x1000cc34                __ratio
 .text.__copybits
                0x1000cc9c       0x40 c:/progra~2/gnuarm~1/102021~1.10/bin/../lib/gcc/arm-none-eabi/10.3.1/../../../../arm-none-eabi/lib/thumb/v6-m/nofp\libg.a(lib_a-mprec.o)
                0x1000cc9c                __copybits
 .text.__any_on
                0x1000ccdc       0x50 c:/progra~2/gnuarm~1/102021~1.10/bin/../lib/gcc/arm-none-eabi/10.3.1/../../../../arm-none-eabi/lib/thumb/v6-m/nofp\libg.a(lib_a-mprec.o)
                0x1000ccdc                __any_on
 .text._read_r  0x1000cd2c       0x28 c:/progra~2/gnuarm~1/102021~1.10/bin/../lib/gcc/arm-none-eabi/10.3.1/../../../../arm-none-eabi/lib/thumb/v6-m/nofp\libg.a(lib_a-readr.o)
                0x1000cd2c                _read_r
 .text.nan      0x1000cd54        0xc c:/progra~2/gnuarm~1/102021~1.10/bin/../lib/gcc/arm-none-eabi/10.3.1/../../../../arm-none-eabi/lib/thumb/v6-m/nofp\libg.a(lib_a-s_nan.o)
                0x1000cd54                nan
 .text.strncmp  0x1000cd60       0x74 c:/progra~2/gnuarm~1/102021~1.10/bin/../lib/gcc/arm-none-eabi/10.3.1/../../../../arm-none-eabi/lib/thumb/v6-m/nofp\libg.a(lib_a-strncmp.o)
                0x1000cd60                strncmp
 .text._fstat_r
                0x1000cdd4       0x28 c:/progra~2/gnuarm~1/102021~1.10/bin/../lib/gcc/arm-none-eabi/10.3.1/../../../../arm-none-eabi/lib/thumb/v6-m/nofp\libg.a(lib_a-fstatr.o)
                0x1000cdd4                _fstat_r
 .text._isatty_r
                0x1000cdfc       0x24 c:/progra~2/gnuarm~1/102021~1.10/bin/../lib/gcc/arm-none-eabi/10.3.1/../../../../arm-none-eabi/lib/thumb/v6-m/nofp\libg.a(lib_a-isattyr.o)
                0x1000cdfc                _isatty_r
 *(.fini)
 .fini          0x1000ce20        0x4 c:/progra~2/gnuarm~1/102021~1.10/bin/../lib/gcc/arm-none-eabi/10.3.1/thumb/v6-m/nofp/crti.o
                0x1000ce20                _fini
 *fill*         0x1000ce24        0x4 
 .fini.__stub   0x1000ce28       0xe0 linker stubs
 *crtbegin.o(.ctors)
 *crtbegin?.o(.ctors)
 *(EXCLUDE_FILE(*crtend.o *crtend?.o) .ctors)
 *(SORT_BY_NAME(.ctors.*))
 *(.ctors)
 *crtbegin.o(.dtors)
 *crtbegin?.o(.dtors)
 *(EXCLUDE_FILE(*crtend.o *crtend?.o) .dtors)
 *(SORT_BY_NAME(.dtors.*))
 *(.dtors)
 *(.eh_frame*)
 .eh_frame      0x1000cf08        0x0 c:/progra~2/gnuarm~1/102021~1.10/bin/../lib/gcc/arm-none-eabi/10.3.1/thumb/v6-m/nofp/crtbegin.o
                0x1000cf08                . = ALIGN (0x4)

.glue_7         0x1000cf08        0x0
 .glue_7        0x1000cf08        0x0 linker stubs

.glue_7t        0x1000cf08        0x0
 .glue_7t       0x1000cf08        0x0 linker stubs

.vfp11_veneer   0x1000cf08        0x0
 .vfp11_veneer  0x1000cf08        0x0 linker stubs

.v4_bx          0x1000cf08        0x0
 .v4_bx         0x1000cf08        0x0 linker stubs

.iplt           0x1000cf08        0x0
 .iplt          0x1000cf08        0x0 c:/progra~2/gnuarm~1/102021~1.10/bin/../lib/gcc/arm-none-eabi/10.3.1/thumb/v6-m/nofp/crtbegin.o

.rodata         0x1000cf08     0x20fc
 *(EXCLUDE_FILE(*libm.a: *libc.a:*lib_a-mem*.o *libgcc.a:) .rodata*)
 .rodata.main.str1.4
                0x1000cf08       0x3a hw3/CMakeFiles/hw3.dir/hw3.c.obj
 *fill*         0x1000cf42        0x2 
 .rodata.spin_lock_claim_unused.str1.4
                0x1000cf44       0x1b hw3/CMakeFiles/hw3.dir/C_/Program_Files/Raspberry_Pi/Pico_SDK_v1.5.1/pico-sdk/src/rp2_common/hardware_sync/sync.c.obj
 *fill*         0x1000cf5f        0x1 
 .rodata.make_branch.str1.4
                0x1000cf60       0x89 hw3/CMakeFiles/hw3.dir/C_/Program_Files/Raspberry_Pi/Pico_SDK_v1.5.1/pico-sdk/src/rp2_common/hardware_irq/irq.c.obj
 *fill*         0x1000cfe9        0x3 
 .rodata.insert_branch_and_link.str1.4
                0x1000cfec       0x10 hw3/CMakeFiles/hw3.dir/C_/Program_Files/Raspberry_Pi/Pico_SDK_v1.5.1/pico-sdk/src/rp2_common/hardware_irq/irq.c.obj
 .rodata.irq_set_exclusive_handler.str1.4
                0x1000cffc       0x36 hw3/CMakeFiles/hw3.dir/C_/Program_Files/Raspberry_Pi/Pico_SDK_v1.5.1/pico-sdk/src/rp2_common/hardware_irq/irq.c.obj
 *fill*         0x1000d032        0x2 
 .rodata.irq_add_shared_handler.str1.4
                0x1000d034       0xd9 hw3/CMakeFiles/hw3.dir/C_/Program_Files/Raspberry_Pi/Pico_SDK_v1.5.1/pico-sdk/src/rp2_common/hardware_irq/irq.c.obj
 *fill*         0x1000d10d        0x3 
 .rodata.irq_remove_handler.str1.4
                0x1000d110       0x3a hw3/CMakeFiles/hw3.dir/C_/Program_Files/Raspberry_Pi/Pico_SDK_v1.5.1/pico-sdk/src/rp2_common/hardware_irq/irq.c.obj
 *fill*         0x1000d14a        0x2 
 .rodata.irq_add_tail_to_free_list.str1.4
                0x1000d14c       0x3a hw3/CMakeFiles/hw3.dir/C_/Program_Files/Raspberry_Pi/Pico_SDK_v1.5.1/pico-sdk/src/rp2_common/hardware_irq/irq.c.obj
 *fill*         0x1000d186        0x2 
 .rodata.user_irq_claim_unused.str1.4
                0x1000d188       0x1b hw3/CMakeFiles/hw3.dir/C_/Program_Files/Raspberry_Pi/Pico_SDK_v1.5.1/pico-sdk/src/rp2_common/hardware_irq/irq.c.obj
 *fill*         0x1000d1a3        0x1 
 .rodata.__func__.0
                0x1000d1a4       0x1a hw3/CMakeFiles/hw3.dir/C_/Program_Files/Raspberry_Pi/Pico_SDK_v1.5.1/pico-sdk/src/rp2_common/hardware_irq/irq.c.obj
 *fill*         0x1000d1be        0x2 
 .rodata.__func__.1
                0x1000d1c0       0x17 hw3/CMakeFiles/hw3.dir/C_/Program_Files/Raspberry_Pi/Pico_SDK_v1.5.1/pico-sdk/src/rp2_common/hardware_irq/irq.c.obj
 *fill*         0x1000d1d7        0x1 
 .rodata.__func__.2
                0x1000d1d8       0x13 hw3/CMakeFiles/hw3.dir/C_/Program_Files/Raspberry_Pi/Pico_SDK_v1.5.1/pico-sdk/src/rp2_common/hardware_irq/irq.c.obj
 *fill*         0x1000d1eb        0x1 
 .rodata.__func__.3
                0x1000d1ec        0xc hw3/CMakeFiles/hw3.dir/C_/Program_Files/Raspberry_Pi/Pico_SDK_v1.5.1/pico-sdk/src/rp2_common/hardware_irq/irq.c.obj
 .rodata.__func__.4
                0x1000d1f8        0xf hw3/CMakeFiles/hw3.dir/C_/Program_Files/Raspberry_Pi/Pico_SDK_v1.5.1/pico-sdk/src/rp2_common/hardware_irq/irq.c.obj
 *fill*         0x1000d207        0x1 
 .rodata.__func__.5
                0x1000d208       0x17 hw3/CMakeFiles/hw3.dir/C_/Program_Files/Raspberry_Pi/Pico_SDK_v1.5.1/pico-sdk/src/rp2_common/hardware_irq/irq.c.obj
 *fill*         0x1000d21f        0x1 
 .rodata.__func__.6
                0x1000d220       0x1a hw3/CMakeFiles/hw3.dir/C_/Program_Files/Raspberry_Pi/Pico_SDK_v1.5.1/pico-sdk/src/rp2_common/hardware_irq/irq.c.obj
 *fill*         0x1000d23a        0x2 
 .rodata.str1.4
                0x1000d23c      0x125 hw3/CMakeFiles/hw3.dir/C_/Program_Files/Raspberry_Pi/Pico_SDK_v1.5.1/pico-sdk/src/common/pico_sync/mutex.c.obj
 *fill*         0x1000d361        0x3 
 .rodata.__func__.1
                0x1000d364        0xb hw3/CMakeFiles/hw3.dir/C_/Program_Files/Raspberry_Pi/Pico_SDK_v1.5.1/pico-sdk/src/common/pico_sync/mutex.c.obj
 *fill*         0x1000d36f        0x1 
 .rodata.__func__.3