Archive member included to satisfy reference by file (symbol)

c:/progra~1/raspbe~1/picosd~1.1/gcc-ar~1/bin/../lib/gcc/arm-none-eabi/10.3.1/thumb/v6-m/nofp\libgcc.a(_dvmd_tls.o)
                              hw4/CMakeFiles/hw4.dir/C_/Program_Files/Raspberry_Pi/Pico_SDK_v1.5.1/pico-sdk/src/rp2_common/pico_divider/divider.S.obj (__aeabi_idiv0)
c:/progra~1/raspbe~1/picosd~1.1/gcc-ar~1/bin/../lib/gcc/arm-none-eabi/10.3.1/../../../../arm-none-eabi/lib/thumb/v6-m/nofp\libg.a(lib_a-calloc.o)
                              hw4/CMakeFiles/hw4.dir/C_/Program_Files/Raspberry_Pi/Pico_SDK_v1.5.1/pico-sdk/src/rp2_common/pico_malloc/pico_malloc.c.obj (calloc)
c:/progra~1/raspbe~1/picosd~1.1/gcc-ar~1/bin/../lib/gcc/arm-none-eabi/10.3.1/../../../../arm-none-eabi/lib/thumb/v6-m/nofp\libg.a(lib_a-callocr.o)
                              c:/progra~1/raspbe~1/picosd~1.1/gcc-ar~1/bin/../lib/gcc/arm-none-eabi/10.3.1/../../../../arm-none-eabi/lib/thumb/v6-m/nofp\libg.a(lib_a-calloc.o) (_calloc_r)
c:/progra~1/raspbe~1/picosd~1.1/gcc-ar~1/bin/../lib/gcc/arm-none-eabi/10.3.1/../../../../arm-none-eabi/lib/thumb/v6-m/nofp\libg.a(lib_a-errno.o)
                              c:/progra~1/raspbe~1/picosd~1.1/gcc-ar~1/bin/../lib/gcc/arm-none-eabi/10.3.1/../../../../arm-none-eabi/lib/thumb/v6-m/nofp\libg.a(lib_a-callocr.o) (__errno)
c:/progra~1/raspbe~1/picosd~1.1/gcc-ar~1/bin/../lib/gcc/arm-none-eabi/10.3.1/../../../../arm-none-eabi/lib/thumb/v6-m/nofp\libg.a(lib_a-impure.o)
                              c:/progra~1/raspbe~1/picosd~1.1/gcc-ar~1/bin/../lib/gcc/arm-none-eabi/10.3.1/../../../../arm-none-eabi/lib/thumb/v6-m/nofp\libg.a(lib_a-calloc.o) (_impure_ptr)
c:/progra~1/raspbe~1/picosd~1.1/gcc-ar~1/bin/../lib/gcc/arm-none-eabi/10.3.1/../../../../arm-none-eabi/lib/thumb/v6-m/nofp\libg.a(lib_a-init.o)
                              c:/progra~1/raspbe~1/picosd~1.1/gcc-ar~1/bin/../lib/gcc/arm-none-eabi/10.3.1/../../../../arm-none-eabi/lib/thumb/v6-m/nofp/crt0.o (__libc_init_array)
c:/progra~1/raspbe~1/picosd~1.1/gcc-ar~1/bin/../lib/gcc/arm-none-eabi/10.3.1/../../../../arm-none-eabi/lib/thumb/v6-m/nofp\libg.a(lib_a-malloc.o)
                              hw4/CMakeFiles/hw4.dir/C_/Program_Files/Raspberry_Pi/Pico_SDK_v1.5.1/pico-sdk/src/rp2_common/pico_malloc/pico_malloc.c.obj (malloc)
c:/progra~1/raspbe~1/picosd~1.1/gcc-ar~1/bin/../lib/gcc/arm-none-eabi/10.3.1/../../../../arm-none-eabi/lib/thumb/v6-m/nofp\libg.a(lib_a-mallocr.o)
                              c:/progra~1/raspbe~1/picosd~1.1/gcc-ar~1/bin/../lib/gcc/arm-none-eabi/10.3.1/../../../../arm-none-eabi/lib/thumb/v6-m/nofp\libg.a(lib_a-callocr.o) (_malloc_r)
c:/progra~1/raspbe~1/picosd~1.1/gcc-ar~1/bin/../lib/gcc/arm-none-eabi/10.3.1/../../../../arm-none-eabi/lib/thumb/v6-m/nofp\libg.a(lib_a-mlock.o)
                              c:/progra~1/raspbe~1/picosd~1.1/gcc-ar~1/bin/../lib/gcc/arm-none-eabi/10.3.1/../../../../arm-none-eabi/lib/thumb/v6-m/nofp\libg.a(lib_a-mallocr.o) (__malloc_lock)
c:/progra~1/raspbe~1/picosd~1.1/gcc-ar~1/bin/../lib/gcc/arm-none-eabi/10.3.1/../../../../arm-none-eabi/lib/thumb/v6-m/nofp\libg.a(lib_a-realloc.o)
                              hw4/CMakeFiles/hw4.dir/C_/Program_Files/Raspberry_Pi/Pico_SDK_v1.5.1/pico-sdk/src/rp2_common/pico_malloc/pico_malloc.c.obj (realloc)
c:/progra~1/raspbe~1/picosd~1.1/gcc-ar~1/bin/../lib/gcc/arm-none-eabi/10.3.1/../../../../arm-none-eabi/lib/thumb/v6-m/nofp\libg.a(lib_a-reallocr.o)
                              c:/progra~1/raspbe~1/picosd~1.1/gcc-ar~1/bin/../lib/gcc/arm-none-eabi/10.3.1/../../../../arm-none-eabi/lib/thumb/v6-m/nofp\libg.a(lib_a-realloc.o) (_realloc_r)
c:/progra~1/raspbe~1/picosd~1.1/gcc-ar~1/bin/../lib/gcc/arm-none-eabi/10.3.1/../../../../arm-none-eabi/lib/thumb/v6-m/nofp\libg.a(lib_a-sbrkr.o)
                              c:/progra~1/raspbe~1/picosd~1.1/gcc-ar~1/bin/../lib/gcc/arm-none-eabi/10.3.1/../../../../arm-none-eabi/lib/thumb/v6-m/nofp\libg.a(lib_a-mallocr.o) (_sbrk_r)
c:/progra~1/raspbe~1/picosd~1.1/gcc-ar~1/bin/../lib/gcc/arm-none-eabi/10.3.1/../../../../arm-none-eabi/lib/thumb/v6-m/nofp\libg.a(lib_a-strlen-stub.o)
                              hw4/CMakeFiles/hw4.dir/C_/Program_Files/Raspberry_Pi/Pico_SDK_v1.5.1/pico-sdk/src/rp2_common/pico_stdio/stdio.c.obj (strlen)
c:/progra~1/raspbe~1/picosd~1.1/gcc-ar~1/bin/../lib/gcc/arm-none-eabi/10.3.1/../../../../arm-none-eabi/lib/thumb/v6-m/nofp\libg.a(lib_a-freer.o)
                              c:/progra~1/raspbe~1/picosd~1.1/gcc-ar~1/bin/../lib/gcc/arm-none-eabi/10.3.1/../../../../arm-none-eabi/lib/thumb/v6-m/nofp\libg.a(lib_a-malloc.o) (_free_r)
c:/progra~1/raspbe~1/picosd~1.1/gcc-ar~1/bin/../lib/gcc/arm-none-eabi/10.3.1/../../../../arm-none-eabi/lib/thumb/v6-m/nofp\libg.a(lib_a-lock.o)
                              c:/progra~1/raspbe~1/picosd~1.1/gcc-ar~1/bin/../lib/gcc/arm-none-eabi/10.3.1/../../../../arm-none-eabi/lib/thumb/v6-m/nofp\libg.a(lib_a-mlock.o) (__retarget_lock_acquire_recursive)
[...]
Memory Configuration

Name             Origin             Length             Attributes
FLASH            0x10000000         0x00200000         xr
RAM              0x20000000         0x00040000         xrw
SCRATCH_X        0x20040000         0x00001000         xrw
SCRATCH_Y        0x20041000         0x00001000         xrw
*default*        0x00000000         0xffffffff

Linker script and memory map

LOAD c:/progra~1/raspbe~1/picosd~1.1/gcc-ar~1/bin/../lib/gcc/arm-none-eabi/10.3.1/thumb/v6-m/nofp/crti.o
LOAD c:/progra~1/raspbe~1/picosd~1.1/gcc-ar~1/bin/../lib/gcc/arm-none-eabi/10.3.1/thumb/v6-m/nofp/crtbegin.o
LOAD c:/progra~1/raspbe~1/picosd~1.1/gcc-ar~1/bin/../lib/gcc/arm-none-eabi/10.3.1/../../../../arm-none-eabi/lib/thumb/v6-m/nofp/crt0.o

.flash_begin    0x10000000        0x0
                0x10000000                __flash_binary_start = .

.boot2          0x10000000      0x100
                0x10000000                __boot2_start__ = .
 *(.boot2)
 .boot2         0x10000000      0x100 C:\Users\Charlie\AppData\Local\Temp\ccSiOyxW.o
                0x10000100                __boot2_end__ = .
                0x00000001                ASSERT (((__boot2_end__ - __boot2_start__) == 0x100), ERROR: Pico second stage bootloader must be 256 bytes in size)

.text           0x10000100     0x5278
                0x10000100                __logical_binary_start = .
 *(.vectors)
 .vectors       0x10000100       0xd4 hw4/CMakeFiles/hw4.dir/C_/Program_Files/Raspberry_Pi/Pico_SDK_v1.5.1/pico-sdk/src/rp2_common/pico_standard_link/crt0.S.obj
                0x10000100                __VECTOR_TABLE
                0x10000100                __vectors
                0x100001c0                isr_invalid
                0x100001c0                __default_isrs_start
                0x100001c2                isr_nmi
                0x100001c4                isr_hardfault
                0x100001c6                isr_svcall
                0x100001c8                isr_pendsv
                0x100001ca                isr_systick
                0x100001cc                isr_irq23
                0x100001cc                isr_irq18
                0x100001cc                isr_irq11
                0x100001cc                isr_irq28
                0x100001cc                isr_irq19
                0x100001cc                isr_irq0
                0x100001cc                isr_irq6
                0x100001cc                isr_irq5
                0x100001cc                isr_irq12
                0x100001cc                isr_irq22
                0x100001cc                isr_irq31
                0x100001cc                isr_irq17
                0x100001cc                isr_irq27
                0x100001cc                isr_irq30
                0x100001cc                isr_irq2
                0x100001cc                isr_irq10
                0x100001cc                isr_irq8
                0x100001cc                isr_irq24
                0x100001cc                isr_irq1
                0x100001cc                isr_irq7
                0x100001cc                isr_irq21
                0x100001cc                isr_irq20
                0x100001cc                isr_irq15
                0x100001cc                isr_irq25
                0x100001cc                isr_irq13
                0x100001cc                __unhandled_user_irq
                0x100001cc                isr_irq4
                0x100001cc                isr_irq16
                0x100001cc                isr_irq29
                0x100001cc                isr_irq26
                0x100001cc                __default_isrs_end
                0x100001cc                isr_irq3
                0x100001cc                isr_irq14
                0x100001cc                isr_irq9
                0x100001d2                unhandled_user_irq_num_in_r0
 *(.binary_info_header)
 .binary_info_header
                0x100001d4       0x14 hw4/CMakeFiles/hw4.dir/C_/Program_Files/Raspberry_Pi/Pico_SDK_v1.5.1/pico-sdk/src/rp2_common/pico_standard_link/crt0.S.obj
                0x100001e8                __binary_info_header_end = .
 *(.reset)
 .reset         0x100001e8       0xa0 hw4/CMakeFiles/hw4.dir/C_/Program_Files/Raspberry_Pi/Pico_SDK_v1.5.1/pico-sdk/src/rp2_common/pico_standard_link/crt0.S.obj
                0x100001e8                _entry_point
 .reset         0x10000288       0x30 hw4/CMakeFiles/hw4.dir/C_/Program_Files/Raspberry_Pi/Pico_SDK_v1.5.1/pico-sdk/src/rp2_common/pico_standard_link/binary_info.c.obj
 *(.init)
 .init          0x100002b8        0x4 c:/progra~1/raspbe~1/picosd~1.1/gcc-ar~1/bin/../lib/gcc/arm-none-eabi/10.3.1/thumb/v6-m/nofp/crti.o
                0x100002b8                _init
 *(EXCLUDE_FILE(*libm.a: *libc.a:*lib_a-mem*.o *libgcc.a:) .text*)
 .text          0x100002bc       0x48 c:/progra~1/raspbe~1/picosd~1.1/gcc-ar~1/bin/../lib/gcc/arm-none-eabi/10.3.1/thumb/v6-m/nofp/crtbegin.o
 .text.spi_setup
                0x10000304       0x38 hw4/CMakeFiles/hw4.dir/hw4.c.obj
 .text.mcp4902_spi_generator
                0x1000033c       0x70 hw4/CMakeFiles/hw4.dir/hw4.c.obj
                0x1000033c                mcp4902_spi_generator
 .text.main     0x100003ac      0x164 hw4/CMakeFiles/hw4.dir/hw4.c.obj
                0x100003ac                main
 .text.gpio_set_function
                0x10000510       0x30 hw4/CMakeFiles/hw4.dir/C_/Program_Files/Raspberry_Pi/Pico_SDK_v1.5.1/pico-sdk/src/rp2_common/hardware_gpio/gpio.c.obj
                0x10000510                gpio_set_function
 .text.gpio_init
                0x10000540       0x16 hw4/CMakeFiles/hw4.dir/C_/Program_Files/Raspberry_Pi/Pico_SDK_v1.5.1/pico-sdk/src/rp2_common/hardware_gpio/gpio.c.obj
                0x10000540                gpio_init
 *fill*         0x10000556        0x2 
 .text.running_on_fpga
                0x10000558       0x14 hw4/CMakeFiles/hw4.dir/C_/Program_Files/Raspberry_Pi/Pico_SDK_v1.5.1/pico-sdk/src/rp2_common/pico_platform/platform.c.obj
                0x10000558                running_on_fpga
 .text.hw_claim_lock
                0x1000056c       0x18 hw4/CMakeFiles/hw4.dir/C_/Program_Files/Raspberry_Pi/Pico_SDK_v1.5.1/pico-sdk/src/rp2_common/hardware_claim/claim.c.obj
                0x1000056c                hw_claim_lock
 .text.hw_claim_unlock
                0x10000584       0x14 hw4/CMakeFiles/hw4.dir/C_/Program_Files/Raspberry_Pi/Pico_SDK_v1.5.1/pico-sdk/src/rp2_common/hardware_claim/claim.c.obj
                0x10000584                hw_claim_unlock
 .text.hw_claim_or_assert
                0x10000598       0x32 hw4/CMakeFiles/hw4.dir/C_/Program_Files/Raspberry_Pi/Pico_SDK_v1.5.1/pico-sdk/src/rp2_common/hardware_claim/claim.c.obj
                0x10000598                hw_claim_or_assert
 *fill*         0x100005ca        0x2 
 .text.spin_locks_reset
                0x100005cc       0x20 hw4/CMakeFiles/hw4.dir/C_/Program_Files/Raspberry_Pi/Pico_SDK_v1.5.1/pico-sdk/src/rp2_common/hardware_sync/sync.c.obj
                0x100005cc                spin_locks_reset
 .text.next_striped_spin_lock_num
                0x100005ec       0x1c hw4/CMakeFiles/hw4.dir/C_/Program_Files/Raspberry_Pi/Pico_SDK_v1.5.1/pico-sdk/src/rp2_common/hardware_sync/sync.c.obj
                0x100005ec                next_striped_spin_lock_num
 .text.set_raw_irq_handler_and_unlock
                0x10000608       0x28 hw4/CMakeFiles/hw4.dir/C_/Program_Files/Raspberry_Pi/Pico_SDK_v1.5.1/pico-sdk/src/rp2_common/hardware_irq/irq.c.obj
 .text.make_branch
                0x10000630       0x48 hw4/CMakeFiles/hw4.dir/C_/Program_Files/Raspberry_Pi/Pico_SDK_v1.5.1/pico-sdk/src/rp2_common/hardware_irq/irq.c.obj
 .text.insert_branch_and_link
                0x10000678       0x40 hw4/CMakeFiles/hw4.dir/C_/Program_Files/Raspberry_Pi/Pico_SDK_v1.5.1/pico-sdk/src/rp2_common/hardware_irq/irq.c.obj
 .text.irq_is_enabled
                0x100006b8       0x18 hw4/CMakeFiles/hw4.dir/C_/Program_Files/Raspberry_Pi/Pico_SDK_v1.5.1/pico-sdk/src/rp2_common/hardware_irq/irq.c.obj
                0x100006b8                irq_is_enabled
 .text.irq_set_mask_enabled
                0x100006d0       0x20 hw4/CMakeFiles/hw4.dir/C_/Program_Files/Raspberry_Pi/Pico_SDK_v1.5.1/pico-sdk/src/rp2_common/hardware_irq/irq.c.obj
                0x100006d0                irq_set_mask_enabled
 .text.irq_set_enabled
                0x100006f0        0xe hw4/CMakeFiles/hw4.dir/C_/Program_Files/Raspberry_Pi/Pico_SDK_v1.5.1/pico-sdk/src/rp2_common/hardware_irq/irq.c.obj
                0x100006f0                irq_set_enabled
 *fill*         0x100006fe        0x2 
 .text.irq_get_vtable_handler
                0x10000700       0x10 hw4/CMakeFiles/hw4.dir/C_/Program_Files/Raspberry_Pi/Pico_SDK_v1.5.1/pico-sdk/src/rp2_common/hardware_irq/irq.c.obj
                0x10000700                irq_get_vtable_handler
 .text.irq_set_exclusive_handler
                0x10000710       0x54 hw4/CMakeFiles/hw4.dir/C_/Program_Files/Raspberry_Pi/Pico_SDK_v1.5.1/pico-sdk/src/rp2_common/hardware_irq/irq.c.obj
                0x10000710                irq_set_exclusive_handler
 .text.irq_remove_handler
                0x10000764      0x1ac hw4/CMakeFiles/hw4.dir/C_/Program_Files/Raspberry_Pi/Pico_SDK_v1.5.1/pico-sdk/src/rp2_common/hardware_irq/irq.c.obj
                0x10000764                irq_remove_handler
 .text.irq_add_tail_to_free_list
                0x10000910       0xf0 hw4/CMakeFiles/hw4.dir/C_/Program_Files/Raspberry_Pi/Pico_SDK_v1.5.1/pico-sdk/src/rp2_common/hardware_irq/irq.c.obj
                0x10000910                irq_add_tail_to_free_list
 .text.irq_init_priorities
                0x10000a00       0x1c hw4/CMakeFiles/hw4.dir/C_/Program_Files/Raspberry_Pi/Pico_SDK_v1.5.1/pico-sdk/src/rp2_common/hardware_irq/irq.c.obj
                0x10000a00                irq_init_priorities
 .text.lock_init
                0x10000a1c       0x10 hw4/CMakeFiles/hw4.dir/C_/Program_Files/Raspberry_Pi/Pico_SDK_v1.5.1/pico-sdk/src/common/pico_sync/lock_core.c.obj
                0x10000a1c                lock_init
 .text.mutex_init
                0x10000a2c       0x1a hw4/CMakeFiles/hw4.dir/C_/Program_Files/Raspberry_Pi/Pico_SDK_v1.5.1/pico-sdk/src/common/pico_sync/mutex.c.obj
                0x10000a2c                mutex_init
 .text.recursive_mutex_init
                0x10000a46       0x1e hw4/CMakeFiles/hw4.dir/C_/Program_Files/Raspberry_Pi/Pico_SDK_v1.5.1/pico-sdk/src/common/pico_sync/mutex.c.obj
                0x10000a46                recursive_mutex_init
 .text.alarm_pool_post_alloc_init
                0x10000a64       0x40 hw4/CMakeFiles/hw4.dir/C_/Program_Files/Raspberry_Pi/Pico_SDK_v1.5.1/pico-sdk/src/common/pico_time/time.c.obj
 .text.sleep_until_callback
                0x10000aa4       0x30 hw4/CMakeFiles/hw4.dir/C_/Program_Files/Raspberry_Pi/Pico_SDK_v1.5.1/pico-sdk/src/common/pico_time/time.c.obj
 .text.timer_pool_entry_comparator
                0x10000ad4       0x7c hw4/CMakeFiles/hw4.dir/C_/Program_Files/Raspberry_Pi/Pico_SDK_v1.5.1/pico-sdk/src/common/pico_time/time.c.obj
                0x10000ad4                timer_pool_entry_comparator
 .text.ph_add_child_node
                0x10000b50       0xa4 hw4/CMakeFiles/hw4.dir/C_/Program_Files/Raspberry_Pi/Pico_SDK_v1.5.1/pico-sdk/src/common/pico_time/time.c.obj
 .text.ph_merge_nodes
                0x10000bf4       0x3e hw4/CMakeFiles/hw4.dir/C_/Program_Files/Raspberry_Pi/Pico_SDK_v1.5.1/pico-sdk/src/common/pico_time/time.c.obj
 *fill*         0x10000c32        0x2 
 .text.add_alarm_under_lock
                0x10000c34      0x174 hw4/CMakeFiles/hw4.dir/C_/Program_Files/Raspberry_Pi/Pico_SDK_v1.5.1/pico-sdk/src/common/pico_time/time.c.obj
 .text.alarm_pool_alarm_callback
                0x10000da8      0x33c hw4/CMakeFiles/hw4.dir/C_/Program_Files/Raspberry_Pi/Pico_SDK_v1.5.1/pico-sdk/src/common/pico_time/time.c.obj
 .text.alarm_pool_init_default
                0x100010e4       0x40 hw4/CMakeFiles/hw4.dir/C_/Program_Files/Raspberry_Pi/Pico_SDK_v1.5.1/pico-sdk/src/common/pico_time/time.c.obj
                0x100010e4                alarm_pool_init_default
 .text.alarm_pool_get_default
                0x10001124       0x2c hw4/CMakeFiles/hw4.dir/C_/Program_Files/Raspberry_Pi/Pico_SDK_v1.5.1/pico-sdk/src/common/pico_time/time.c.obj
                0x10001124                alarm_pool_get_default
 .text.alarm_pool_add_alarm_at
                0x10001150      0x168 hw4/CMakeFiles/hw4.dir/C_/Program_Files/Raspberry_Pi/Pico_SDK_v1.5.1/pico-sdk/src/common/pico_time/time.c.obj
                0x10001150                alarm_pool_add_alarm_at
 .text.alarm_pool_cancel_alarm
                0x100012b8       0xf8 hw4/CMakeFiles/hw4.dir/C_/Program_Files/Raspberry_Pi/Pico_SDK_v1.5.1/pico-sdk/src/common/pico_time/time.c.obj
                0x100012b8                alarm_pool_cancel_alarm
 .text.sleep_until
                0x100013b0       0xfc hw4/CMakeFiles/hw4.dir/C_/Program_Files/Raspberry_Pi/Pico_SDK_v1.5.1/pico-sdk/src/common/pico_time/time.c.obj
                0x100013b0                sleep_until
 .text.sleep_us
                0x100014ac       0x58 hw4/CMakeFiles/hw4.dir/C_/Program_Files/Raspberry_Pi/Pico_SDK_v1.5.1/pico-sdk/src/common/pico_time/time.c.obj
                0x100014ac                sleep_us
 .text.sleep_ms
                0x10001504       0x14 hw4/CMakeFiles/hw4.dir/C_/Program_Files/Raspberry_Pi/Pico_SDK_v1.5.1/pico-sdk/src/common/pico_time/time.c.obj
                0x10001504                sleep_ms
 .text.best_effort_wfe_or_timeout
                0x10001518       0xac hw4/CMakeFiles/hw4.dir/C_/Program_Files/Raspberry_Pi/Pico_SDK_v1.5.1/pico-sdk/src/common/pico_time/time.c.obj
                0x10001518                best_effort_wfe_or_timeout
 .text.hardware_alarm_irq_handler
                0x100015c4       0x90 hw4/CMakeFiles/hw4.dir/C_/Program_Files/Raspberry_Pi/Pico_SDK_v1.5.1/pico-sdk/src/rp2_common/hardware_timer/timer.c.obj
 .text.hardware_alarm_claim
                0x10001654       0x18 hw4/CMakeFiles/hw4.dir/C_/Program_Files/Raspberry_Pi/Pico_SDK_v1.5.1/pico-sdk/src/rp2_common/hardware_timer/timer.c.obj
                0x10001654                hardware_alarm_claim
 .text.time_us_64
                0x1000166c       0x18 hw4/CMakeFiles/hw4.dir/C_/Program_Files/Raspberry_Pi/Pico_SDK_v1.5.1/pico-sdk/src/rp2_common/hardware_timer/timer.c.obj
                0x1000166c                time_us_64
 .text.busy_wait_until
                0x10001684       0x28 hw4/CMakeFiles/hw4.dir/C_/Program_Files/Raspberry_Pi/Pico_SDK_v1.5.1/pico-sdk/src/rp2_common/hardware_timer/timer.c.obj
                0x10001684                busy_wait_until
 .text.busy_wait_us
                0x100016ac       0x48 hw4/CMakeFiles/hw4.dir/C_/Program_Files/Raspberry_Pi/Pico_SDK_v1.5.1/pico-sdk/src/rp2_common/hardware_timer/timer.c.obj
                0x100016ac                busy_wait_us
 .text.hardware_alarm_set_callback
                0x100016f4       0x90 hw4/CMakeFiles/hw4.dir/C_/Program_Files/Raspberry_Pi/Pico_SDK_v1.5.1/pico-sdk/src/rp2_common/hardware_timer/timer.c.obj
                0x100016f4                hardware_alarm_set_callback
 .text.hardware_alarm_set_target
                0x10001784       0xe8 hw4/CMakeFiles/hw4.dir/C_/Program_Files/Raspberry_Pi/Pico_SDK_v1.5.1/pico-sdk/src/rp2_common/hardware_timer/timer.c.obj
                0x10001784                hardware_alarm_set_target
 .text.hardware_alarm_cancel
                0x1000186c       0x40 hw4/CMakeFiles/hw4.dir/C_/Program_Files/Raspberry_Pi/Pico_SDK_v1.5.1/pico-sdk/src/rp2_common/hardware_timer/timer.c.obj
                0x1000186c                hardware_alarm_cancel
 .text.ph_add_child_node
                0x100018ac       0xa4 hw4/CMakeFiles/hw4.dir/C_/Program_Files/Raspberry_Pi/Pico_SDK_v1.5.1/pico-sdk/src/common/pico_util/pheap.c.obj
 .text.ph_merge_nodes
                0x10001950       0x3e hw4/CMakeFiles/hw4.dir/C_/Program_Files/Raspberry_Pi/Pico_SDK_v1.5.1/pico-sdk/src/common/pico_util/pheap.c.obj
 *fill*         0x1000198e        0x2 
 .text.ph_clear
                0x10001990       0x70 hw4/CMakeFiles/hw4.dir/C_/Program_Files/Raspberry_Pi/Pico_SDK_v1.5.1/pico-sdk/src/common/pico_util/pheap.c.obj
                0x10001990                ph_clear
 .text.ph_post_alloc_init
                0x10001a00        0xe hw4/CMakeFiles/hw4.dir/C_/Program_Files/Raspberry_Pi/Pico_SDK_v1.5.1/pico-sdk/src/common/pico_util/pheap.c.obj
                0x10001a00                ph_post_alloc_init
 *fill*         0x10001a0e        0x2 
 .text.ph_merge_two_pass
                0x10001a10       0xa8 hw4/CMakeFiles/hw4.dir/C_/Program_Files/Raspberry_Pi/Pico_SDK_v1.5.1/pico-sdk/src/common/pico_util/pheap.c.obj
                0x10001a10                ph_merge_two_pass
 .text.ph_remove_any_head
                0x10001ab8      0x128 hw4/CMakeFiles/hw4.dir/C_/Program_Files/Raspberry_Pi/Pico_SDK_v1.5.1/pico-sdk/src/common/pico_util/pheap.c.obj
 .text.ph_remove_head
                0x10001be0       0x14 hw4/CMakeFiles/hw4.dir/C_/Program_Files/Raspberry_Pi/Pico_SDK_v1.5.1/pico-sdk/src/common/pico_util/pheap.c.obj
                0x10001be0                ph_remove_head
 .text.ph_remove_and_free_node
                0x10001bf4       0xf8 hw4/CMakeFiles/hw4.dir/C_/Program_Files/Raspberry_Pi/Pico_SDK_v1.5.1/pico-sdk/src/common/pico_util/pheap.c.obj
                0x10001bf4                ph_remove_and_free_node
 .text.uart_disable_before_lcr_write
                0x10001cec       0x48 hw4/CMakeFiles/hw4.dir/C_/Program_Files/Raspberry_Pi/Pico_SDK_v1.5.1/pico-sdk/src/rp2_common/hardware_uart/uart.c.obj
 .text.uart_write_lcr_bits_masked
                0x10001d34       0x22 hw4/CMakeFiles/hw4.dir/C_/Program_Files/Raspberry_Pi/Pico_SDK_v1.5.1/pico-sdk/src/rp2_common/hardware_uart/uart.c.obj
 *fill*         0x10001d56        0x2 
 .text.uart_set_baudrate
                0x10001d58       0x5c hw4/CMakeFiles/hw4.dir/C_/Program_Files/Raspberry_Pi/Pico_SDK_v1.5.1/pico-sdk/src/rp2_common/hardware_uart/uart.c.obj
                0x10001d58                uart_set_baudrate
 .text.uart_set_format
                0x10001db4       0x2c hw4/CMakeFiles/hw4.dir/C_/Program_Files/Raspberry_Pi/Pico_SDK_v1.5.1/pico-sdk/src/rp2_common/hardware_uart/uart.c.obj
                0x10001db4                uart_set_format
 .text.uart_set_translate_crlf
                0x10001de0       0x28 hw4/CMakeFiles/hw4.dir/C_/Program_Files/Raspberry_Pi/Pico_SDK_v1.5.1/pico-sdk/src/rp2_common/hardware_uart/uart.c.obj
                0x10001de0                uart_set_translate_crlf
 .text.uart_init
                0x10001e08       0x80 hw4/CMakeFiles/hw4.dir/C_/Program_Files/Raspberry_Pi/Pico_SDK_v1.5.1/pico-sdk/src/rp2_common/hardware_uart/uart.c.obj
                0x10001e08                uart_init
 .text.clock_configure
                0x10001e88      0x108 hw4/CMakeFiles/hw4.dir/C_/Program_Files/Raspberry_Pi/Pico_SDK_v1.5.1/pico-sdk/src/rp2_common/hardware_clocks/clocks.c.obj
                0x10001e88                clock_configure
 .text.clocks_init
                0x10001f90      0x100 hw4/CMakeFiles/hw4.dir/C_/Program_Files/Raspberry_Pi/Pico_SDK_v1.5.1/pico-sdk/src/rp2_common/hardware_clocks/clocks.c.obj
                0x10001f90                clocks_init
 .text.clock_get_hz
                0x10002090        0xc hw4/CMakeFiles/hw4.dir/C_/Program_Files/Raspberry_Pi/Pico_SDK_v1.5.1/pico-sdk/src/rp2_common/hardware_clocks/clocks.c.obj
                0x10002090                clock_get_hz
 .text.pll_init
                0x1000209c      0x120 hw4/CMakeFiles/hw4.dir/C_/Program_Files/Raspberry_Pi/Pico_SDK_v1.5.1/pico-sdk/src/rp2_common/hardware_pll/pll.c.obj
                0x1000209c                pll_init
 .text.watchdog_start_tick
                0x100021bc       0x10 hw4/CMakeFiles/hw4.dir/C_/Program_Files/Raspberry_Pi/Pico_SDK_v1.5.1/pico-sdk/src/rp2_common/hardware_watchdog/watchdog.c.obj
                0x100021bc                watchdog_start_tick
 .text.xosc_init
                0x100021cc       0x28 hw4/CMakeFiles/hw4.dir/C_/Program_Files/Raspberry_Pi/Pico_SDK_v1.5.1/pico-sdk/src/rp2_common/hardware_xosc/xosc.c.obj
                0x100021cc                xosc_init
 .text._exit    0x100021f4        0x4 hw4/CMakeFiles/hw4.dir/C_/Program_Files/Raspberry_Pi/Pico_SDK_v1.5.1/pico-sdk/src/rp2_common/pico_runtime/runtime.c.obj
                0x100021f4                _exit
 .text.exit     0x100021f8        0x6 hw4/CMakeFiles/hw4.dir/C_/Program_Files/Raspberry_Pi/Pico_SDK_v1.5.1/pico-sdk/src/rp2_common/pico_runtime/runtime.c.obj
                0x100021f8                exit
 *fill*         0x100021fe        0x2 
 .text.__assert_func
                0x10002200       0x3c hw4/CMakeFiles/hw4.dir/C_/Program_Files/Raspberry_Pi/Pico_SDK_v1.5.1/pico-sdk/src/rp2_common/pico_runtime/runtime.c.obj
                0x10002200                __assert_func
 .text.runtime_init
                0x1000223c       0xf8 hw4/CMakeFiles/hw4.dir/C_/Program_Files/Raspberry_Pi/Pico_SDK_v1.5.1/pico-sdk/src/rp2_common/pico_runtime/runtime.c.obj
                0x1000223c                runtime_init
 .text.panic    0x10002334       0x30 hw4/CMakeFiles/hw4.dir/C_/Program_Files/Raspberry_Pi/Pico_SDK_v1.5.1/pico-sdk/src/rp2_common/pico_runtime/runtime.c.obj
                0x10002334                panic
 .text._out_null
                0x10002364        0x2 hw4/CMakeFiles/hw4.dir/C_/Program_Files/Raspberry_Pi/Pico_SDK_v1.5.1/pico-sdk/src/rp2_common/pico_printf/printf.c.obj
 .text._out_fct
                0x10002366        0xe hw4/CMakeFiles/hw4.dir/C_/Program_Files/Raspberry_Pi/Pico_SDK_v1.5.1/pico-sdk/src/rp2_common/pico_printf/printf.c.obj
 .text._atoi    0x10002374       0x24 hw4/CMakeFiles/hw4.dir/C_/Program_Files/Raspberry_Pi/Pico_SDK_v1.5.1/pico-sdk/src/rp2_common/pico_printf/printf.c.obj
 .text._out_rev
                0x10002398       0xae hw4/CMakeFiles/hw4.dir/C_/Program_Files/Raspberry_Pi/Pico_SDK_v1.5.1/pico-sdk/src/rp2_common/pico_printf/printf.c.obj
 .text._ntoa_format
                0x10002446      0x112 hw4/CMakeFiles/hw4.dir/C_/Program_Files/Raspberry_Pi/Pico_SDK_v1.5.1/pico-sdk/src/rp2_common/pico_printf/printf.c.obj
 .text._ntoa_long
                0x10002558       0xbc hw4/CMakeFiles/hw4.dir/C_/Program_Files/Raspberry_Pi/Pico_SDK_v1.5.1/pico-sdk/src/rp2_common/pico_printf/printf.c.obj
 .text._ntoa_long_long
                0x10002614       0xe2 hw4/CMakeFiles/hw4.dir/C_/Program_Files/Raspberry_Pi/Pico_SDK_v1.5.1/pico-sdk/src/rp2_common/pico_printf/printf.c.obj
 *fill*         0x100026f6        0x2 
 .text._etoa    0x100026f8      0x414 hw4/CMakeFiles/hw4.dir/C_/Program_Files/Raspberry_Pi/Pico_SDK_v1.5.1/pico-sdk/src/rp2_common/pico_printf/printf.c.obj
 .text._ftoa    0x10002b0c      0x354 hw4/CMakeFiles/hw4.dir/C_/Program_Files/Raspberry_Pi/Pico_SDK_v1.5.1/pico-sdk/src/rp2_common/pico_printf/printf.c.obj
 .text._vsnprintf
                0x10002e60      0x624 hw4/CMakeFiles/hw4.dir/C_/Program_Files/Raspberry_Pi/Pico_SDK_v1.5.1/pico-sdk/src/rp2_common/pico_printf/printf.c.obj
 .text.vfctprintf
                0x10003484       0x20 hw4/CMakeFiles/hw4.dir/C_/Program_Files/Raspberry_Pi/Pico_SDK_v1.5.1/pico-sdk/src/rp2_common/pico_printf/printf.c.obj
                0x10003484                vfctprintf
 .text          0x100034a4       0x10 hw4/CMakeFiles/hw4.dir/C_/Program_Files/Raspberry_Pi/Pico_SDK_v1.5.1/pico-sdk/src/rp2_common/pico_bit_ops/bit_ops_aeabi.S.obj
 .text.rom_func_lookup
                0x100034b4       0x10 hw4/CMakeFiles/hw4.dir/C_/Program_Files/Raspberry_Pi/Pico_SDK_v1.5.1/pico-sdk/src/rp2_common/pico_bootrom/bootrom.c.obj
                0x100034b4                rom_func_lookup
 .text.rom_data_lookup
                0x100034c4       0x10 hw4/CMakeFiles/hw4.dir/C_/Program_Files/Raspberry_Pi/Pico_SDK_v1.5.1/pico-sdk/src/rp2_common/pico_bootrom/bootrom.c.obj
                0x100034c4                rom_data_lookup
 .text.rom_funcs_lookup
                0x100034d4       0x36 hw4/CMakeFiles/hw4.dir/C_/Program_Files/Raspberry_Pi/Pico_SDK_v1.5.1/pico-sdk/src/rp2_common/pico_bootrom/bootrom.c.obj
                0x100034d4                rom_funcs_lookup
 *fill*         0x1000350a        0x2 
 .text.__wrap___aeabi_idiv
                0x1000350c       0x50 hw4/CMakeFiles/hw4.dir/C_/Program_Files/Raspberry_Pi/Pico_SDK_v1.5.1/pico-sdk/src/rp2_common/pico_divider/divider.S.obj
                0x1000350c                __wrap___aeabi_idivmod
                0x1000350c                divmod_s32s32
                0x1000350c                div_s32s32
                0x1000350c                __wrap___aeabi_idiv
                0x10003514                divmod_s32s32_unsafe
                0x10003540                divmod_s32s32_savestate
 .text.__wrap___aeabi_uidiv
                0x1000355c       0x4c hw4/CMakeFiles/hw4.dir/C_/Program_Files/Raspberry_Pi/Pico_SDK_v1.5.1/pico-sdk/src/rp2_common/pico_divider/divider.S.obj
                0x1000355c                __wrap___aeabi_uidiv
                0x1000355c                __wrap___aeabi_uidivmod
                0x1000355c                div_u32u32
                0x1000355c                divmod_u32u32
                0x10003564                divmod_u32u32_unsafe
                0x1000358c                divmod_u32u32_savestate
 .text.__wrap___aeabi_ldiv
                0x100035a8      0x424 hw4/CMakeFiles/hw4.dir/C_/Program_Files/Raspberry_Pi/Pico_SDK_v1.5.1/pico-sdk/src/rp2_common/pico_divider/divider.S.obj
                0x100035a8                div_s64s64
                0x100035a8                divmod_s64s64
                0x100035a8                __wrap___aeabi_ldivmod
                0x100035d8                divmod_u64u64
                0x100035d8                div_u64u64
                0x100035d8                __wrap___aeabi_uldivmod
                0x100035e8                divmod_u64u64_savestate
                0x10003608                divmod_s64s64_unsafe
                0x10003690                divmod_u64u64_unsafe
 .text.push_r8_r11
                0x100039cc        0xc hw4/CMakeFiles/hw4.dir/C_/Program_Files/Raspberry_Pi/Pico_SDK_v1.5.1/pico-sdk/src/rp2_common/pico_double/double_aeabi.S.obj
                0x100039cc                push_r8_r11
 .text.pop_r8_r11
                0x100039d8        0xc hw4/CMakeFiles/hw4.dir/C_/Program_Files/Raspberry_Pi/Pico_SDK_v1.5.1/pico-sdk/src/rp2_common/pico_double/double_aeabi.S.obj
                0x100039d8                pop_r8_r11
 .text.__wrap___aeabi_darithmetic
                0x100039e4       0x80 hw4/CMakeFiles/hw4.dir/C_/Program_Files/Raspberry_Pi/Pico_SDK_v1.5.1/pico-sdk/src/rp2_common/pico_double/double_aeabi.S.obj
                0x100039e4                __wrap___aeabi_drsub
                0x100039ea                __wrap___aeabi_dsub
                0x100039fc                __wrap___aeabi_dadd
                0x10003a0e                __wrap___aeabi_ddiv
                0x10003a4a                __wrap___aeabi_dmul
 .text.__wrap___aeabi_cdcmple
                0x10003a64       0x6c hw4/CMakeFiles/hw4.dir/C_/Program_Files/Raspberry_Pi/Pico_SDK_v1.5.1/pico-sdk/src/rp2_common/pico_double/double_aeabi.S.obj
                0x10003a64                __wrap___aeabi_cdrcmple
                0x10003a74                __wrap___aeabi_cdcmpeq
                0x10003a74                __wrap___aeabi_cdcmple
 .text.__wrap___aeabi_dcmplt
                0x10003ad0        0xc hw4/CMakeFiles/hw4.dir/C_/Program_Files/Raspberry_Pi/Pico_SDK_v1.5.1/pico-sdk/src/rp2_common/pico_double/double_aeabi.S.obj
                0x10003ad0                __wrap___aeabi_dcmplt
 .text.__wrap___aeabi_dcmple
                0x10003adc       0x10 hw4/CMakeFiles/hw4.dir/C_/Program_Files/Raspberry_Pi/Pico_SDK_v1.5.1/pico-sdk/src/rp2_common/pico_double/double_aeabi.S.obj
                0x10003adc                __wrap___aeabi_dcmple
 .text.__wrap___aeabi_dcmpge
                0x10003aec       0x10 hw4/CMakeFiles/hw4.dir/C_/Program_Files/Raspberry_Pi/Pico_SDK_v1.5.1/pico-sdk/src/rp2_common/pico_double/double_aeabi.S.obj
                0x10003aec                __wrap___aeabi_dcmpge
 .text.__wrap___aeabi_dcmpgt
                0x10003afc        0xa hw4/CMakeFiles/hw4.dir/C_/Program_Files/Raspberry_Pi/Pico_SDK_v1.5.1/pico-sdk/src/rp2_common/pico_double/double_aeabi.S.obj
                0x10003afc                __wrap___aeabi_dcmpgt
 .text.__wrap___aeabi_dcmpun
                0x10003b06       0x1c hw4/CMakeFiles/hw4.dir/C_/Program_Files/Raspberry_Pi/Pico_SDK_v1.5.1/pico-sdk/src/rp2_common/pico_double/double_aeabi.S.obj
                0x10003b06                __wrap___aeabi_dcmpun
 *fill*         0x10003b22        0x2 
 .text.__wrap___aeabi_i2d
                0x10003b24       0x38 hw4/CMakeFiles/hw4.dir/C_/Program_Files/Raspberry_Pi/Pico_SDK_v1.5.1/pico-sdk/src/rp2_common/pico_double/double_aeabi.S.obj
                0x10003b24                __wrap___aeabi_ui2d
                0x10003b2c                __wrap___aeabi_i2d
 .text.__wrap___aeabi_d2iz
                0x10003b5c       0x48 hw4/CMakeFiles/hw4.dir/C_/Program_Files/Raspberry_Pi/Pico_SDK_v1.5.1/pico-sdk/src/rp2_common/pico_double/double_aeabi.S.obj
                0x10003b5c                double2int_z
                0x10003b5c                __wrap___aeabi_d2iz
 .text.__wrap___aeabi_d2uiz
                0x10003ba4       0x18 hw4/CMakeFiles/hw4.dir/C_/Program_Files/Raspberry_Pi/Pico_SDK_v1.5.1/pico-sdk/src/rp2_common/pico_double/double_aeabi.S.obj
                0x10003ba4                __wrap___aeabi_d2uiz
                0x10003ba4                double2uint
 .text.fix642double
                0x10003bbc       0x18 hw4/CMakeFiles/hw4.dir/C_/Program_Files/Raspberry_Pi/Pico_SDK_v1.5.1/pico-sdk/src/rp2_common/pico_double/double_aeabi.S.obj
                0x10003bbc                fix642double
 .text.__wrap___aeabi_d2f
                0x10003bd4       0x18 hw4/CMakeFiles/hw4.dir/C_/Program_Files/Raspberry_Pi/Pico_SDK_v1.5.1/pico-sdk/src/rp2_common/pico_double/double_aeabi.S.obj
                0x10003bd4                __wrap___aeabi_d2f
 .text.__wrap_sincostan_remainder
                0x10003bec       0x14 hw4/CMakeFiles/hw4.dir/C_/Program_Files/Raspberry_Pi/Pico_SDK_v1.5.1/pico-sdk/src/rp2_common/pico_double/double_aeabi.S.obj
                0x10003bec                sincostan_remainder
 .text.__wrap_sin
                0x10003c00       0x2c hw4/CMakeFiles/hw4.dir/C_/Program_Files/Raspberry_Pi/Pico_SDK_v1.5.1/pico-sdk/src/rp2_common/pico_double/double_aeabi.S.obj
                0x10003c00                __wrap_sin
 .text.__aeabi_double_init
                0x10003c2c       0xc8 hw4/CMakeFiles/hw4.dir/C_/Program_Files/Raspberry_Pi/Pico_SDK_v1.5.1/pico-sdk/src/rp2_common/pico_double/double_init_rom.c.obj
                0x10003c2c                __aeabi_double_init
 .text.drem_0   0x10003cf4      0x130 hw4/CMakeFiles/hw4.dir/C_/Program_Files/Raspberry_Pi/Pico_SDK_v1.5.1/pico-sdk/src/rp2_common/pico_double/double_math.c.obj
 .text.__wrap_remquo
                0x10003e24      0x17c hw4/CMakeFiles/hw4.dir/C_/Program_Files/Raspberry_Pi/Pico_SDK_v1.5.1/pico-sdk/src/rp2_common/pico_double/double_math.c.obj
                0x10003e24                __wrap_remquo
 .text.__wrap_remainder
                0x10003fa0       0x10 hw4/CMakeFiles/hw4.dir/C_/Program_Files/Raspberry_Pi/Pico_SDK_v1.5.1/pico-sdk/src/rp2_common/pico_double/double_math.c.obj
                0x10003fa0                __wrap_remainder
 .text.double_table_shim_on_use_helper
                0x10003fb0       0x34 hw4/CMakeFiles/hw4.dir/C_/Program_Files/Raspberry_Pi/Pico_SDK_v1.5.1/pico-sdk/src/rp2_common/pico_double/double_v1_rom_shim.S.obj
                0x10003fb0                double_table_shim_on_use_helper
 .text.__wrap___aeabi_dsub
                0x10003fe4       0x10 hw4/CMakeFiles/hw4.dir/C_/Program_Files/Raspberry_Pi/Pico_SDK_v1.5.1/pico-sdk/src/rp2_common/pico_double/double_v1_rom_shim.S.obj
                0x10003fe4                drsub_shim
                0x10003fea                dsub_shim
 .text.dadd_shim
                0x10003ff4      0x15c hw4/CMakeFiles/hw4.dir/C_/Program_Files/Raspberry_Pi/Pico_SDK_v1.5.1/pico-sdk/src/rp2_common/pico_double/double_v1_rom_shim.S.obj
                0x10003ff4                dadd_shim
 .text.dmul_shim
                0x10004150      0x15c hw4/CMakeFiles/hw4.dir/C_/Program_Files/Raspberry_Pi/Pico_SDK_v1.5.1/pico-sdk/src/rp2_common/pico_double/double_v1_rom_shim.S.obj
                0x10004150                dmul_shim
 .text.ddiv_shim
                0x100042ac      0x1b0 hw4/CMakeFiles/hw4.dir/C_/Program_Files/Raspberry_Pi/Pico_SDK_v1.5.1/pico-sdk/src/rp2_common/pico_double/double_v1_rom_shim.S.obj
                0x100042ac                ddiv_shim
 .text.dcordic_vec_step
                0x1000445c        0xe hw4/CMakeFiles/hw4.dir/C_/Program_Files/Raspberry_Pi/Pico_SDK_v1.5.1/pico-sdk/src/rp2_common/pico_double/double_v1_rom_shim.S.obj
                0x1000445c                dcordic_vec_step
 .text.dcordic_rot_step
                0x1000446a       0x76 hw4/CMakeFiles/hw4.dir/C_/Program_Files/Raspberry_Pi/Pico_SDK_v1.5.1/pico-sdk/src/rp2_common/pico_double/double_v1_rom_shim.S.obj
                0x1000446a                dcordic_rot_step
 .text.double2uint_shim
                0x100044e0        0xe hw4/CMakeFiles/hw4.dir/C_/Program_Files/Raspberry_Pi/Pico_SDK_v1.5.1/pico-sdk/src/rp2_common/pico_double/double_v1_rom_shim.S.obj
                0x100044e0                double2uint_shim
                0x100044e2                double2ufix_shim
 .text.double2int64_shim
                0x100044ee       0x1a hw4/CMakeFiles/hw4.dir/C_/Program_Files/Raspberry_Pi/Pico_SDK_v1.5.1/pico-sdk/src/rp2_common/pico_double/double_v1_rom_shim.S.obj
                0x100044ee                double2int64_shim
                0x100044f0                double2fix64_shim
 .text.double2uint64_shim
                0x10004508       0x70 hw4/CMakeFiles/hw4.dir/C_/Program_Files/Raspberry_Pi/Pico_SDK_v1.5.1/pico-sdk/src/rp2_common/pico_double/double_v1_rom_shim.S.obj
                0x10004508                double2uint64_shim
                0x1000450a                double2ufix64_shim
                0x1000452a                d2fix_a
 .text.double2float_shim
                0x10004578       0x5c hw4/CMakeFiles/hw4.dir/C_/Program_Files/Raspberry_Pi/Pico_SDK_v1.5.1/pico-sdk/src/rp2_common/pico_double/double_v1_rom_shim.S.obj
                0x10004578                double2float_shim
 .text.x2double_shims
                0x100045d4       0x90 hw4/CMakeFiles/hw4.dir/C_/Program_Files/Raspberry_Pi/Pico_SDK_v1.5.1/pico-sdk/src/rp2_common/pico_double/double_v1_rom_shim.S.obj
                0x100045d4                uint2double_shim
                0x100045d6                ufix2double_shim
                0x100045dc                int2double_shim
                0x100045de                fix2double_shim
                0x100045e4                uint642double_shim
                0x100045e6                ufix642double_shim
                0x100045ec                int642double_shim
                0x100045ee                fix642double_shim
 .text.dunpacks
                0x10004664       0x3c hw4/CMakeFiles/hw4.dir/C_/Program_Files/Raspberry_Pi/Pico_SDK_v1.5.1/pico-sdk/src/rp2_common/pico_double/double_v1_rom_shim.S.obj
                0x10004664                dunpacks
 .text.dreduce  0x100046a0       0x82 hw4/CMakeFiles/hw4.dir/C_/Program_Files/Raspberry_Pi/Pico_SDK_v1.5.1/pico-sdk/src/rp2_common/pico_double/double_v1_rom_shim.S.obj
                0x100046a0                dreduce
 .text.dsin_shim
                0x10004722       0x14 hw4/CMakeFiles/hw4.dir/C_/Program_Files/Raspberry_Pi/Pico_SDK_v1.5.1/pico-sdk/src/rp2_common/pico_double/double_v1_rom_shim.S.obj
                0x10004722                dsin_shim
 *fill*         0x10004736        0x2 
 .text.dtrig_guts
                0x10004738      0x2ec hw4/CMakeFiles/hw4.dir/C_/Program_Files/Raspberry_Pi/Pico_SDK_v1.5.1/pico-sdk/src/rp2_common/pico_double/double_v1_rom_shim.S.obj
                0x10004810                datan2_shim
 .text.__aeabi_lmul
                0x10004a24       0x32 hw4/CMakeFiles/hw4.dir/C_/Program_Files/Raspberry_Pi/Pico_SDK_v1.5.1/pico-sdk/src/rp2_common/pico_int64_ops/pico_int64_ops_aeabi.S.obj
                0x10004a24                __wrap___aeabi_lmul
 *fill*         0x10004a56        0x2 
 .text.__wrap___aeabi_farithmetic
                0x10004a58       0x58 hw4/CMakeFiles/hw4.dir/C_/Program_Files/Raspberry_Pi/Pico_SDK_v1.5.1/pico-sdk/src/rp2_common/pico_float/float_aeabi.S.obj
                0x10004a58                __wrap___aeabi_frsub
                0x10004a5e                __wrap___aeabi_fsub
                0x10004a68                __wrap___aeabi_fadd
                0x10004a72                __wrap___aeabi_fdiv
                0x10004a9e                __wrap___aeabi_fmul
 .text.__wrap___aeabi_cfcmple
                0x10004ab0       0x50 hw4/CMakeFiles/hw4.dir/C_/Program_Files/Raspberry_Pi/Pico_SDK_v1.5.1/pico-sdk/src/rp2_common/pico_float/float_aeabi.S.obj
                0x10004ab0                __wrap___aeabi_cfrcmple
                0x10004abc                __wrap___aeabi_cfcmple
                0x10004abc                __wrap___aeabi_cfcmpeq
 .text.__wrap___aeabi_fcmplt
                0x10004b00        0xc hw4/CMakeFiles/hw4.dir/C_/Program_Files/Raspberry_Pi/Pico_SDK_v1.5.1/pico-sdk/src/rp2_common/pico_float/float_aeabi.S.obj
                0x10004b00                __wrap___aeabi_fcmplt
 .text.__wrap___aeabi_fcmple
                0x10004b0c       0x10 hw4/CMakeFiles/hw4.dir/C_/Program_Files/Raspberry_Pi/Pico_SDK_v1.5.1/pico-sdk/src/rp2_common/pico_float/float_aeabi.S.obj
                0x10004b0c                __wrap___aeabi_fcmple
 .text.__wrap___aeabi_f2d
                0x10004b1c       0x14 hw4/CMakeFiles/hw4.dir/C_/Program_Files/Raspberry_Pi/Pico_SDK_v1.5.1/pico-sdk/src/rp2_common/pico_float/float_aeabi.S.obj
                0x10004b1c                __wrap___aeabi_f2d
 .text.__aeabi_float_init
                0x10004b30       0xfc hw4/CMakeFiles/hw4.dir/C_/Program_Files/Raspberry_Pi/Pico_SDK_v1.5.1/pico-sdk/src/rp2_common/pico_float/float_init_rom.c.obj
                0x10004b30                __aeabi_float_init
 .text.float_table_shim_on_use_helper
                0x10004c2c       0x34 hw4/CMakeFiles/hw4.dir/C_/Program_Files/Raspberry_Pi/Pico_SDK_v1.5.1/pico-sdk/src/rp2_common/pico_float/float_v1_rom_shim.S.obj
                0x10004c2c                float_table_shim_on_use_helper
 .text.float2double_shim
                0x10004c60       0x30 hw4/CMakeFiles/hw4.dir/C_/Program_Files/Raspberry_Pi/Pico_SDK_v1.5.1/pico-sdk/src/rp2_common/pico_float/float_v1_rom_shim.S.obj
                0x10004c60                float2double_shim
 .text          0x10004c90       0x10 hw4/CMakeFiles/hw4.dir/C_/Program_Files/Raspberry_Pi/Pico_SDK_v1.5.1/pico-sdk/src/rp2_common/pico_mem_ops/mem_ops_aeabi.S.obj
                0x10004c90                __aeabi_mem_init
 .text.memcpy   0x10004ca0        0xc hw4/CMakeFiles/hw4.dir/C_/Program_Files/Raspberry_Pi/Pico_SDK_v1.5.1/pico-sdk/src/rp2_common/pico_mem_ops/mem_ops_aeabi.S.obj
                0x10004ca0                __wrap_memcpy
                0x10004ca0                __wrap___aeabi_memcpy
 .text.stdio_out_chars_no_crlf
                0x10004cac        0xe hw4/CMakeFiles/hw4.dir/C_/Program_Files/Raspberry_Pi/Pico_SDK_v1.5.1/pico-sdk/src/rp2_common/pico_stdio/stdio.c.obj
 *fill*         0x10004cba        0x2 
 .text.stdio_out_chars_crlf
                0x10004cbc       0x80 hw4/CMakeFiles/hw4.dir/C_/Program_Files/Raspberry_Pi/Pico_SDK_v1.5.1/pico-sdk/src/rp2_common/pico_stdio/stdio.c.obj
 .text.stdio_stack_buffer_flush
                0x10004d3c       0x44 hw4/CMakeFiles/hw4.dir/C_/Program_Files/Raspberry_Pi/Pico_SDK_v1.5.1/pico-sdk/src/rp2_common/pico_stdio/stdio.c.obj
 .text.stdio_buffered_printer
                0x10004d80       0x20 hw4/CMakeFiles/hw4.dir/C_/Program_Files/Raspberry_Pi/Pico_SDK_v1.5.1/pico-sdk/src/rp2_common/pico_stdio/stdio.c.obj
 .text.stdout_serialize_begin
                0x10004da0       0x5c hw4/CMakeFiles/hw4.dir/C_/Program_Files/Raspberry_Pi/Pico_SDK_v1.5.1/pico-sdk/src/rp2_common/pico_stdio/stdio.c.obj
                0x10004da0                stdout_serialize_begin
 .text.stdout_serialize_end
                0x10004dfc       0x10 hw4/CMakeFiles/hw4.dir/C_/Program_Files/Raspberry_Pi/Pico_SDK_v1.5.1/pico-sdk/src/rp2_common/pico_stdio/stdio.c.obj
                0x10004dfc                stdout_serialize_end
 .text.stdio_put_string
                0x10004e0c       0x98 hw4/CMakeFiles/hw4.dir/C_/Program_Files/Raspberry_Pi/Pico_SDK_v1.5.1/pico-sdk/src/rp2_common/pico_stdio/stdio.c.obj
 .text.stdio_set_driver_enabled
                0x10004ea4       0x2c hw4/CMakeFiles/hw4.dir/C_/Program_Files/Raspberry_Pi/Pico_SDK_v1.5.1/pico-sdk/src/rp2_common/pico_stdio/stdio.c.obj
                0x10004ea4                stdio_set_driver_enabled
 .text.stdio_flush
                0x10004ed0       0x20 hw4/CMakeFiles/hw4.dir/C_/Program_Files/Raspberry_Pi/Pico_SDK_v1.5.1/pico-sdk/src/rp2_common/pico_stdio/stdio.c.obj
                0x10004ed0                stdio_flush
 .text.__wrap_puts
                0x10004ef0       0x1e hw4/CMakeFiles/hw4.dir/C_/Program_Files/Raspberry_Pi/Pico_SDK_v1.5.1/pico-sdk/src/rp2_common/pico_stdio/stdio.c.obj
                0x10004ef0                __wrap_puts
 *fill*         0x10004f0e        0x2 
 .text.__wrap_vprintf
                0x10004f10       0x40 hw4/CMakeFiles/hw4.dir/C_/Program_Files/Raspberry_Pi/Pico_SDK_v1.5.1/pico-sdk/src/rp2_common/pico_stdio/stdio.c.obj
                0x10004f10                __wrap_vprintf
 .text.__wrap_printf
                0x10004f50       0x18 hw4/CMakeFiles/hw4.dir/C_/Program_Files/Raspberry_Pi/Pico_SDK_v1.5.1/pico-sdk/src/rp2_common/pico_stdio/stdio.c.obj
                0x10004f50                __wrap_printf
 .text.stdio_init_all
                0x10004f68        0xa hw4/CMakeFiles/hw4.dir/C_/Program_Files/Raspberry_Pi/Pico_SDK_v1.5.1/pico-sdk/src/rp2_common/pico_stdio/stdio.c.obj
                0x10004f68                stdio_init_all
 *fill*         0x10004f72        0x2 
 .text.stdio_uart_out_chars
                0x10004f74       0x74 hw4/CMakeFiles/hw4.dir/C_/Program_Files/Raspberry_Pi/Pico_SDK_v1.5.1/pico-sdk/src/rp2_common/pico_stdio_uart/stdio_uart.c.obj
 .text.stdio_uart_in_chars
                0x10004fe8       0x80 hw4/CMakeFiles/hw4.dir/C_/Program_Files/Raspberry_Pi/Pico_SDK_v1.5.1/pico-sdk/src/rp2_common/pico_stdio_uart/stdio_uart.c.obj
                0x10004fe8                stdio_uart_in_chars
 .text.on_uart_rx
                0x10005068       0x28 hw4/CMakeFiles/hw4.dir/C_/Program_Files/Raspberry_Pi/Pico_SDK_v1.5.1/pico-sdk/src/rp2_common/pico_stdio_uart/stdio_uart.c.obj
 .text.stdio_uart_set_chars_available_callback
                0x10005090       0x8c hw4/CMakeFiles/hw4.dir/C_/Program_Files/Raspberry_Pi/Pico_SDK_v1.5.1/pico-sdk/src/rp2_common/pico_stdio_uart/stdio_uart.c.obj
 .text.stdio_uart_init_full
                0x1000511c       0x44 hw4/CMakeFiles/hw4.dir/C_/Program_Files/Raspberry_Pi/Pico_SDK_v1.5.1/pico-sdk/src/rp2_common/pico_stdio_uart/stdio_uart.c.obj
                0x1000511c                stdio_uart_init_full
 .text.stdio_uart_init
                0x10005160       0x28 hw4/CMakeFiles/hw4.dir/C_/Program_Files/Raspberry_Pi/Pico_SDK_v1.5.1/pico-sdk/src/rp2_common/pico_stdio_uart/stdio_uart.c.obj
                0x10005160                stdio_uart_init
 .text.spi_set_baudrate
                0x10005188       0xcc hw4/CMakeFiles/hw4.dir/C_/Program_Files/Raspberry_Pi/Pico_SDK_v1.5.1/pico-sdk/src/rp2_common/hardware_spi/spi.c.obj
                0x10005188                spi_set_baudrate
 .text.spi_init
                0x10005254       0x74 hw4/CMakeFiles/hw4.dir/C_/Program_Files/Raspberry_Pi/Pico_SDK_v1.5.1/pico-sdk/src/rp2_common/hardware_spi/spi.c.obj
                0x10005254                spi_init
 .text.strlen   0x100052c8       0x5c c:/progra~1/raspbe~1/picosd~1.1/gcc-ar~1/bin/../lib/gcc/arm-none-eabi/10.3.1/../../../../arm-none-eabi/lib/thumb/v6-m/nofp\libg.a(lib_a-strlen-stub.o)
                0x100052c8                strlen
 *(.fini)
 .fini          0x10005324        0x4 c:/progra~1/raspbe~1/picosd~1.1/gcc-ar~1/bin/../lib/gcc/arm-none-eabi/10.3.1/thumb/v6-m/nofp/crti.o
                0x10005324                _fini
 .fini.__stub   0x10005328       0x50 linker stubs
 *crtbegin.o(.ctors)
 *crtbegin?.o(.ctors)
 *(EXCLUDE_FILE(*crtend.o *crtend?.o) .ctors)
 *(SORT_BY_NAME(.ctors.*))
 *(.ctors)
 *crtbegin.o(.dtors)
 *crtbegin?.o(.dtors)
 *(EXCLUDE_FILE(*crtend.o *crtend?.o) .dtors)
 *(SORT_BY_NAME(.dtors.*))
 *(.dtors)
 *(.eh_frame*)
 .eh_frame      0x10005378        0x0 c:/progra~1/raspbe~1/picosd~1.1/gcc-ar~1/bin/../lib/gcc/arm-none-eabi/10.3.1/thumb/v6-m/nofp/crtbegin.o
                0x10005378                . = ALIGN (0x4)

.glue_7         0x10005378        0x0
 .glue_7        0x10005378        0x0 linker stubs

.glue_7t        0x10005378        0x0
 .glue_7t       0x10005378        0x0 linker stubs

.vfp11_veneer   0x10005378        0x0
 .vfp11_veneer  0x10005378        0x0 linker stubs

.v4_bx          0x10005378        0x0
 .v4_bx         0x10005378        0x0 linker stubs

.iplt           0x10005378        0x0
 .iplt          0x10005378        0x0 c:/progra~1/raspbe~1/picosd~1.1/gcc-ar~1/bin/../lib/gcc/arm-none-eabi/10.3.1/thumb/v6-m/nofp/crtbegin.o

.rodata         0x10005378     0x10a0
 *(EXCLUDE_FILE(*libm.a: *libc.a:*lib_a-mem*.o *libgcc.a:) .rodata*)
 .rodata.mcp4902_spi_generator.str1.4
                0x10005378       0x11 hw4/CMakeFiles/hw4.dir/hw4.c.obj
 *fill*         0x10005389        0x3 
 .rodata.make_branch.str1.4
                0x1000538c       0x89 hw4/CMakeFiles/hw4.dir/C_/Program_Files/Raspberry_Pi/Pico_SDK_v1.5.1/pico-sdk/src/rp2_common/hardware_irq/irq.c.obj
 *fill*         0x10005415        0x3 
 .rodata.insert_branch_and_link.str1.4
                0x10005418       0x10 hw4/CMakeFiles/hw4.dir/C_/Program_Files/Raspberry_Pi/Pico_SDK_v1.5.1/pico-sdk/src/rp2_common/hardware_irq/irq.c.obj
 .rodata.irq_set_exclusive_handler.str1.4
                0x10005428       0x36 hw4/CMakeFiles/hw4.dir/C_/Program_Files/Raspberry_Pi/Pico_SDK_v1.5.1/pico-sdk/src/rp2_common/hardware_irq/irq.c.obj
 *fill*         0x1000545e        0x2 
 .rodata.irq_add_shared_handler.str1.4
                0x10005460       0xd9 hw4/CMakeFiles/hw4.dir/C_/Program_Files/Raspberry_Pi/Pico_SDK_v1.5.1/pico-sdk/src/rp2_common/hardware_irq/irq.c.obj
 *fill*         0x10005539        0x3 
 .rodata.irq_remove_handler.str1.4
                0x1000553c       0x3a hw4/CMakeFiles/hw4.dir/C_/Program_Files/Raspberry_Pi/Pico_SDK_v1.5.1/pico-sdk/src/rp2_common/hardware_irq/irq.c.obj
 *fill*         0x10005576        0x2 
 .rodata.irq_add_tail_to_free_list.str1.4
                0x10005578       0x3a hw4/CMakeFiles/hw4.dir/C_/Program_Files/Raspberry_Pi/Pico_SDK_v1.5.1/pico-sdk/src/rp2_common/hardware_irq/irq.c.obj
 *fill*         0x100055b2        0x2 
 .rodata.__func__.0
                0x100055b4       0x1a hw4/CMakeFiles/hw4.dir/C_/Program_Files/Raspberry_Pi/Pico_SDK_v1.5.1/pico-sdk/src/rp2_common/hardware_irq/irq.c.obj
 *fill*         0x100055ce        0x2 
 .rodata.__func__.1
                0x100055d0       0x17 hw4/CMakeFiles/hw4.dir/C_/Program_Files/Raspberry_Pi/Pico_SDK_v1.5.1/pico-sdk/src/rp2_common/hardware_irq/irq.c.obj
 *fill*         0x100055e7        0x1 
 .rodata.__func__.2
                0x100055e8       0x13 hw4/CMakeFiles/hw4.dir/C_/Program_Files/Raspberry_Pi/Pico_SDK_v1.5.1/pico-sdk/src/rp2_common/hardware_irq/irq.c.obj
 *fill*         0x100055fb        0x1 
 .rodata.__func__.3
                0x100055fc        0xc hw4/CMakeFiles/hw4.dir/C_/Program_Files/Raspberry_Pi/Pico_SDK_v1.5.1/pico-sdk/src/rp2_common/hardware_irq/irq.c.obj
 .rodata.__func__.4
                0x10005608        0xf hw4/CMakeFiles/hw4.dir/C_/Program_Files/Raspberry_Pi/Pico_SDK_v1.5.1/pico-sdk/src/rp2_common/hardware_irq/irq.c.obj
 *fill*         0x10005617        0x1 
 .rodata.__func__.6
                0x10005618       0x1a hw4/CMakeFiles/hw4.dir/C_/Program_Files/Raspberry_Pi/Pico_SDK_v1.5.1/pico-sdk/src/rp2_common/hardware_irq/irq.c.obj
 *fill*         0x10005632        0x2 
 .rodata.str1.4
                0x10005634      0x125 hw4/CMakeFiles/hw4.dir/C_/Program_Files/Raspberry_Pi/Pico_SDK_v1.5.1/pico-sdk/src/common/pico_sync/mutex.c.obj
 *fill*         0x10005759        0x3 
 .rodata.__func__.1
                0x1000575c        0xb hw4/CMakeFiles/hw4.dir/C_/Program_Files/Raspberry_Pi/Pico_SDK_v1.5.1/pico-sdk/src/common/pico_sync/mutex.c.obj
 *fill*         0x10005767        0x1 
 .rodata.__func__.3
                0x10005768       0x18 hw4/CMakeFiles/hw4.dir/C_/Program_Files/Raspberry_Pi/Pico_SDK_v1.5.1/pico-sdk/src/common/pico_sync/mutex.c.obj
 .rodata.repeating_timer_callback.str1.4
                0x10005780       0x67 hw4/CMakeFiles/hw4.dir/C_/Program_Files/Raspberry_Pi/Pico_SDK_v1.5.1/pico-sdk/src/common/pico_time/time.c.obj
 *fill*         0x100057e7        0x1 
 .rodata.timer_pool_entry_comparator.str1.4
                0x100057e8       0x22 hw4/CMakeFiles/hw4.dir/C_/Program_Files/Raspberry_Pi/Pico_SDK_v1.5.1/pico-sdk/src/common/pico_time/time.c.obj
 *fill*         0x1000580a        0x2 
 .rodata.ph_add_child_node.str1.4
                0x1000580c       0xb2 hw4/CMakeFiles/hw4.dir/C_/Program_Files/Raspberry_Pi/Pico_SDK_v1.5.1/pico-sdk/src/common/pico_time/time.c.obj
 *fill*         0x100058be        0x2 
 .rodata.add_alarm_under_lock.str1.4
                0x100058c0       0x28 hw4/CMakeFiles/hw4.dir/C_/Program_Files/Raspberry_Pi/Pico_SDK_v1.5.1/pico-sdk/src/common/pico_time/time.c.obj
                                 0x2b (size before relaxing)
 .rodata.alarm_pool_alarm_callback.str1.4
                0x100058e8       0x98 hw4/CMakeFiles/hw4.dir/C_/Program_Files/Raspberry_Pi/Pico_SDK_v1.5.1/pico-sdk/src/common/pico_time/time.c.obj
                                0x118 (size before relaxing)
 .rodata.alarm_pool_get_default.str1.4
                0x10005980       0x21 hw4/CMakeFiles/hw4.dir/C_/Program_Files/Raspberry_Pi/Pico_SDK_v1.5.1/pico-sdk/src/common/pico_time/time.c.obj
 *fill*         0x100059a1        0x3 
 .rodata.alarm_pool_cancel_alarm.str1.4
                0x100059a4       0x27 hw4/CMakeFiles/hw4.dir/C_/Program_Files/Raspberry_Pi/Pico_SDK_v1.5.1/pico-sdk/src/common/pico_time/time.c.obj
 *fill*         0x100059cb        0x1 
 .rodata.sleep_until.str1.4
                0x100059cc       0x4d hw4/CMakeFiles/hw4.dir/C_/Program_Files/Raspberry_Pi/Pico_SDK_v1.5.1/pico-sdk/src/common/pico_time/time.c.obj
 *fill*         0x10005a19        0x3 
 .rodata.__func__.1
                0x10005a1c       0x18 hw4/CMakeFiles/hw4.dir/C_/Program_Files/Raspberry_Pi/Pico_SDK_v1.5.1/pico-sdk/src/common/pico_time/time.c.obj
 .rodata.__func__.10
                0x10005a34       0x15 hw4/CMakeFiles/hw4.dir/C_/Program_Files/Raspberry_Pi/Pico_SDK_v1.5.1/pico-sdk/src/common/pico_time/time.c.obj
 *fill*         0x10005a49        0x3 
 .rodata.__func__.11
                0x10005a4c       0x1a hw4/CMakeFiles/hw4.dir/C_/Program_Files/Raspberry_Pi/Pico_SDK_v1.5.1/pico-sdk/src/common/pico_time/time.c.obj
 *fill*         0x10005a66        0x2 
 .rodata.__func__.12
                0x10005a68        0xa hw4/CMakeFiles/hw4.dir/C_/Program_Files/Raspberry_Pi/Pico_SDK_v1.5.1/pico-sdk/src/common/pico_time/time.c.obj
 *fill*         0x10005a72        0x2 
 .rodata.__func__.3
                0x10005a74       0x17 hw4/CMakeFiles/hw4.dir/C_/Program_Files/Raspberry_Pi/Pico_SDK_v1.5.1/pico-sdk/src/common/pico_time/time.c.obj
 *fill*         0x10005a8b        0x1 
 .rodata.__func__.4
                0x10005a8c       0x12 hw4/CMakeFiles/hw4.dir/C_/Program_Files/Raspberry_Pi/Pico_SDK_v1.5.1/pico-sdk/src/common/pico_time/time.c.obj
 *fill*         0x10005a9e        0x2 
 .rodata.__func__.5
                0x10005aa0        0xd hw4/CMakeFiles/hw4.dir/C_/Program_Files/Raspberry_Pi/Pico_SDK_v1.5.1/pico-sdk/src/common/pico_time/time.c.obj
 *fill*         0x10005aad        0x3 
 .rodata.__func__.6
                0x10005ab0       0x12 hw4/CMakeFiles/hw4.dir/C_/Program_Files/Raspberry_Pi/Pico_SDK_v1.5.1/pico-sdk/src/common/pico_time/time.c.obj
 *fill*         0x10005ac2        0x2 
 .rodata.__func__.7
                0x10005ac4        0xf hw4/CMakeFiles/hw4.dir/C_/Program_Files/Raspberry_Pi/Pico_SDK_v1.5.1/pico-sdk/src/common/pico_time/time.c.obj
 *fill*         0x10005ad3        0x1 
 .rodata.__func__.8
                0x10005ad4        0xc hw4/CMakeFiles/hw4.dir/C_/Program_Files/Raspberry_Pi/Pico_SDK_v1.5.1/pico-sdk/src/common/pico_time/time.c.obj
 .rodata.__func__.9
                0x10005ae0       0x15 hw4/CMakeFiles/hw4.dir/C_/Program_Files/Raspberry_Pi/Pico_SDK_v1.5.1/pico-sdk/src/common/pico_time/time.c.obj
 *fill*         0x10005af5        0x3 
 .rodata.hardware_alarm_claim.str1.4
                0x10005af8       0x22 hw4/CMakeFiles/hw4.dir/C_/Program_Files/Raspberry_Pi/Pico_SDK_v1.5.1/pico-sdk/src/rp2_common/hardware_timer/timer.c.obj
 .rodata.busy_wait_us.str1.4
                0x10005b1a       0x7d hw4/CMakeFiles/hw4.dir/C_/Program_Files/Raspberry_Pi/Pico_SDK_v1.5.1/pico-sdk/src/rp2_common/hardware_timer/timer.c.obj
 *fill*         0x10005b1a        0x2 
 .rodata.hardware_alarm_set_target.str1.4
                0x10005b1c       0x81 hw4/CMakeFiles/hw4.dir/C_/Program_Files/Raspberry_Pi/Pico_SDK_v1.5.1/pico-sdk/src/rp2_common/hardware_timer/timer.c.obj
 *fill*         0x10005b9d        0x3 
 .rodata.__func__.0
                0x10005ba0       0x1a hw4/CMakeFiles/hw4.dir/C_/Program_Files/Raspberry_Pi/Pico_SDK_v1.5.1/pico-sdk/src/rp2_common/hardware_timer/timer.c.obj
 *fill*         0x10005bba        0x2 
 .rodata.__func__.1
                0x10005bbc       0x15 hw4/CMakeFiles/hw4.dir/C_/Program_Files/Raspberry_Pi/Pico_SDK_v1.5.1/pico-sdk/src/rp2_common/hardware_timer/timer.c.obj
 .rodata.ph_add_child_node.str1.4
                0x10005bd1       0xb2 hw4/CMakeFiles/hw4.dir/C_/Program_Files/Raspberry_Pi/Pico_SDK_v1.5.1/pico-sdk/src/common/pico_util/pheap.c.obj
 *fill*         0x10005bd1        0x3 
 .rodata.ph_remove_any_head.str1.4
                0x10005bd4       0xa8 hw4/CMakeFiles/hw4.dir/C_/Program_Files/Raspberry_Pi/Pico_SDK_v1.5.1/pico-sdk/src/common/pico_util/pheap.c.obj
                                 0xbc (size before relaxing)
 .rodata.ph_remove_and_free_node.str1.4
                0x10005c7c       0x1e hw4/CMakeFiles/hw4.dir/C_/Program_Files/Raspberry_Pi/Pico_SDK_v1.5.1/pico-sdk/src/common/pico_util/pheap.c.obj
                                 0x26 (size before relaxing)
 *fill*         0x10005c9a        0x2 
 .rodata.__func__.0
                0x10005c9c       0x18 hw4/CMakeFiles/hw4.dir/C_/Program_Files/Raspberry_Pi/Pico_SDK_v1.5.1/pico-sdk/src/common/pico_util/pheap.c.obj
 .rodata.__func__.1
                0x10005cb4       0x13 hw4/CMakeFiles/hw4.dir/C_/Program_Files/Raspberry_Pi/Pico_SDK_v1.5.1/pico-sdk/src/common/pico_util/pheap.c.obj
 *fill*         0x10005cc7        0x1 
 .rodata.__func__.2
                0x10005cc8       0x12 hw4/CMakeFiles/hw4.dir/C_/Program_Files/Raspberry_Pi/Pico_SDK_v1.5.1/pico-sdk/src/common/pico_util/pheap.c.obj
 *fill*         0x10005cda        0x2 
 .rodata.__func__.3
                0x10005cdc        0xc hw4/CMakeFiles/hw4.dir/C_/Program_Files/Raspberry_Pi/Pico_SDK_v1.5.1/pico-sdk/src/common/pico_util/pheap.c.obj
 .rodata.clock_configure.str1.4
                0x10005ce8       0x73 hw4/CMakeFiles/hw4.dir/C_/Program_Files/Raspberry_Pi/Pico_SDK_v1.5.1/pico-sdk/src/rp2_common/hardware_clocks/clocks.c.obj
 *fill*         0x10005d5b        0x1 
 .rodata.__func__.1
                0x10005d5c       0x10 hw4/CMakeFiles/hw4.dir/C_/Program_Files/Raspberry_Pi/Pico_SDK_v1.5.1/pico-sdk/src/rp2_common/hardware_clocks/clocks.c.obj
 .rodata.pll_init.str1.4
                0x10005d6c      0x140 hw4/CMakeFiles/hw4.dir/C_/Program_Files/Raspberry_Pi/Pico_SDK_v1.5.1/pico-sdk/src/rp2_common/hardware_pll/pll.c.obj
 .rodata.__func__.0
                0x10005eac        0x9 hw4/CMakeFiles/hw4.dir/C_/Program_Files/Raspberry_Pi/Pico_SDK_v1.5.1/pico-sdk/src/rp2_common/hardware_pll/pll.c.obj
 *fill*         0x10005eb5        0x3 
 .rodata.__assert_func.str1.4
                0x10005eb8       0x3f hw4/CMakeFiles/hw4.dir/C_/Program_Files/Raspberry_Pi/Pico_SDK_v1.5.1/pico-sdk/src/rp2_common/pico_runtime/runtime.c.obj
                                 0x43 (size before relaxing)
 *fill*         0x10005ef7        0x1 
 .rodata.runtime_init.str1.4
                0x10005ef8       0x7d hw4/CMakeFiles/hw4.dir/C_/Program_Files/Raspberry_Pi/Pico_SDK_v1.5.1/pico-sdk/src/rp2_common/pico_runtime/runtime.c.obj
 *fill*         0x10005f75        0x3 
 .rodata.panic.str1.4
                0x10005f78       0x12 hw4/CMakeFiles/hw4.dir/C_/Program_Files/Raspberry_Pi/Pico_SDK_v1.5.1/pico-sdk/src/rp2_common/pico_runtime/runtime.c.obj
 *fill*         0x10005f8a        0x2 
 .rodata.__func__.2
                0x10005f8c        0xd hw4/CMakeFiles/hw4.dir/C_/Program_Files/Raspberry_Pi/Pico_SDK_v1.5.1/pico-sdk/src/rp2_common/pico_runtime/runtime.c.obj
 *fill*         0x10005f99        0x3 
 .rodata._ftoa.str1.4
                0x10005f9c       0x15 hw4/CMakeFiles/hw4.dir/C_/Program_Files/Raspberry_Pi/Pico_SDK_v1.5.1/pico-sdk/src/rp2_common/pico_printf/printf.c.obj
 *fill*         0x10005fb1        0x3 
 .rodata._vsnprintf
                0x10005fb4      0x1e0 hw4/CMakeFiles/hw4.dir/C_/Program_Files/Raspberry_Pi/Pico_SDK_v1.5.1/pico-sdk/src/rp2_common/pico_printf/printf.c.obj
 *fill*         0x10006194        0x4 
 .rodata.pow10.0
                0x10006198       0x50 hw4/CMakeFiles/hw4.dir/C_/Program_Files/Raspberry_Pi/Pico_SDK_v1.5.1/pico-sdk/src/rp2_common/pico_printf/printf.c.obj
 .rodata.__aeabi_double_init.str1.4
                0x100061e8       0xb8 hw4/CMakeFiles/hw4.dir/C_/Program_Files/Raspberry_Pi/Pico_SDK_v1.5.1/pico-sdk/src/rp2_common/pico_double/double_init_rom.c.obj
 .rodata.__func__.0
                0x100062a0       0x14 hw4/CMakeFiles/hw4.dir/C_/Program_Files/Raspberry_Pi/Pico_SDK_v1.5.1/pico-sdk/src/rp2_common/pico_double/double_init_rom.c.obj
 .rodata.__aeabi_float_init.str1.4
                0x100062b4       0x96 hw4/CMakeFiles/hw4.dir/C_/Program_Files/Raspberry_Pi/Pico_SDK_v1.5.1/pico-sdk/src/rp2_common/pico_float/float_init_rom.c.obj
                                 0x9a (size before relaxing)
 *fill*         0x1000634a        0x2 
 .rodata.__func__.0
                0x1000634c       0x13 hw4/CMakeFiles/hw4.dir/C_/Program_Files/Raspberry_Pi/Pico_SDK_v1.5.1/pico-sdk/src/rp2_common/pico_float/float_init_rom.c.obj
 *fill*         0x1000635f        0x1 
 .rodata.str1.4
                0x10006360       0x38 hw4/CMakeFiles/hw4.dir/C_/Program_Files/Raspberry_Pi/Pico_SDK_v1.5.1/pico-sdk/src/rp2_common/pico_standard_link/binary_info.c.obj
 .rodata.__bi_44
                0x10006398        0xc hw4/CMakeFiles/hw4.dir/C_/Program_Files/Raspberry_Pi/Pico_SDK_v1.5.1/pico-sdk/src/rp2_common/pico_standard_link/binary_info.c.obj
 .rodata.__bi_75
                0x100063a4        0xc hw4/CMakeFiles/hw4.dir/C_/Program_Files/Raspberry_Pi/Pico_SDK_v1.5.1/pico-sdk/src/rp2_common/pico_standard_link/binary_info.c.obj
 .rodata.__bi_81
                0x100063b0        0xc hw4/CMakeFiles/hw4.dir/C_/Program_Files/Raspberry_Pi/Pico_SDK_v1.5.1/pico-sdk/src/rp2_common/pico_standard_link/binary_info.c.obj
 .rodata.stdout_serialize_begin.str1.4
                0x100063bc       0x7d hw4/CMakeFiles/hw4.dir/C_/Program_Files/Raspberry_Pi/Pico_SDK_v1.5.1/pico-sdk/src/rp2_common/pico_stdio/stdio.c.obj
 .rodata.__func__.3
                0x100063bc       0x15 hw4/CMakeFiles/hw4.dir/C_/Program_Files/Raspberry_Pi/Pico_SDK_v1.5.1/pico-sdk/src/rp2_common/pico_stdio/stdio.c.obj
 *fill*         0x100063d1        0x3 
 .rodata.crlf_str.2
                0x100063d4        0x2 hw4/CMakeFiles/hw4.dir/C_/Program_Files/Raspberry_Pi/Pico_SDK_v1.5.1/pico-sdk/src/rp2_common/pico_stdio/stdio.c.obj
 *fill*         0x100063d6        0x2 
 .rodata.str1.4
                0x100063d8       0x2c hw4/CMakeFiles/hw4.dir/C_/Program_Files/Raspberry_Pi/Pico_SDK_v1.5.1/pico-sdk/src/rp2_common/pico_stdio_uart/stdio_uart.c.obj
 .rodata.__bi_33.4
                0x10006404        0xc hw4/CMakeFiles/hw4.dir/C_/Program_Files/Raspberry_Pi/Pico_SDK_v1.5.1/pico-sdk/src/rp2_common/pico_stdio_uart/stdio_uart.c.obj
 .rodata.__bi_34.5
                0x10006410        0x8 hw4/CMakeFiles/hw4.dir/C_/Program_Files/Raspberry_Pi/Pico_SDK_v1.5.1/pico-sdk/src/rp2_common/pico_stdio_uart/stdio_uart.c.obj
                0x10006418                . = ALIGN (0x4)
 *(SORT_BY_ALIGNMENT(SORT_BY_NAME(.flashdata*)))
                0x10006418                . = ALIGN (0x4)

.ARM.extab
 *(.ARM.extab* .gnu.linkonce.armextab.*)
                0x10006418                __exidx_start = .

.ARM.exidx
 *(.ARM.exidx* .gnu.linkonce.armexidx.*)
                0x10006418                __exidx_end = .
                0x10006418                . = ALIGN (0x4)
                0x10006418                __binary_info_start = .

.binary_info    0x10006418       0x24
 *(.binary_info.keep.*)
 .binary_info.keep.__bi_ptr22
                0x10006418        0x4 hw4/CMakeFiles/hw4.dir/C_/Program_Files/Raspberry_Pi/Pico_SDK_v1.5.1/pico-sdk/src/rp2_common/pico_standard_link/binary_info.c.obj
 .binary_info.keep.__bi_ptr30
                0x1000641c        0x4 hw4/CMakeFiles/hw4.dir/C_/Program_Files/Raspberry_Pi/Pico_SDK_v1.5.1/pico-sdk/src/rp2_common/pico_standard_link/binary_info.c.obj
 .binary_info.keep.__bi_ptr38
                0x10006420        0x4 hw4/CMakeFiles/hw4.dir/C_/Program_Files/Raspberry_Pi/Pico_SDK_v1.5.1/pico-sdk/src/rp2_common/pico_standard_link/binary_info.c.obj
 .binary_info.keep.__bi_ptr44
                0x10006424        0x4 hw4/CMakeFiles/hw4.dir/C_/Program_Files/Raspberry_Pi/Pico_SDK_v1.5.1/pico-sdk/src/rp2_common/pico_standard_link/binary_info.c.obj
 .binary_info.keep.__bi_ptr50
                0x10006428        0x4 hw4/CMakeFiles/hw4.dir/C_/Program_Files/Raspberry_Pi/Pico_SDK_v1.5.1/pico-sdk/src/rp2_common/pico_standard_link/binary_info.c.obj
 .binary_info.keep.__bi_ptr75
                0x1000642c        0x4 hw4/CMakeFiles/hw4.dir/C_/Program_Files/Raspberry_Pi/Pico_SDK_v1.5.1/pico-sdk/src/rp2_common/pico_standard_link/binary_info.c.obj
 .binary_info.keep.__bi_ptr81
                0x10006430        0x4 hw4/CMakeFiles/hw4.dir/C_/Program_Files/Raspberry_Pi/Pico_SDK_v1.5.1/pico-sdk/src/rp2_common/pico_standard_link/binary_info.c.obj
 *(.binary_info.*)
 .binary_info.__bi_ptr33
                0x10006434        0x4 hw4/CMakeFiles/hw4.dir/C_/Program_Files/Raspberry_Pi/Pico_SDK_v1.5.1/pico-sdk/src/rp2_common/pico_stdio_uart/stdio_uart.c.obj
 .binary_info.__bi_ptr34
                0x10006438        0x4 hw4/CMakeFiles/hw4.dir/C_/Program_Files/Raspberry_Pi/Pico_SDK_v1.5.1/pico-sdk/src/rp2_common/pico_stdio_uart/stdio_uart.c.obj
                0x1000643c                __binary_info_end = .

.rel.dyn        0x1000643c        0x0
 .rel.iplt      0x1000643c        0x0 c:/progra~1/raspbe~1/picosd~1.1/gcc-ar~1/bin/../lib/gcc/arm-none-eabi/10.3.1/thumb/v6-m/nofp/crtbegin.o
                0x1000643c                . = ALIGN (0x4)

.ram_vector_table
                0x20000000       0xc0
 *(.ram_vector_table)
 .ram_vector_table
                0x20000000       0xc0 hw4/CMakeFiles/hw4.dir/C_/Program_Files/Raspberry_Pi/Pico_SDK_v1.5.1/pico-sdk/src/rp2_common/pico_runtime/runtime.c.obj
                0x20000000                ram_vector_table

.data           0x200000c0      0x284 load address 0x1000643c
                0x200000c0                __data_start__ = .
 *(vtable)
 *(.time_critical*)
 .time_critical.mutex_try_enter
                0x200000c0       0x46 hw4/CMakeFiles/hw4.dir/C_/Program_Files/Raspberry_Pi/Pico_SDK_v1.5.1/pico-sdk/src/common/pico_sync/mutex.c.obj
                0x200000c0                mutex_try_enter
 *fill*         0x20000106        0x2 
 .time_critical.mutex_enter_block_until
                0x20000108       0x8c hw4/CMakeFiles/hw4.dir/C_/Program_Files/Raspberry_Pi/Pico_SDK_v1.5.1/pico-sdk/src/common/pico_sync/mutex.c.obj
                0x20000108                mutex_enter_block_until
 .time_critical.mutex_try_enter_block_until
                0x20000194       0x34 hw4/CMakeFiles/hw4.dir/C_/Program_Files/Raspberry_Pi/Pico_SDK_v1.5.1/pico-sdk/src/common/pico_sync/mutex.c.obj
                0x20000194                mutex_try_enter_block_until
 .time_critical.mutex_exit
                0x200001c8       0x4c hw4/CMakeFiles/hw4.dir/C_/Program_Files/Raspberry_Pi/Pico_SDK_v1.5.1/pico-sdk/src/common/pico_sync/mutex.c.obj
                0x200001c8                mutex_exit
 .time_critical.spi_write_blocking
                0x20000214       0x3a hw4/CMakeFiles/hw4.dir/C_/Program_Files/Raspberry_Pi/Pico_SDK_v1.5.1/pico-sdk/src/rp2_common/hardware_spi/spi.c.obj
                0x20000214                spi_write_blocking
 *(.text*)
 *fill*         0x2000024e        0x2 
 .text          0x20000250        0x4 c:/progra~1/raspbe~1/picosd~1.1/gcc-ar~1/bin/../lib/gcc/arm-none-eabi/10.3.1/thumb/v6-m/nofp\libgcc.a(_dvmd_tls.o)
                0x20000250                __aeabi_idiv0
                0x20000250                __aeabi_ldiv0
 *fill*         0x20000254        0x4 
 .text.__stub   0x20000258       0x20 linker stubs
                0x20000278                . = ALIGN (0x4)
 *(.rodata*)
                0x20000278                . = ALIGN (0x4)
 *(.data*)
 .data.striped_spin_lock_num
                0x20000278        0x1 hw4/CMakeFiles/hw4.dir/C_/Program_Files/Raspberry_Pi/Pico_SDK_v1.5.1/pico-sdk/src/rp2_common/hardware_sync/sync.c.obj
 *fill*         0x20000279        0x3 
 .data          0x2000027c       0x48 hw4/CMakeFiles/hw4.dir/C_/Program_Files/Raspberry_Pi/Pico_SDK_v1.5.1/pico-sdk/src/rp2_common/hardware_irq/irq_handler_chain.S.obj
                0x2000027c                irq_handler_chain_slots
                0x200002ac                irq_handler_chain_first_slot
                0x200002b6                irq_handler_chain_remove_tail
 .data.default_alarm_pool
                0x200002c4       0x18 hw4/CMakeFiles/hw4.dir/C_/Program_Files/Raspberry_Pi/Pico_SDK_v1.5.1/pico-sdk/src/common/pico_time/time.c.obj
 .data.default_alarm_pool_heap
                0x200002dc       0x10 hw4/CMakeFiles/hw4.dir/C_/Program_Files/Raspberry_Pi/Pico_SDK_v1.5.1/pico-sdk/src/common/pico_time/time.c.obj
 *fill*         0x200002ec        0x4 
 .data.aeabi_bits_funcs
                0x200002f0       0x10 hw4/CMakeFiles/hw4.dir/C_/Program_Files/Raspberry_Pi/Pico_SDK_v1.5.1/pico-sdk/src/rp2_common/pico_bit_ops/bit_ops_aeabi.S.obj
                0x200002f0                aeabi_bits_funcs
                0x20000300                aeabi_bits_funcs_end
 .data.aeabi_mem_funcs
                0x20000300       0x10 hw4/CMakeFiles/hw4.dir/C_/Program_Files/Raspberry_Pi/Pico_SDK_v1.5.1/pico-sdk/src/rp2_common/pico_mem_ops/mem_ops_aeabi.S.obj
                0x20000300                aeabi_mem_funcs
                0x20000310                aeabi_mem_funcs_end
 .data.stdio_uart
                0x20000310       0x18 hw4/CMakeFiles/hw4.dir/C_/Program_Files/Raspberry_Pi/Pico_SDK_v1.5.1/pico-sdk/src/rp2_common/pico_stdio_uart/stdio_uart.c.obj
                0x20000310                stdio_uart
                0x20000328                . = ALIGN (0x4)
 *(.after_data.*)
                0x20000328                . = ALIGN (0x4)
                0x20000328                PROVIDE (__mutex_array_start = .)
 *(SORT_BY_NAME(.mutex_array.*))
 *(.mutex_array)
 .mutex_array   0x20000328        0x8 hw4/CMakeFiles/hw4.dir/C_/Program_Files/Raspberry_Pi/Pico_SDK_v1.5.1/pico-sdk/src/rp2_common/pico_stdio/stdio.c.obj
                0x20000330                PROVIDE (__mutex_array_end = .)
                0x20000330                . = ALIGN (0x4)
                0x20000330                PROVIDE (__preinit_array_start = .)
 *(SORT_BY_NAME(.preinit_array.*))
 .preinit_array.00001
                0x20000330        0x4 hw4/CMakeFiles/hw4.dir/C_/Program_Files/Raspberry_Pi/Pico_SDK_v1.5.1/pico-sdk/src/rp2_common/pico_mem_ops/mem_ops_aeabi.S.obj
 .preinit_array.00010
                0x20000334        0x4 hw4/CMakeFiles/hw4.dir/C_/Program_Files/Raspberry_Pi/Pico_SDK_v1.5.1/pico-sdk/src/rp2_common/pico_bit_ops/bit_ops_aeabi.S.obj
 .preinit_array.00020
                0x20000338        0x4 hw4/CMakeFiles/hw4.dir/C_/Program_Files/Raspberry_Pi/Pico_SDK_v1.5.1/pico-sdk/src/rp2_common/pico_double/double_aeabi.S.obj
 .preinit_array.00020
                0x2000033c        0x4 hw4/CMakeFiles/hw4.dir/C_/Program_Files/Raspberry_Pi/Pico_SDK_v1.5.1/pico-sdk/src/rp2_common/pico_float/float_aeabi.S.obj
 *(.preinit_array)
                0x20000340                PROVIDE (__preinit_array_end = .)
                0x20000340                . = ALIGN (0x4)
                0x20000340                PROVIDE (__init_array_start = .)
 *(SORT_BY_NAME(.init_array.*))
 *(.init_array)
 .init_array    0x20000340        0x4 c:/progra~1/raspbe~1/picosd~1.1/gcc-ar~1/bin/../lib/gcc/arm-none-eabi/10.3.1/thumb/v6-m/nofp/crtbegin.o
                0x20000344                PROVIDE (__init_array_end = .)
                0x20000344                . = ALIGN (0x4)
                [!provide]                PROVIDE (__fini_array_start = .)
 *(SORT_BY_NAME(.fini_array.*))
 *(.fini_array)
                [!provide]                PROVIDE (__fini_array_end = .)
 *(.jcr)
                0x20000344                . = ALIGN (0x4)
                0x20000344                __data_end__ = .
                0x1000643c                __etext = LOADADDR (.data)

.igot.plt       0x20000344        0x0 load address 0x100066c0
 .igot.plt      0x20000344        0x0 c:/progra~1/raspbe~1/picosd~1.1/gcc-ar~1/bin/../lib/gcc/arm-none-eabi/10.3.1/thumb/v6-m/nofp/crtbegin.o

.uninitialized_data
                0x20000344        0x0 load address 0x100066c0
                0x20000344                . = ALIGN (0x4)
 *(.uninitialized_data*)

.scratch_x      0x20040000        0x0 load address 0x100066c0
                0x20040000                __scratch_x_start__ = .
 *(.scratch_x.*)
                0x20040000                . = ALIGN (0x4)
                0x20040000                __scratch_x_end__ = .
                0x100066c0                __scratch_x_source__ = LOADADDR (.scratch_x)

.scratch_y      0x20041000        0x0 load address 0x100066c0
                0x20041000                __scratch_y_start__ = .
 *(.scratch_y.*)
                0x20041000                . = ALIGN (0x4)
                0x20041000                __scratch_y_end__ = .
                0x100066c0                __scratch_y_source__ = LOADADDR (.scratch_y)

.bss            0x20000348      0x3d8
                0x20000348                . = ALIGN (0x4)
                0x20000348                __bss_start__ = .
 *(SORT_BY_ALIGNMENT(SORT_BY_NAME(.bss*)))
 .bss.default_alarm_pool_entries
                0x20000348      0x100 hw4/CMakeFiles/hw4.dir/C_/Program_Files/Raspberry_Pi/Pico_SDK_v1.5.1/pico-sdk/src/common/pico_time/time.c.obj
 .bss           0x20000448       0x1c c:/progra~1/raspbe~1/picosd~1.1/gcc-ar~1/bin/../lib/gcc/arm-none-eabi/10.3.1/thumb/v6-m/nofp/crtbegin.o
 .bss.alarm_callbacks
                0x20000464       0x10 hw4/CMakeFiles/hw4.dir/C_/Program_Files/Raspberry_Pi/Pico_SDK_v1.5.1/pico-sdk/src/rp2_common/hardware_timer/timer.c.obj
 .bss.chars_available_callback
                0x20000474        0x4 hw4/CMakeFiles/hw4.dir/C_/Program_Files/Raspberry_Pi/Pico_SDK_v1.5.1/pico-sdk/src/rp2_common/pico_stdio_uart/stdio_uart.c.obj
 .bss.chars_available_param
                0x20000478        0x4 hw4/CMakeFiles/hw4.dir/C_/Program_Files/Raspberry_Pi/Pico_SDK_v1.5.1/pico-sdk/src/rp2_common/pico_stdio_uart/stdio_uart.c.obj
 .bss.configured_freq
                0x2000047c       0x28 hw4/CMakeFiles/hw4.dir/C_/Program_Files/Raspberry_Pi/Pico_SDK_v1.5.1/pico-sdk/src/rp2_common/hardware_clocks/clocks.c.obj
 .bss.default_alarm_pool_entry_ids_high
                0x200004a4       0x10 hw4/CMakeFiles/hw4.dir/C_/Program_Files/Raspberry_Pi/Pico_SDK_v1.5.1/pico-sdk/src/common/pico_time/time.c.obj
 .bss.default_alarm_pool_heap_nodes
                0x200004b4       0x30 hw4/CMakeFiles/hw4.dir/C_/Program_Files/Raspberry_Pi/Pico_SDK_v1.5.1/pico-sdk/src/common/pico_time/time.c.obj
 .bss.drivers   0x200004e4        0x4 hw4/CMakeFiles/hw4.dir/C_/Program_Files/Raspberry_Pi/Pico_SDK_v1.5.1/pico-sdk/src/rp2_common/pico_stdio/stdio.c.obj
 .bss.filter    0x200004e8        0x4 hw4/CMakeFiles/hw4.dir/C_/Program_Files/Raspberry_Pi/Pico_SDK_v1.5.1/pico-sdk/src/rp2_common/pico_stdio/stdio.c.obj
 .bss.pools     0x200004ec       0x10 hw4/CMakeFiles/hw4.dir/C_/Program_Files/Raspberry_Pi/Pico_SDK_v1.5.1/pico-sdk/src/common/pico_time/time.c.obj
 .bss.sd_table  0x200004fc      0x100 hw4/CMakeFiles/hw4.dir/C_/Program_Files/Raspberry_Pi/Pico_SDK_v1.5.1/pico-sdk/src/rp2_common/pico_double/double_init_rom.c.obj
                0x200004fc                sd_table
 .bss.sf_clz_func
                0x200005fc        0x4 hw4/CMakeFiles/hw4.dir/C_/Program_Files/Raspberry_Pi/Pico_SDK_v1.5.1/pico-sdk/src/rp2_common/pico_double/double_init_rom.c.obj
                0x200005fc                sf_clz_func
 .bss.sf_table  0x20000600      0x100 hw4/CMakeFiles/hw4.dir/C_/Program_Files/Raspberry_Pi/Pico_SDK_v1.5.1/pico-sdk/src/rp2_common/pico_float/float_init_rom.c.obj
                0x20000600                sf_table
 .bss.sleep_notifier
                0x20000700        0x4 hw4/CMakeFiles/hw4.dir/C_/Program_Files/Raspberry_Pi/Pico_SDK_v1.5.1/pico-sdk/src/common/pico_time/time.c.obj
 .bss.target_hi
                0x20000704       0x10 hw4/CMakeFiles/hw4.dir/C_/Program_Files/Raspberry_Pi/Pico_SDK_v1.5.1/pico-sdk/src/rp2_common/hardware_timer/timer.c.obj
 .bss.uart_char_to_line_feed
                0x20000714        0x4 hw4/CMakeFiles/hw4.dir/C_/Program_Files/Raspberry_Pi/Pico_SDK_v1.5.1/pico-sdk/src/rp2_common/hardware_uart/uart.c.obj
                0x20000714                uart_char_to_line_feed
 .bss.uart_instance
                0x20000718        0x4 hw4/CMakeFiles/hw4.dir/C_/Program_Files/Raspberry_Pi/Pico_SDK_v1.5.1/pico-sdk/src/rp2_common/pico_stdio_uart/stdio_uart.c.obj
 .bss.claimed   0x2000071c        0x1 hw4/CMakeFiles/hw4.dir/C_/Program_Files/Raspberry_Pi/Pico_SDK_v1.5.1/pico-sdk/src/rp2_common/hardware_timer/timer.c.obj
 .bss.irq_hander_chain_free_slot_head
                0x2000071d        0x1 hw4/CMakeFiles/hw4.dir/C_/Program_Files/Raspberry_Pi/Pico_SDK_v1.5.1/pico-sdk/src/rp2_common/hardware_irq/irq.c.obj
 .bss.timer_callbacks_pending
                0x2000071e        0x1 hw4/CMakeFiles/hw4.dir/C_/Program_Files/Raspberry_Pi/Pico_SDK_v1.5.1/pico-sdk/src/rp2_common/hardware_timer/timer.c.obj
 *(COMMON)
                0x20000720                . = ALIGN (0x4)
 *fill*         0x2000071f        0x1 
                0x20000720                __bss_end__ = .

.heap           0x20000720      0x800
                0x20000720                __end__ = .
                0x20000720                end = __end__
 *(.heap*)
 .heap          0x20000720      0x800 hw4/CMakeFiles/hw4.dir/C_/Program_Files/Raspberry_Pi/Pico_SDK_v1.5.1/pico-sdk/src/rp2_common/pico_standard_link/crt0.S.obj
                0x20000f20                __HeapLimit = .

.stack1_dummy   0x20040000        0x0
 *(.stack1*)

.stack_dummy    0x20041000      0x800
 *(.stack*)
 .stack         0x20041000      0x800 hw4/CMakeFiles/hw4.dir/C_/Program_Files/Raspberry_Pi/Pico_SDK_v1.5.1/pico-sdk/src/rp2_common/pico_standard_link/crt0.S.obj

.flash_end      0x100066c0        0x0
                0x100066c0                PROVIDE (__flash_binary_end = .)
                0x20040000                __StackLimit = (ORIGIN (RAM) + LENGTH (RAM))
                0x20041000                __StackOneTop = (ORIGIN (SCRATCH_X) + LENGTH (SCRATCH_X))
                0x20042000                __StackTop = (ORIGIN (SCRATCH_Y) + LENGTH (SCRATCH_Y))
                0x20041000                __StackOneBottom = (__StackOneTop - SIZEOF (.stack1_dummy))
                0x20041800                __StackBottom = (__StackTop - SIZEOF (.stack_dummy))
                0x20042000                PROVIDE (__stack = __StackTop)
                0x00000001                ASSERT ((__StackLimit >= __HeapLimit), region RAM overflowed)
                0x00000001                ASSERT (((__binary_info_header_end - __logical_binary_start) <= 0x100), Binary info must be in first 256 bytes of the binary)
LOAD hw4/CMakeFiles/hw4.dir/hw4.c.obj
LOAD hw4/CMakeFiles/hw4.dir/C_/Program_Files/Raspberry_Pi/Pico_SDK_v1.5.1/pico-sdk/src/rp2_common/pico_stdlib/stdlib.c.obj
LOAD hw4/CMakeFiles/hw4.dir/C_/Program_Files/Raspberry_Pi/Pico_SDK_v1.5.1/pico-sdk/src/rp2_common/hardware_gpio/gpio.c.obj
LOAD hw4/CMakeFiles/hw4.dir/C_/Program_Files/Raspberry_Pi/Pico_SDK_v1.5.1/pico-sdk/src/rp2_common/pico_platform/platform.c.obj
LOAD hw4/CMakeFiles/hw4.dir/C_/Program_Files/Raspberry_Pi/Pico_SDK_v1.5.1/pico-sdk/src/rp2_common/hardware_claim/claim.c.obj
LOAD hw4/CMakeFiles/hw4.dir/C_/Program_Files/Raspberry_Pi/Pico_SDK_v1.5.1/pico-sdk/src/rp2_common/hardware_sync/sync.c.obj
LOAD hw4/CMakeFiles/hw4.dir/C_/Program_Files/Raspberry_Pi/Pico_SDK_v1.5.1/pico-sdk/src/rp2_common/hardware_irq/irq.c.obj
LOAD hw4/CMakeFiles/hw4.dir/C_/Program_Files/Raspberry_Pi/Pico_SDK_v1.5.1/pico-sdk/src/rp2_common/hardware_irq/irq_handler_chain.S.obj
LOAD hw4/CMakeFiles/hw4.dir/C_/Program_Files/Raspberry_Pi/Pico_SDK_v1.5.1/pico-sdk/src/common/pico_sync/sem.c.obj
LOAD hw4/CMakeFiles/hw4.dir/C_/Program_Files/Raspberry_Pi/Pico_SDK_v1.5.1/pico-sdk/src/common/pico_sync/lock_core.c.obj
LOAD hw4/CMakeFiles/hw4.dir/C_/Program_Files/Raspberry_Pi/Pico_SDK_v1.5.1/pico-sdk/src/common/pico_sync/mutex.c.obj
LOAD hw4/CMakeFiles/hw4.dir/C_/Program_Files/Raspberry_Pi/Pico_SDK_v1.5.1/pico-sdk/src/common/pico_sync/critical_section.c.obj
LOAD hw4/CMakeFiles/hw4.dir/C_/Program_Files/Raspberry_Pi/Pico_SDK_v1.5.1/pico-sdk/src/common/pico_time/time.c.obj
LOAD hw4/CMakeFiles/hw4.dir/C_/Program_Files/Raspberry_Pi/Pico_SDK_v1.5.1/pico-sdk/src/common/pico_time/timeout_helper.c.obj
LOAD hw4/CMakeFiles/hw4.dir/C_/Program_Files/Raspberry_Pi/Pico_SDK_v1.5.1/pico-sdk/src/rp2_common/hardware_timer/timer.c.obj
LOAD hw4/CMakeFiles/hw4.dir/C_/Program_Files/Raspberry_Pi/Pico_SDK_v1.5.1/pico-sdk/src/common/pico_util/datetime.c.obj
LOAD hw4/CMakeFiles/hw4.dir/C_/Program_Files/Raspberry_Pi/Pico_SDK_v1.5.1/pico-sdk/src/common/pico_util/pheap.c.obj
LOAD hw4/CMakeFiles/hw4.dir/C_/Program_Files/Raspberry_Pi/Pico_SDK_v1.5.1/pico-sdk/src/common/pico_util/queue.c.obj
LOAD hw4/CMakeFiles/hw4.dir/C_/Program_Files/Raspberry_Pi/Pico_SDK_v1.5.1/pico-sdk/src/rp2_common/hardware_uart/uart.c.obj
LOAD hw4/CMakeFiles/hw4.dir/C_/Program_Files/Raspberry_Pi/Pico_SDK_v1.5.1/pico-sdk/src/rp2_common/hardware_clocks/clocks.c.obj
LOAD hw4/CMakeFiles/hw4.dir/C_/Program_Files/Raspberry_Pi/Pico_SDK_v1.5.1/pico-sdk/src/rp2_common/hardware_pll/pll.c.obj
LOAD hw4/CMakeFiles/hw4.dir/C_/Program_Files/Raspberry_Pi/Pico_SDK_v1.5.1/pico-sdk/src/rp2_common/hardware_vreg/vreg.c.obj
LOAD hw4/CMakeFiles/hw4.dir/C_/Program_Files/Raspberry_Pi/Pico_SDK_v1.5.1/pico-sdk/src/rp2_common/hardware_watchdog/watchdog.c.obj
LOAD hw4/CMakeFiles/hw4.dir/C_/Program_Files/Raspberry_Pi/Pico_SDK_v1.5.1/pico-sdk/src/rp2_common/hardware_xosc/xosc.c.obj
LOAD hw4/CMakeFiles/hw4.dir/C_/Program_Files/Raspberry_Pi/Pico_SDK_v1.5.1/pico-sdk/src/rp2_common/hardware_divider/divider.S.obj
LOAD hw4/CMakeFiles/hw4.dir/C_/Program_Files/Raspberry_Pi/Pico_SDK_v1.5.1/pico-sdk/src/rp2_common/pico_runtime/runtime.c.obj
LOAD hw4/CMakeFiles/hw4.dir/C_/Program_Files/Raspberry_Pi/Pico_SDK_v1.5.1/pico-sdk/src/rp2_common/pico_printf/printf.c.obj
LOAD hw4/CMakeFiles/hw4.dir/C_/Program_Files/Raspberry_Pi/Pico_SDK_v1.5.1/pico-sdk/src/rp2_common/pico_bit_ops/bit_ops_aeabi.S.obj
LOAD hw4/CMakeFiles/hw4.dir/C_/Program_Files/Raspberry_Pi/Pico_SDK_v1.5.1/pico-sdk/src/rp2_common/pico_bootrom/bootrom.c.obj
LOAD hw4/CMakeFiles/hw4.dir/C_/Program_Files/Raspberry_Pi/Pico_SDK_v1.5.1/pico-sdk/src/rp2_common/pico_divider/divider.S.obj
LOAD hw4/CMakeFiles/hw4.dir/C_/Program_Files/Raspberry_Pi/Pico_SDK_v1.5.1/pico-sdk/src/rp2_common/pico_double/double_aeabi.S.obj
LOAD hw4/CMakeFiles/hw4.dir/C_/Program_Files/Raspberry_Pi/Pico_SDK_v1.5.1/pico-sdk/src/rp2_common/pico_double/double_init_rom.c.obj
LOAD hw4/CMakeFiles/hw4.dir/C_/Program_Files/Raspberry_Pi/Pico_SDK_v1.5.1/pico-sdk/src/rp2_common/pico_double/double_math.c.obj
LOAD hw4/CMakeFiles/hw4.dir/C_/Program_Files/Raspberry_Pi/Pico_SDK_v1.5.1/pico-sdk/src/rp2_common/pico_double/double_v1_rom_shim.S.obj
LOAD hw4/CMakeFiles/hw4.dir/C_/Program_Files/Raspberry_Pi/Pico_SDK_v1.5.1/pico-sdk/src/rp2_common/pico_int64_ops/pico_int64_ops_aeabi.S.obj
LOAD hw4/CMakeFiles/hw4.dir/C_/Program_Files/Raspberry_Pi/Pico_SDK_v1.5.1/pico-sdk/src/rp2_common/pico_float/float_aeabi.S.obj
LOAD hw4/CMakeFiles/hw4.dir/C_/Program_Files/Raspberry_Pi/Pico_SDK_v1.5.1/pico-sdk/src/rp2_common/pico_float/float_init_rom.c.obj
LOAD hw4/CMakeFiles/hw4.dir/C_/Program_Files/Raspberry_Pi/Pico_SDK_v1.5.1/pico-sdk/src/rp2_common/pico_float/float_math.c.obj
LOAD hw4/CMakeFiles/hw4.dir/C_/Program_Files/Raspberry_Pi/Pico_SDK_v1.5.1/pico-sdk/src/rp2_common/pico_float/float_v1_rom_shim.S.obj
LOAD hw4/CMakeFiles/hw4.dir/C_/Program_Files/Raspberry_Pi/Pico_SDK_v1.5.1/pico-sdk/src/rp2_common/pico_malloc/pico_malloc.c.obj
LOAD hw4/CMakeFiles/hw4.dir/C_/Program_Files/Raspberry_Pi/Pico_SDK_v1.5.1/pico-sdk/src/rp2_common/pico_mem_ops/mem_ops_aeabi.S.obj
LOAD hw4/CMakeFiles/hw4.dir/C_/Program_Files/Raspberry_Pi/Pico_SDK_v1.5.1/pico-sdk/src/rp2_common/pico_standard_link/crt0.S.obj
LOAD hw4/CMakeFiles/hw4.dir/C_/Program_Files/Raspberry_Pi/Pico_SDK_v1.5.1/pico-sdk/src/rp2_common/pico_standard_link/new_delete.cpp.obj
LOAD hw4/CMakeFiles/hw4.dir/C_/Program_Files/Raspberry_Pi/Pico_SDK_v1.5.1/pico-sdk/src/rp2_common/pico_standard_link/binary_info.c.obj
LOAD hw4/CMakeFiles/hw4.dir/C_/Program_Files/Raspberry_Pi/Pico_SDK_v1.5.1/pico-sdk/src/rp2_common/pico_stdio/stdio.c.obj
LOAD hw4/CMakeFiles/hw4.dir/C_/Program_Files/Raspberry_Pi/Pico_SDK_v1.5.1/pico-sdk/src/rp2_common/pico_stdio_uart/stdio_uart.c.obj
LOAD hw4/CMakeFiles/hw4.dir/C_/Program_Files/Raspberry_Pi/Pico_SDK_v1.5.1/pico-sdk/src/rp2_common/hardware_spi/spi.c.obj
LOAD C:\Users\Charlie\AppData\Local\Temp\ccSiOyxW.o
LOAD c:/progra~1/raspbe~1/picosd~1.1/gcc-ar~1/bin/../lib/gcc/arm-none-eabi/10.3.1/../../../../arm-none-eabi/lib/thumb/v6-m/nofp\libstdc++.a
LOAD c:/progra~1/raspbe~1/picosd~1.1/gcc-ar~1/bin/../lib/gcc/arm-none-eabi/10.3.1/../../../../arm-none-eabi/lib/thumb/v6-m/nofp\libm.a
START GROUP
LOAD c:/progra~1/raspbe~1/picosd~1.1/gcc-ar~1/bin/../lib/gcc/arm-none-eabi/10.3.1/thumb/v6-m/nofp\libgcc.a
LOAD c:/progra~1/raspbe~1/picosd~1.1/gcc-ar~1/bin/../lib/gcc/arm-none-eabi/10.3.1/../../../../arm-none-eabi/lib/thumb/v6-m/nofp\libg.a
LOAD c:/progra~1/raspbe~1/picosd~1.1/gcc-ar~1/bin/../lib/gcc/arm-none-eabi/10.3.1/../../../../arm-none-eabi/lib/thumb/v6-m/nofp\libc.a
END GROUP
START GROUP
LOAD c:/progra~1/raspbe~1/picosd~1.1/gcc-ar~1/bin/../lib/gcc/arm-none-eabi/10.3.1/thumb/v6-m/nofp\libgcc.a
LOAD c:/progra~1/raspbe~1/picosd~1.1/gcc-ar~1/bin/../lib/gcc/arm-none-eabi/10.3.1/../../../../arm-none-eabi/lib/thumb/v6-m/nofp\libc.a
LOAD c:/progra~1/raspbe~1/picosd~1.1/gcc-ar~1/bin/../lib/gcc/arm-none-eabi/10.3.1/../../../../arm-none-eabi/lib/thumb/v6-m/nofp\libnosys.a
END GROUP
LOAD c:/progra~1/raspbe~1/picosd~1.1/gcc-ar~1/bin/../lib/gcc/arm-none-eabi/10.3.1/thumb/v6-m/nofp/crtend.o
LOAD c:/progra~1/raspbe~1/picosd~1.1/gcc-ar~1/bin/../lib/gcc/arm-none-eabi/10.3.1/thumb/v6-m/nofp/crtn.o
OUTPUT(hw4\hw4.elf elf32-littlearm)
LOAD linker stubs

.ARM.attributes
                0x00000000       0x28
 .ARM.attributes
                0x00000000       0x1e c:/progra~1/raspbe~1/picosd~1.1/gcc-ar~1/bin/../lib/gcc/arm-none-eabi/10.3.1/thumb/v6-m/nofp/crti.o
 .ARM.attributes
                0x0000001e       0x2c c:/progra~1/raspbe~1/picosd~1.1/gcc-ar~1/bin/../lib/gcc/arm-none-eabi/10.3.1/thumb/v6-m/nofp/crtbegin.o
 .ARM.attributes
                0x0000004a       0x2c hw4/CMakeFiles/hw4.dir/hw4.c.obj
 .ARM.attributes
                0x00000076       0x2c hw4/CMakeFiles/hw4.dir/C_/Program_Files/Raspberry_Pi/Pico_SDK_v1.5.1/pico-sdk/src/rp2_common/hardware_gpio/gpio.c.obj
 .ARM.attributes
                0x000000a2       0x2c hw4/CMakeFiles/hw4.dir/C_/Program_Files/Raspberry_Pi/Pico_SDK_v1.5.1/pico-sdk/src/rp2_common/pico_platform/platform.c.obj
 .ARM.attributes
                0x000000ce       0x2c hw4/CMakeFiles/hw4.dir/C_/Program_Files/Raspberry_Pi/Pico_SDK_v1.5.1/pico-sdk/src/rp2_common/hardware_claim/claim.c.obj
 .ARM.attributes
                0x000000fa       0x2c hw4/CMakeFiles/hw4.dir/C_/Program_Files/Raspberry_Pi/Pico_SDK_v1.5.1/pico-sdk/src/rp2_common/hardware_sync/sync.c.obj
 .ARM.attributes
                0x00000126       0x2c hw4/CMakeFiles/hw4.dir/C_/Program_Files/Raspberry_Pi/Pico_SDK_v1.5.1/pico-sdk/src/rp2_common/hardware_irq/irq.c.obj
 .ARM.attributes
                0x00000152       0x22 hw4/CMakeFiles/hw4.dir/C_/Program_Files/Raspberry_Pi/Pico_SDK_v1.5.1/pico-sdk/src/rp2_common/hardware_irq/irq_handler_chain.S.obj
 .ARM.attributes
                0x00000174       0x2c hw4/CMakeFiles/hw4.dir/C_/Program_Files/Raspberry_Pi/Pico_SDK_v1.5.1/pico-sdk/src/common/pico_sync/lock_core.c.obj
 .ARM.attributes
                0x000001a0       0x2c hw4/CMakeFiles/hw4.dir/C_/Program_Files/Raspberry_Pi/Pico_SDK_v1.5.1/pico-sdk/src/common/pico_sync/mutex.c.obj
 .ARM.attributes
                0x000001cc       0x2c hw4/CMakeFiles/hw4.dir/C_/Program_Files/Raspberry_Pi/Pico_SDK_v1.5.1/pico-sdk/src/common/pico_time/time.c.obj
 .ARM.attributes
                0x000001f8       0x2c hw4/CMakeFiles/hw4.dir/C_/Program_Files/Raspberry_Pi/Pico_SDK_v1.5.1/pico-sdk/src/rp2_common/hardware_timer/timer.c.obj
 .ARM.attributes
                0x00000224       0x2c hw4/CMakeFiles/hw4.dir/C_/Program_Files/Raspberry_Pi/Pico_SDK_v1.5.1/pico-sdk/src/common/pico_util/pheap.c.obj
 .ARM.attributes
                0x00000250       0x2c hw4/CMakeFiles/hw4.dir/C_/Program_Files/Raspberry_Pi/Pico_SDK_v1.5.1/pico-sdk/src/rp2_common/hardware_uart/uart.c.obj
 .ARM.attributes
                0x0000027c       0x2c hw4/CMakeFiles/hw4.dir/C_/Program_Files/Raspberry_Pi/Pico_SDK_v1.5.1/pico-sdk/src/rp2_common/hardware_clocks/clocks.c.obj
 .ARM.attributes
                0x000002a8       0x2c hw4/CMakeFiles/hw4.dir/C_/Program_Files/Raspberry_Pi/Pico_SDK_v1.5.1/pico-sdk/src/rp2_common/hardware_pll/pll.c.obj
 .ARM.attributes
                0x000002d4       0x2c hw4/CMakeFiles/hw4.dir/C_/Program_Files/Raspberry_Pi/Pico_SDK_v1.5.1/pico-sdk/src/rp2_common/hardware_watchdog/watchdog.c.obj
 .ARM.attributes
                0x00000300       0x2c hw4/CMakeFiles/hw4.dir/C_/Program_Files/Raspberry_Pi/Pico_SDK_v1.5.1/pico-sdk/src/rp2_common/hardware_xosc/xosc.c.obj
 .ARM.attributes
                0x0000032c       0x2c hw4/CMakeFiles/hw4.dir/C_/Program_Files/Raspberry_Pi/Pico_SDK_v1.5.1/pico-sdk/src/rp2_common/pico_runtime/runtime.c.obj
 .ARM.attributes
                0x00000358       0x2c hw4/CMakeFiles/hw4.dir/C_/Program_Files/Raspberry_Pi/Pico_SDK_v1.5.1/pico-sdk/src/rp2_common/pico_printf/printf.c.obj
 .ARM.attributes
                0x00000384       0x22 hw4/CMakeFiles/hw4.dir/C_/Program_Files/Raspberry_Pi/Pico_SDK_v1.5.1/pico-sdk/src/rp2_common/pico_bit_ops/bit_ops_aeabi.S.obj
 .ARM.attributes
                0x000003a6       0x2c hw4/CMakeFiles/hw4.dir/C_/Program_Files/Raspberry_Pi/Pico_SDK_v1.5.1/pico-sdk/src/rp2_common/pico_bootrom/bootrom.c.obj
 .ARM.attributes
                0x000003d2       0x22 hw4/CMakeFiles/hw4.dir/C_/Program_Files/Raspberry_Pi/Pico_SDK_v1.5.1/pico-sdk/src/rp2_common/pico_divider/divider.S.obj
 .ARM.attributes
                0x000003f4       0x22 hw4/CMakeFiles/hw4.dir/C_/Program_Files/Raspberry_Pi/Pico_SDK_v1.5.1/pico-sdk/src/rp2_common/pico_double/double_aeabi.S.obj
 .ARM.attributes
                0x00000416       0x2c hw4/CMakeFiles/hw4.dir/C_/Program_Files/Raspberry_Pi/Pico_SDK_v1.5.1/pico-sdk/src/rp2_common/pico_double/double_init_rom.c.obj
 .ARM.attributes
                0x00000442       0x2c hw4/CMakeFiles/hw4.dir/C_/Program_Files/Raspberry_Pi/Pico_SDK_v1.5.1/pico-sdk/src/rp2_common/pico_double/double_math.c.obj
 .ARM.attributes
                0x0000046e       0x22 hw4/CMakeFiles/hw4.dir/C_/Program_Files/Raspberry_Pi/Pico_SDK_v1.5.1/pico-sdk/src/rp2_common/pico_double/double_v1_rom_shim.S.obj
 .ARM.attributes
                0x00000490       0x22 hw4/CMakeFiles/hw4.dir/C_/Program_Files/Raspberry_Pi/Pico_SDK_v1.5.1/pico-sdk/src/rp2_common/pico_int64_ops/pico_int64_ops_aeabi.S.obj
 .ARM.attributes
                0x000004b2       0x22 hw4/CMakeFiles/hw4.dir/C_/Program_Files/Raspberry_Pi/Pico_SDK_v1.5.1/pico-sdk/src/rp2_common/pico_float/float_aeabi.S.obj
 .ARM.attributes
                0x000004d4       0x2c hw4/CMakeFiles/hw4.dir/C_/Program_Files/Raspberry_Pi/Pico_SDK_v1.5.1/pico-sdk/src/rp2_common/pico_float/float_init_rom.c.obj
 .ARM.attributes
                0x00000500       0x22 hw4/CMakeFiles/hw4.dir/C_/Program_Files/Raspberry_Pi/Pico_SDK_v1.5.1/pico-sdk/src/rp2_common/pico_float/float_v1_rom_shim.S.obj
 .ARM.attributes
                0x00000522       0x22 hw4/CMakeFiles/hw4.dir/C_/Program_Files/Raspberry_Pi/Pico_SDK_v1.5.1/pico-sdk/src/rp2_common/pico_mem_ops/mem_ops_aeabi.S.obj
 .ARM.attributes
                0x00000544       0x22 hw4/CMakeFiles/hw4.dir/C_/Program_Files/Raspberry_Pi/Pico_SDK_v1.5.1/pico-sdk/src/rp2_common/pico_standard_link/crt0.S.obj
 .ARM.attributes
                0x00000566       0x2c hw4/CMakeFiles/hw4.dir/C_/Program_Files/Raspberry_Pi/Pico_SDK_v1.5.1/pico-sdk/src/rp2_common/pico_standard_link/binary_info.c.obj
 .ARM.attributes
                0x00000592       0x2c hw4/CMakeFiles/hw4.dir/C_/Program_Files/Raspberry_Pi/Pico_SDK_v1.5.1/pico-sdk/src/rp2_common/pico_stdio/stdio.c.obj
 .ARM.attributes
                0x000005be       0x2c hw4/CMakeFiles/hw4.dir/C_/Program_Files/Raspberry_Pi/Pico_SDK_v1.5.1/pico-sdk/src/rp2_common/pico_stdio_uart/stdio_uart.c.obj
 .ARM.attributes
                0x000005ea       0x2c hw4/CMakeFiles/hw4.dir/C_/Program_Files/Raspberry_Pi/Pico_SDK_v1.5.1/pico-sdk/src/rp2_common/hardware_spi/spi.c.obj
 .ARM.attributes
                0x00000616       0x22 C:\Users\Charlie\AppData\Local\Temp\ccSiOyxW.o
 .ARM.attributes
                0x00000638       0x1e c:/progra~1/raspbe~1/picosd~1.1/gcc-ar~1/bin/../lib/gcc/arm-none-eabi/10.3.1/thumb/v6-m/nofp\libgcc.a(_dvmd_tls.o)
 .ARM.attributes
                0x00000656       0x2c c:/progra~1/raspbe~1/picosd~1.1/gcc-ar~1/bin/../lib/gcc/arm-none-eabi/10.3.1/../../../../arm-none-eabi/lib/thumb/v6-m/nofp\libg.a(lib_a-strlen-stub.o)

.comment        0x00000000       0x49
 .comment       0x00000000       0x49 hw4/CMakeFiles/hw4.dir/hw4.c.obj
                                 0x4a (size before relaxing)
 .comment       0x00000049       0x4a hw4/CMakeFiles/hw4.dir/C_/Program_Files/Raspberry_Pi/Pico_SDK_v1.5.1/pico-sdk/src/rp2_common/hardware_gpio/gpio.c.obj
 .comment       0x00000049       0x4a hw4/CMakeFiles/hw4.dir/C_/Program_Files/Raspberry_Pi/Pico_SDK_v1.5.1/pico-sdk/src/rp2_common/pico_platform/platform.c.obj
 .comment       0x00000049       0x4a hw4/CMakeFiles/hw4.dir/C_/Program_Files/Raspberry_Pi/Pico_SDK_v1.5.1/pico-sdk/src/rp2_common/hardware_claim/claim.c.obj
 .comment       0x00000049       0x4a hw4/CMakeFiles/hw4.dir/C_/Program_Files/Raspberry_Pi/Pico_SDK_v1.5.1/pico-sdk/src/rp2_common/hardware_sync/sync.c.obj
 .comment       0x00000049       0x4a hw4/CMakeFiles/hw4.dir/C_/Program_Files/Raspberry_Pi/Pico_SDK_v1.5.1/pico-sdk/src/rp2_common/hardware_irq/irq.c.obj
 .comment       0x00000049       0x4a hw4/CMakeFiles/hw4.dir/C_/Program_Files/Raspberry_Pi/Pico_SDK_v1.5.1/pico-sdk/src/common/pico_sync/lock_core.c.obj
 .comment       0x00000049       0x4a hw4/CMakeFiles/hw4.dir/C_/Program_Files/Raspberry_Pi/Pico_SDK_v1.5.1/pico-sdk/src/common/pico_sync/mutex.c.obj
 .comment       0x00000049       0x4a hw4/CMakeFiles/hw4.dir/C_/Program_Files/Raspberry_Pi/Pico_SDK_v1.5.1/pico-sdk/src/common/pico_time/time.c.obj
 .comment       0x00000049       0x4a hw4/CMakeFiles/hw4.dir/C_/Program_Files/Raspberry_Pi/Pico_SDK_v1.5.1/pico-sdk/src/rp2_common/hardware_timer/timer.c.obj
 .comment       0x00000049       0x4a hw4/CMakeFiles/hw4.dir/C_/Program_Files/Raspberry_Pi/Pico_SDK_v1.5.1/pico-sdk/src/common/pico_util/pheap.c.obj
 .comment       0x00000049       0x4a hw4/CMakeFiles/hw4.dir/C_/Program_Files/Raspberry_Pi/Pico_SDK_v1.5.1/pico-sdk/src/rp2_common/hardware_uart/uart.c.obj
 .comment       0x00000049       0x4a hw4/CMakeFiles/hw4.dir/C_/Program_Files/Raspberry_Pi/Pico_SDK_v1.5.1/pico-sdk/src/rp2_common/hardware_clocks/clocks.c.obj
 .comment       0x00000049       0x4a hw4/CMakeFiles/hw4.dir/C_/Program_Files/Raspberry_Pi/Pico_SDK_v1.5.1/pico-sdk/src/rp2_common/hardware_pll/pll.c.obj
 .comment       0x00000049       0x4a hw4/CMakeFiles/hw4.dir/C_/Program_Files/Raspberry_Pi/Pico_SDK_v1.5.1/pico-sdk/src/rp2_common/hardware_watchdog/watchdog.c.obj
 .comment       0x00000049       0x4a hw4/CMakeFiles/hw4.dir/C_/Program_Files/Raspberry_Pi/Pico_SDK_v1.5.1/pico-sdk/src/rp2_common/hardware_xosc/xosc.c.obj
 .comment       0x00000049       0x4a hw4/CMakeFiles/hw4.dir/C_/Program_Files/Raspberry_Pi/Pico_SDK_v1.5.1/pico-sdk/src/rp2_common/pico_runtime/runtime.c.obj
 .comment       0x00000049       0x4a hw4/CMakeFiles/hw4.dir/C_/Program_Files/Raspberry_Pi/Pico_SDK_v1.5.1/pico-sdk/src/rp2_common/pico_printf/printf.c.obj
 .comment       0x00000049       0x4a hw4/CMakeFiles/hw4.dir/C_/Program_Files/Raspberry_Pi/Pico_SDK_v1.5.1/pico-sdk/src/rp2_common/pico_bootrom/bootrom.c.obj
 .comment       0x00000049       0x4a hw4/CMakeFiles/hw4.dir/C_/Program_Files/Raspberry_Pi/Pico_SDK_v1.5.1/pico-sdk/src/rp2_common/pico_double/double_init_rom.c.obj
 .comment       0x00000049       0x4a hw4/CMakeFiles/hw4.dir/C_/Program_Files/Raspberry_Pi/Pico_SDK_v1.5.1/pico-sdk/src/rp2_common/pico_double/double_math.c.obj
 .comment       0x00000049       0x4a hw4/CMakeFiles/hw4.dir/C_/Program_Files/Raspberry_Pi/Pico_SDK_v1.5.1/pico-sdk/src/rp2_common/pico_float/float_init_rom.c.obj
 .comment       0x00000049       0x4a hw4/CMakeFiles/hw4.dir/C_/Program_Files/Raspberry_Pi/Pico_SDK_v1.5.1/pico-sdk/src/rp2_common/pico_standard_link/binary_info.c.obj